<!doctype html public "-//w3c//dtd html 4.0 transitional//en">
<html><head>
<title>Static Call Graph - [InfoNES\InfoNES.axf]</title></head>
<body><HR>
<H1>Static Call Graph for image InfoNES\InfoNES.axf</H1><HR>
<BR><P>#&#060CALLGRAPH&#062# ARM Linker, 5060750: Last Updated: Tue Jul 30 15:46:00 2024
<BR><P>
<H3>Maximum Stack Usage =       1628 bytes + Unknown(Functions without stacksize, Cycles, Untraceable Function Pointers)</H3><H3>
Call chain for Maximum Stack Depth:</H3>
main &rArr; my_main &rArr; Menu_Del &rArr; Game_Init &rArr; nes_load &rArr; f_open &rArr; dir_register &rArr; dir_find &rArr; dir_next &rArr; create_chain &rArr; put_fat &rArr; move_window &rArr; sync_window &rArr; disk_write &rArr; W25QXX_FatFs_Write &rArr; W25QXX_Write &rArr; W25QXX_Write_NoCheck &rArr; W25QXX_Write_Page &rArr; W25QXX_Wait_Busy &rArr; W25QXX_ReadSR
<P>
<H3>
Functions with no stack information
</H3><UL>
 <LI><a href="#[3e4]">map67_0</a>
 <LI><a href="#[2b3]">map67_</a>
 <LI><a href="#[29a]">map89_</a>
 <LI><a href="#[29b]">mapAB_</a>
 <LI><a href="#[29c]">mapCD_</a>
 <LI><a href="#[29d]">mapEF_</a>
 <LI><a href="#[3e5]">map89ABCDEF_</a>
 <LI><a href="#[20]">PPU_W</a>
 <LI><a href="#[18]">PPU_R</a>
 <LI><a href="#[83]">_00</a>
 <LI><a href="#[84]">_01</a>
 <LI><a href="#[87]">_05</a>
 <LI><a href="#[88]">_06</a>
 <LI><a href="#[8a]">_08</a>
 <LI><a href="#[8b]">_09</a>
 <LI><a href="#[8c]">_0A</a>
 <LI><a href="#[8d]">_0D</a>
 <LI><a href="#[8e]">_0E</a>
 <LI><a href="#[8f]">_10</a>
 <LI><a href="#[90]">_11</a>
 <LI><a href="#[92]">_15</a>
 <LI><a href="#[93]">_16</a>
 <LI><a href="#[94]">_18</a>
 <LI><a href="#[95]">_19</a>
 <LI><a href="#[96]">_1D</a>
 <LI><a href="#[97]">_1E</a>
 <LI><a href="#[98]">_20</a>
 <LI><a href="#[99]">_21</a>
 <LI><a href="#[9a]">_24</a>
 <LI><a href="#[9b]">_25</a>
 <LI><a href="#[9c]">_26</a>
 <LI><a href="#[9d]">_28</a>
 <LI><a href="#[9e]">_29</a>
 <LI><a href="#[9f]">_2A</a>
 <LI><a href="#[a0]">_2C</a>
 <LI><a href="#[a1]">_2D</a>
 <LI><a href="#[a2]">_2E</a>
 <LI><a href="#[a3]">_30</a>
 <LI><a href="#[a4]">_31</a>
 <LI><a href="#[a5]">_35</a>
 <LI><a href="#[a6]">_36</a>
 <LI><a href="#[a7]">_38</a>
 <LI><a href="#[a8]">_39</a>
 <LI><a href="#[a9]">_3D</a>
 <LI><a href="#[aa]">_3E</a>
 <LI><a href="#[ab]">_40</a>
 <LI><a href="#[ac]">_41</a>
 <LI><a href="#[ad]">_45</a>
 <LI><a href="#[ae]">_46</a>
 <LI><a href="#[af]">_48</a>
 <LI><a href="#[b0]">_49</a>
 <LI><a href="#[b1]">_4A</a>
 <LI><a href="#[b2]">_4C</a>
 <LI><a href="#[b3]">_4D</a>
 <LI><a href="#[b4]">_4E</a>
 <LI><a href="#[b5]">_50</a>
 <LI><a href="#[b6]">_51</a>
 <LI><a href="#[b7]">_55</a>
 <LI><a href="#[b8]">_56</a>
 <LI><a href="#[b9]">_58</a>
 <LI><a href="#[ba]">_59</a>
 <LI><a href="#[bb]">_5D</a>
 <LI><a href="#[bc]">_5E</a>
 <LI><a href="#[bd]">_60</a>
 <LI><a href="#[be]">_61</a>
 <LI><a href="#[bf]">_65</a>
 <LI><a href="#[c0]">_66</a>
 <LI><a href="#[c2]">_68</a>
 <LI><a href="#[c3]">_69</a>
 <LI><a href="#[c4]">_6A</a>
 <LI><a href="#[c5]">_6C</a>
 <LI><a href="#[c6]">_6D</a>
 <LI><a href="#[c7]">_6E</a>
 <LI><a href="#[c8]">_70</a>
 <LI><a href="#[c9]">_71</a>
 <LI><a href="#[ca]">_75</a>
 <LI><a href="#[cb]">_76</a>
 <LI><a href="#[cc]">_78</a>
 <LI><a href="#[cd]">_79</a>
 <LI><a href="#[ce]">_7D</a>
 <LI><a href="#[cf]">_7E</a>
 <LI><a href="#[d0]">_81</a>
 <LI><a href="#[d1]">_84</a>
 <LI><a href="#[d2]">_85</a>
 <LI><a href="#[d3]">_86</a>
 <LI><a href="#[d4]">_88</a>
 <LI><a href="#[d5]">_8A</a>
 <LI><a href="#[d6]">_8C</a>
 <LI><a href="#[d7]">_8D</a>
 <LI><a href="#[d8]">_8E</a>
 <LI><a href="#[d9]">_90</a>
 <LI><a href="#[da]">_91</a>
 <LI><a href="#[db]">_94</a>
 <LI><a href="#[dc]">_95</a>
 <LI><a href="#[dd]">_96</a>
 <LI><a href="#[de]">_98</a>
 <LI><a href="#[df]">_99</a>
 <LI><a href="#[e0]">_9A</a>
 <LI><a href="#[e1]">_9D</a>
 <LI><a href="#[e2]">_A0</a>
 <LI><a href="#[e3]">_A1</a>
 <LI><a href="#[e4]">_A2</a>
 <LI><a href="#[e5]">_A4</a>
 <LI><a href="#[e6]">_A5</a>
 <LI><a href="#[e7]">_A6</a>
 <LI><a href="#[e8]">_A8</a>
 <LI><a href="#[e9]">_A9</a>
 <LI><a href="#[ea]">_AA</a>
 <LI><a href="#[eb]">_AC</a>
 <LI><a href="#[ec]">_AD</a>
 <LI><a href="#[ed]">_AE</a>
 <LI><a href="#[ee]">_B0</a>
 <LI><a href="#[ef]">_B1</a>
 <LI><a href="#[f0]">_B4</a>
 <LI><a href="#[f1]">_B5</a>
 <LI><a href="#[f2]">_B6</a>
 <LI><a href="#[f3]">_B8</a>
 <LI><a href="#[f4]">_B9</a>
 <LI><a href="#[f5]">_BA</a>
 <LI><a href="#[f6]">_BC</a>
 <LI><a href="#[f7]">_BD</a>
 <LI><a href="#[f8]">_BE</a>
 <LI><a href="#[f9]">_C0</a>
 <LI><a href="#[fa]">_C1</a>
 <LI><a href="#[fb]">_C4</a>
 <LI><a href="#[fc]">_C5</a>
 <LI><a href="#[fd]">_C6</a>
 <LI><a href="#[fe]">_C8</a>
 <LI><a href="#[ff]">_C9</a>
 <LI><a href="#[100]">_CA</a>
 <LI><a href="#[101]">_CC</a>
 <LI><a href="#[102]">_CD</a>
 <LI><a href="#[103]">_CE</a>
 <LI><a href="#[104]">_D0</a>
 <LI><a href="#[105]">_D1</a>
 <LI><a href="#[106]">_D5</a>
 <LI><a href="#[107]">_D6</a>
 <LI><a href="#[108]">_D8</a>
 <LI><a href="#[109]">_D9</a>
 <LI><a href="#[10a]">_DD</a>
 <LI><a href="#[10b]">_DE</a>
 <LI><a href="#[10c]">_E0</a>
 <LI><a href="#[10d]">_E1</a>
 <LI><a href="#[10e]">_E4</a>
 <LI><a href="#[10f]">_E5</a>
 <LI><a href="#[110]">_E6</a>
 <LI><a href="#[111]">_E8</a>
 <LI><a href="#[112]">_E9</a>
 <LI><a href="#[113]">_EA</a>
 <LI><a href="#[114]">_EC</a>
 <LI><a href="#[115]">_ED</a>
 <LI><a href="#[116]">_EE</a>
 <LI><a href="#[117]">_F0</a>
 <LI><a href="#[118]">_F1</a>
 <LI><a href="#[119]">_F5</a>
 <LI><a href="#[11a]">_F6</a>
 <LI><a href="#[11b]">_F8</a>
 <LI><a href="#[11c]">_F9</a>
 <LI><a href="#[11e]">_FD</a>
 <LI><a href="#[11f]">_FE</a>
 <LI><a href="#[120]">_FF</a>
 <LI><a href="#[11d]">_FB</a>
 <LI><a href="#[91]">_14</a>
 <LI><a href="#[c1]">_67</a>
 <LI><a href="#[86]">_03</a>
 <LI><a href="#[89]">_07</a>
 <LI><a href="#[85]">_xx</a>
 <LI><a href="#[24]">exit_run</a>
 <LI><a href="#[1bc]">VecCont</a>
 <LI><a href="#[19]">IO_R</a>
 <LI><a href="#[21]">IO_W</a>
 <LI><a href="#[1a1]">apu_w</a>
 <LI><a href="#[1a3]">apu_4015w</a>
 <LI><a href="#[1a5]">apu_4017w</a>
 <LI><a href="#[19e]">apu_4015R</a>
 <LI><a href="#[1a2]">dma_W</a>
 <LI><a href="#[1a4]">joy0_W</a>
 <LI><a href="#[19f]">joy0_R</a>
 <LI><a href="#[1a0]">joy1_R</a>
 <LI><a href="#[1a6]">Mapper_W</a>
 <LI><a href="#[3c7]">empty_R</a>
 <LI><a href="#[17]">ram_R</a>
 <LI><a href="#[1f]">ram_W</a>
 <LI><a href="#[1a]">sram_R</a>
 <LI><a href="#[22]">sram_W</a>
 <LI><a href="#[1b]">rom_R80</a>
 <LI><a href="#[1c]">rom_RA0</a>
 <LI><a href="#[1d]">rom_RC0</a>
 <LI><a href="#[1e]">rom_RE0</a>
</UL>
</UL>
<P>
<H3>
Mutually Recursive functions
</H3> <LI><a href="#[41]">ADC_IRQHandler</a>&nbsp;&nbsp;&nbsp;&rArr;&nbsp;&nbsp;&nbsp;<a href="#[41]">ADC_IRQHandler</a><BR>
 <LI><a href="#[29]">BusFault_Handler</a>&nbsp;&nbsp;&nbsp;&rArr;&nbsp;&nbsp;&nbsp;<a href="#[29]">BusFault_Handler</a><BR>
 <LI><a href="#[27]">HardFault_Handler</a>&nbsp;&nbsp;&nbsp;&rArr;&nbsp;&nbsp;&nbsp;<a href="#[27]">HardFault_Handler</a><BR>
 <LI><a href="#[28]">MemManage_Handler</a>&nbsp;&nbsp;&nbsp;&rArr;&nbsp;&nbsp;&nbsp;<a href="#[28]">MemManage_Handler</a><BR>
 <LI><a href="#[26]">NMI_Handler</a>&nbsp;&nbsp;&nbsp;&rArr;&nbsp;&nbsp;&nbsp;<a href="#[26]">NMI_Handler</a><BR>
 <LI><a href="#[2a]">UsageFault_Handler</a>&nbsp;&nbsp;&nbsp;&rArr;&nbsp;&nbsp;&nbsp;<a href="#[2a]">UsageFault_Handler</a><BR>
</UL>
<P>
<H3>
Function Pointers
</H3><UL>
 <LI><a href="#[41]">ADC_IRQHandler</a> from startup_stm32f407xx.o(.text) referenced from startup_stm32f407xx.o(RESET)
 <LI><a href="#[29]">BusFault_Handler</a> from stm32f4xx_it.o(i.BusFault_Handler) referenced from startup_stm32f407xx.o(RESET)
 <LI><a href="#[43]">CAN1_RX0_IRQHandler</a> from startup_stm32f407xx.o(.text) referenced from startup_stm32f407xx.o(RESET)
 <LI><a href="#[44]">CAN1_RX1_IRQHandler</a> from startup_stm32f407xx.o(.text) referenced from startup_stm32f407xx.o(RESET)
 <LI><a href="#[45]">CAN1_SCE_IRQHandler</a> from startup_stm32f407xx.o(.text) referenced from startup_stm32f407xx.o(RESET)
 <LI><a href="#[42]">CAN1_TX_IRQHandler</a> from startup_stm32f407xx.o(.text) referenced from startup_stm32f407xx.o(RESET)
 <LI><a href="#[6f]">CAN2_RX0_IRQHandler</a> from startup_stm32f407xx.o(.text) referenced from startup_stm32f407xx.o(RESET)
 <LI><a href="#[70]">CAN2_RX1_IRQHandler</a> from startup_stm32f407xx.o(.text) referenced from startup_stm32f407xx.o(RESET)
 <LI><a href="#[71]">CAN2_SCE_IRQHandler</a> from startup_stm32f407xx.o(.text) referenced from startup_stm32f407xx.o(RESET)
 <LI><a href="#[6e]">CAN2_TX_IRQHandler</a> from startup_stm32f407xx.o(.text) referenced from startup_stm32f407xx.o(RESET)
 <LI><a href="#[7d]">DCMI_IRQHandler</a> from startup_stm32f407xx.o(.text) referenced from startup_stm32f407xx.o(RESET)
 <LI><a href="#[3a]">DMA1_Stream0_IRQHandler</a> from startup_stm32f407xx.o(.text) referenced from startup_stm32f407xx.o(RESET)
 <LI><a href="#[3b]">DMA1_Stream1_IRQHandler</a> from startup_stm32f407xx.o(.text) referenced from startup_stm32f407xx.o(RESET)
 <LI><a href="#[3c]">DMA1_Stream2_IRQHandler</a> from startup_stm32f407xx.o(.text) referenced from startup_stm32f407xx.o(RESET)
 <LI><a href="#[3d]">DMA1_Stream3_IRQHandler</a> from startup_stm32f407xx.o(.text) referenced from startup_stm32f407xx.o(RESET)
 <LI><a href="#[3e]">DMA1_Stream4_IRQHandler</a> from startup_stm32f407xx.o(.text) referenced from startup_stm32f407xx.o(RESET)
 <LI><a href="#[3f]">DMA1_Stream5_IRQHandler</a> from startup_stm32f407xx.o(.text) referenced from startup_stm32f407xx.o(RESET)
 <LI><a href="#[40]">DMA1_Stream6_IRQHandler</a> from stm32f4xx_it.o(i.DMA1_Stream6_IRQHandler) referenced from startup_stm32f407xx.o(RESET)
 <LI><a href="#[5e]">DMA1_Stream7_IRQHandler</a> from startup_stm32f407xx.o(.text) referenced from startup_stm32f407xx.o(RESET)
 <LI><a href="#[67]">DMA2_Stream0_IRQHandler</a> from stm32f4xx_it.o(i.DMA2_Stream0_IRQHandler) referenced from startup_stm32f407xx.o(RESET)
 <LI><a href="#[68]">DMA2_Stream1_IRQHandler</a> from startup_stm32f407xx.o(.text) referenced from startup_stm32f407xx.o(RESET)
 <LI><a href="#[69]">DMA2_Stream2_IRQHandler</a> from startup_stm32f407xx.o(.text) referenced from startup_stm32f407xx.o(RESET)
 <LI><a href="#[6a]">DMA2_Stream3_IRQHandler</a> from stm32f4xx_it.o(i.DMA2_Stream3_IRQHandler) referenced from startup_stm32f407xx.o(RESET)
 <LI><a href="#[6b]">DMA2_Stream4_IRQHandler</a> from startup_stm32f407xx.o(.text) referenced from startup_stm32f407xx.o(RESET)
 <LI><a href="#[73]">DMA2_Stream5_IRQHandler</a> from startup_stm32f407xx.o(.text) referenced from startup_stm32f407xx.o(RESET)
 <LI><a href="#[74]">DMA2_Stream6_IRQHandler</a> from startup_stm32f407xx.o(.text) referenced from startup_stm32f407xx.o(RESET)
 <LI><a href="#[75]">DMA2_Stream7_IRQHandler</a> from startup_stm32f407xx.o(.text) referenced from startup_stm32f407xx.o(RESET)
 <LI><a href="#[2c]">DebugMon_Handler</a> from stm32f4xx_it.o(i.DebugMon_Handler) referenced from startup_stm32f407xx.o(RESET)
 <LI><a href="#[6c]">ETH_IRQHandler</a> from startup_stm32f407xx.o(.text) referenced from startup_stm32f407xx.o(RESET)
 <LI><a href="#[6d]">ETH_WKUP_IRQHandler</a> from startup_stm32f407xx.o(.text) referenced from startup_stm32f407xx.o(RESET)
 <LI><a href="#[35]">EXTI0_IRQHandler</a> from startup_stm32f407xx.o(.text) referenced from startup_stm32f407xx.o(RESET)
 <LI><a href="#[57]">EXTI15_10_IRQHandler</a> from startup_stm32f407xx.o(.text) referenced from startup_stm32f407xx.o(RESET)
 <LI><a href="#[36]">EXTI1_IRQHandler</a> from startup_stm32f407xx.o(.text) referenced from startup_stm32f407xx.o(RESET)
 <LI><a href="#[37]">EXTI2_IRQHandler</a> from startup_stm32f407xx.o(.text) referenced from startup_stm32f407xx.o(RESET)
 <LI><a href="#[38]">EXTI3_IRQHandler</a> from startup_stm32f407xx.o(.text) referenced from startup_stm32f407xx.o(RESET)
 <LI><a href="#[39]">EXTI4_IRQHandler</a> from startup_stm32f407xx.o(.text) referenced from startup_stm32f407xx.o(RESET)
 <LI><a href="#[46]">EXTI9_5_IRQHandler</a> from startup_stm32f407xx.o(.text) referenced from startup_stm32f407xx.o(RESET)
 <LI><a href="#[33]">FLASH_IRQHandler</a> from startup_stm32f407xx.o(.text) referenced from startup_stm32f407xx.o(RESET)
 <LI><a href="#[5f]">FMC_IRQHandler</a> from startup_stm32f407xx.o(.text) referenced from startup_stm32f407xx.o(RESET)
 <LI><a href="#[7f]">FPU_IRQHandler</a> from startup_stm32f407xx.o(.text) referenced from startup_stm32f407xx.o(RESET)
 <LI><a href="#[7e]">HASH_RNG_IRQHandler</a> from startup_stm32f407xx.o(.text) referenced from startup_stm32f407xx.o(RESET)
 <LI><a href="#[27]">HardFault_Handler</a> from stm32f4xx_it.o(i.HardFault_Handler) referenced from startup_stm32f407xx.o(RESET)
 <LI><a href="#[4f]">I2C1_ER_IRQHandler</a> from startup_stm32f407xx.o(.text) referenced from startup_stm32f407xx.o(RESET)
 <LI><a href="#[4e]">I2C1_EV_IRQHandler</a> from startup_stm32f407xx.o(.text) referenced from startup_stm32f407xx.o(RESET)
 <LI><a href="#[51]">I2C2_ER_IRQHandler</a> from startup_stm32f407xx.o(.text) referenced from startup_stm32f407xx.o(RESET)
 <LI><a href="#[50]">I2C2_EV_IRQHandler</a> from startup_stm32f407xx.o(.text) referenced from startup_stm32f407xx.o(RESET)
 <LI><a href="#[78]">I2C3_ER_IRQHandler</a> from startup_stm32f407xx.o(.text) referenced from startup_stm32f407xx.o(RESET)
 <LI><a href="#[77]">I2C3_EV_IRQHandler</a> from startup_stm32f407xx.o(.text) referenced from startup_stm32f407xx.o(RESET)
 <LI><a href="#[19]">IO_R</a> from 6502.o(io_code) referenced 2 times from 6502.o(wram_globals0)
 <LI><a href="#[21]">IO_W</a> from 6502.o(io_code) referenced 2 times from 6502.o(wram_globals0)
 <LI><a href="#[127]">MAP0_Reset</a> from nes_mapper.o(i.MAP0_Reset) referenced from nes_mapper.o(i.MAP0_Init)
 <LI><a href="#[129]">MAP113_MemoryWrite</a> from nes_mapper.o(i.MAP113_MemoryWrite) referenced from nes_mapper.o(i.MAP113_Init)
 <LI><a href="#[12a]">MAP113_MemoryWriteLow</a> from nes_mapper.o(i.MAP113_MemoryWriteLow) referenced from nes_mapper.o(i.MAP113_Init)
 <LI><a href="#[128]">MAP113_Reset</a> from nes_mapper.o(i.MAP113_Reset) referenced from nes_mapper.o(i.MAP113_Init)
 <LI><a href="#[12c]">MAP11_MemoryWrite</a> from nes_mapper.o(i.MAP11_MemoryWrite) referenced from nes_mapper.o(i.MAP11_Init)
 <LI><a href="#[12b]">MAP11_Reset</a> from nes_mapper.o(i.MAP11_Reset) referenced from nes_mapper.o(i.MAP11_Init)
 <LI><a href="#[12e]">MAP13_MemoryWrite</a> from nes_mapper.o(i.MAP13_MemoryWrite) referenced from nes_mapper.o(i.MAP13_Init)
 <LI><a href="#[12d]">MAP13_Reset</a> from nes_mapper.o(i.MAP13_Reset) referenced from nes_mapper.o(i.MAP13_Init)
 <LI><a href="#[130]">MAP15_MemoryWrite</a> from nes_mapper.o(i.MAP15_MemoryWrite) referenced from nes_mapper.o(i.MAP15_Init)
 <LI><a href="#[12f]">MAP15_Reset</a> from nes_mapper.o(i.MAP15_Reset) referenced from nes_mapper.o(i.MAP15_Init)
 <LI><a href="#[133]">MAP16_HSync</a> from nes_mapper.o(i.MAP16_HSync) referenced from nes_mapper.o(i.MAP16_Init)
 <LI><a href="#[132]">MAP16_MemoryWrite</a> from nes_mapper.o(i.MAP16_MemoryWrite) referenced from nes_mapper.o(i.MAP16_Init)
 <LI><a href="#[131]">MAP16_Reset</a> from nes_mapper.o(i.MAP16_Reset) referenced from nes_mapper.o(i.MAP16_Init)
 <LI><a href="#[136]">MAP17_HSync</a> from nes_mapper.o(i.MAP17_HSync) referenced from nes_mapper.o(i.MAP17_Init)
 <LI><a href="#[135]">MAP17_MemoryWriteLow</a> from nes_mapper.o(i.MAP17_MemoryWriteLow) referenced from nes_mapper.o(i.MAP17_Init)
 <LI><a href="#[134]">MAP17_Reset</a> from nes_mapper.o(i.MAP17_Reset) referenced from nes_mapper.o(i.MAP17_Init)
 <LI><a href="#[139]">MAP189_HSync</a> from nes_mapper.o(i.MAP189_HSync) referenced from nes_mapper.o(i.MAP189_Init)
 <LI><a href="#[138]">MAP189_MemoryWrite</a> from nes_mapper.o(i.MAP189_MemoryWrite) referenced from nes_mapper.o(i.MAP189_Init)
 <LI><a href="#[137]">MAP189_Reset</a> from nes_mapper.o(i.MAP189_Reset) referenced from nes_mapper.o(i.MAP189_Init)
 <LI><a href="#[13c]">MAP18_HSync</a> from nes_mapper.o(i.MAP18_HSync) referenced from nes_mapper.o(i.MAP18_Init)
 <LI><a href="#[13b]">MAP18_MemoryWrite</a> from nes_mapper.o(i.MAP18_MemoryWrite) referenced from nes_mapper.o(i.MAP18_Init)
 <LI><a href="#[13a]">MAP18_Reset</a> from nes_mapper.o(i.MAP18_Reset) referenced from nes_mapper.o(i.MAP18_Init)
 <LI><a href="#[13f]">MAP19_HSync</a> from nes_mapper.o(i.MAP19_HSync) referenced from nes_mapper.o(i.MAP19_Init)
 <LI><a href="#[13e]">MAP19_MemoryWrite</a> from nes_mapper.o(i.MAP19_MemoryWrite) referenced from nes_mapper.o(i.MAP19_Init)
 <LI><a href="#[13d]">MAP19_Reset</a> from nes_mapper.o(i.MAP19_Reset) referenced from nes_mapper.o(i.MAP19_Init)
 <LI><a href="#[141]">MAP1_MemoryWrite</a> from nes_mapper.o(i.MAP1_MemoryWrite) referenced from nes_mapper.o(i.MAP1_Init)
 <LI><a href="#[140]">MAP1_Reset</a> from nes_mapper.o(i.MAP1_Reset) referenced from nes_mapper.o(i.MAP1_Init)
 <LI><a href="#[144]">MAP21_HSync</a> from nes_mapper.o(i.MAP21_HSync) referenced from nes_mapper.o(i.MAP21_Init)
 <LI><a href="#[143]">MAP21_MemoryWrite</a> from nes_mapper.o(i.MAP21_MemoryWrite) referenced from nes_mapper.o(i.MAP21_Init)
 <LI><a href="#[142]">MAP21_Reset</a> from nes_mapper.o(i.MAP21_Reset) referenced from nes_mapper.o(i.MAP21_Init)
 <LI><a href="#[146]">MAP225_MemoryWrite</a> from nes_mapper.o(i.MAP225_MemoryWrite) referenced from nes_mapper.o(i.MAP225_Init)
 <LI><a href="#[145]">MAP225_Reset</a> from nes_mapper.o(i.MAP225_Reset) referenced from nes_mapper.o(i.MAP225_Init)
 <LI><a href="#[148]">MAP227_MemoryWrite</a> from nes_mapper.o(i.MAP227_MemoryWrite) referenced from nes_mapper.o(i.MAP227_Init)
 <LI><a href="#[147]">MAP227_Reset</a> from nes_mapper.o(i.MAP227_Reset) referenced from nes_mapper.o(i.MAP227_Init)
 <LI><a href="#[14a]">MAP22_MemoryWrite</a> from nes_mapper.o(i.MAP22_MemoryWrite) referenced from nes_mapper.o(i.MAP22_Init)
 <LI><a href="#[149]">MAP22_Reset</a> from nes_mapper.o(i.MAP22_Reset) referenced from nes_mapper.o(i.MAP22_Init)
 <LI><a href="#[14d]">MAP23_HSync</a> from nes_mapper.o(i.MAP23_HSync) referenced from nes_mapper.o(i.MAP23_Init)
 <LI><a href="#[14c]">MAP23_MemoryWrite</a> from nes_mapper.o(i.MAP23_MemoryWrite) referenced from nes_mapper.o(i.MAP23_Init)
 <LI><a href="#[14b]">MAP23_Reset</a> from nes_mapper.o(i.MAP23_Reset) referenced from nes_mapper.o(i.MAP23_Init)
 <LI><a href="#[14f]">MAP240_MemoryWriteLow</a> from nes_mapper.o(i.MAP240_MemoryWriteLow) referenced from nes_mapper.o(i.MAP240_Init)
 <LI><a href="#[14e]">MAP240_Reset</a> from nes_mapper.o(i.MAP240_Reset) referenced from nes_mapper.o(i.MAP240_Init)
 <LI><a href="#[151]">MAP245_MemoryWrite</a> from nes_mapper.o(i.MAP245_MemoryWrite) referenced from nes_mapper.o(i.MAP245_Init)
 <LI><a href="#[150]">MAP245_Reset</a> from nes_mapper.o(i.MAP245_Reset) referenced from nes_mapper.o(i.MAP245_Init)
 <LI><a href="#[154]">MAP24_HSync</a> from nes_mapper.o(i.MAP24_HSync) referenced from nes_mapper.o(i.MAP24_Init)
 <LI><a href="#[153]">MAP24_MemoryWrite</a> from nes_mapper.o(i.MAP24_MemoryWrite) referenced from nes_mapper.o(i.MAP24_Init)
 <LI><a href="#[152]">MAP24_Reset</a> from nes_mapper.o(i.MAP24_Reset) referenced from nes_mapper.o(i.MAP24_Init)
 <LI><a href="#[157]">MAP25_HSync</a> from nes_mapper.o(i.MAP25_HSync) referenced from nes_mapper.o(i.MAP25_Init)
 <LI><a href="#[156]">MAP25_MemoryWrite</a> from nes_mapper.o(i.MAP25_MemoryWrite) referenced from nes_mapper.o(i.MAP25_Init)
 <LI><a href="#[155]">MAP25_Reset</a> from nes_mapper.o(i.MAP25_Reset) referenced from nes_mapper.o(i.MAP25_Init)
 <LI><a href="#[159]">MAP2_MemoryWrite</a> from nes_mapper.o(i.MAP2_MemoryWrite) referenced from nes_mapper.o(i.MAP2_Init)
 <LI><a href="#[158]">MAP2_Reset</a> from nes_mapper.o(i.MAP2_Reset) referenced from nes_mapper.o(i.MAP2_Init)
 <LI><a href="#[15b]">MAP32_MemoryWrite</a> from nes_mapper.o(i.MAP32_MemoryWrite) referenced from nes_mapper.o(i.MAP32_Init)
 <LI><a href="#[15a]">MAP32_Reset</a> from nes_mapper.o(i.MAP32_Reset) referenced from nes_mapper.o(i.MAP32_Init)
 <LI><a href="#[15e]">MAP33_HSync</a> from nes_mapper.o(i.MAP33_HSync) referenced from nes_mapper.o(i.MAP33_Init)
 <LI><a href="#[15d]">MAP33_MemoryWrite</a> from nes_mapper.o(i.MAP33_MemoryWrite) referenced from nes_mapper.o(i.MAP33_Init)
 <LI><a href="#[15c]">MAP33_Reset</a> from nes_mapper.o(i.MAP33_Reset) referenced from nes_mapper.o(i.MAP33_Init)
 <LI><a href="#[160]">MAP34_MemoryWrite</a> from nes_mapper.o(i.MAP34_MemoryWrite) referenced from nes_mapper.o(i.MAP34_Init)
 <LI><a href="#[15f]">MAP34_Reset</a> from nes_mapper.o(i.MAP34_Reset) referenced from nes_mapper.o(i.MAP34_Init)
 <LI><a href="#[162]">MAP3_MemoryWrite</a> from nes_mapper.o(i.MAP3_MemoryWrite) referenced from nes_mapper.o(i.MAP3_Init)
 <LI><a href="#[161]">MAP3_Reset</a> from nes_mapper.o(i.MAP3_Reset) referenced from nes_mapper.o(i.MAP3_Init)
 <LI><a href="#[165]">MAP4_HSync</a> from nes_mapper.o(i.MAP4_HSync) referenced from nes_mapper.o(i.MAP4_Init)
 <LI><a href="#[164]">MAP4_MemoryWrite</a> from nes_mapper.o(i.MAP4_MemoryWrite) referenced from nes_mapper.o(i.MAP4_Init)
 <LI><a href="#[163]">MAP4_Reset</a> from nes_mapper.o(i.MAP4_Reset) referenced from nes_mapper.o(i.MAP4_Init)
 <LI><a href="#[168]">MAP64_HSync</a> from nes_mapper.o(i.MAP64_HSync) referenced from nes_mapper.o(i.MAP64_Init)
 <LI><a href="#[167]">MAP64_MemoryWrite</a> from nes_mapper.o(i.MAP64_MemoryWrite) referenced from nes_mapper.o(i.MAP64_Init)
 <LI><a href="#[166]">MAP64_Reset</a> from nes_mapper.o(i.MAP64_Reset) referenced from nes_mapper.o(i.MAP64_Init)
 <LI><a href="#[16b]">MAP65_HSync</a> from nes_mapper.o(i.MAP65_HSync) referenced from nes_mapper.o(i.MAP65_Init)
 <LI><a href="#[16a]">MAP65_MemoryWrite</a> from nes_mapper.o(i.MAP65_MemoryWrite) referenced from nes_mapper.o(i.MAP65_Init)
 <LI><a href="#[169]">MAP65_Reset</a> from nes_mapper.o(i.MAP65_Reset) referenced from nes_mapper.o(i.MAP65_Init)
 <LI><a href="#[16d]">MAP66_MemoryWrite</a> from nes_mapper.o(i.MAP66_MemoryWrite) referenced from nes_mapper.o(i.MAP66_Init)
 <LI><a href="#[16c]">MAP66_Reset</a> from nes_mapper.o(i.MAP66_Reset) referenced from nes_mapper.o(i.MAP66_Init)
 <LI><a href="#[170]">MAP67_HSync</a> from nes_mapper.o(i.MAP67_HSync) referenced from nes_mapper.o(i.MAP67_Init)
 <LI><a href="#[16f]">MAP67_MemoryWrite</a> from nes_mapper.o(i.MAP67_MemoryWrite) referenced from nes_mapper.o(i.MAP67_Init)
 <LI><a href="#[16e]">MAP67_Reset</a> from nes_mapper.o(i.MAP67_Reset) referenced from nes_mapper.o(i.MAP67_Init)
 <LI><a href="#[173]">MAP69_HSync</a> from nes_mapper.o(i.MAP69_HSync) referenced from nes_mapper.o(i.MAP69_Init)
 <LI><a href="#[172]">MAP69_MemoryWrite</a> from nes_mapper.o(i.MAP69_MemoryWrite) referenced from nes_mapper.o(i.MAP69_Init)
 <LI><a href="#[171]">MAP69_Reset</a> from nes_mapper.o(i.MAP69_Reset) referenced from nes_mapper.o(i.MAP69_Init)
 <LI><a href="#[176]">MAP6_HSync</a> from nes_mapper.o(i.MAP6_HSync) referenced from nes_mapper.o(i.MAP6_Init)
 <LI><a href="#[175]">MAP6_MemoryWrite</a> from nes_mapper.o(i.MAP6_MemoryWrite) referenced from nes_mapper.o(i.MAP6_Init)
 <LI><a href="#[177]">MAP6_MemoryWriteLow</a> from nes_mapper.o(i.MAP6_MemoryWriteLow) referenced from nes_mapper.o(i.MAP6_Init)
 <LI><a href="#[174]">MAP6_Reset</a> from nes_mapper.o(i.MAP6_Reset) referenced from nes_mapper.o(i.MAP6_Init)
 <LI><a href="#[179]">MAP70_MemoryWrite</a> from nes_mapper.o(i.MAP70_MemoryWrite) referenced from nes_mapper.o(i.MAP70_Init)
 <LI><a href="#[178]">MAP70_Reset</a> from nes_mapper.o(i.MAP70_Reset) referenced from nes_mapper.o(i.MAP70_Init)
 <LI><a href="#[17b]">MAP71_MemoryWrite</a> from nes_mapper.o(i.MAP71_MemoryWrite) referenced from nes_mapper.o(i.MAP71_Init)
 <LI><a href="#[17a]">MAP71_Reset</a> from nes_mapper.o(i.MAP71_Reset) referenced from nes_mapper.o(i.MAP71_Init)
 <LI><a href="#[17d]">MAP72_MemoryWrite</a> from nes_mapper.o(i.MAP72_MemoryWrite) referenced from nes_mapper.o(i.MAP72_Init)
 <LI><a href="#[17c]">MAP72_Reset</a> from nes_mapper.o(i.MAP72_Reset) referenced from nes_mapper.o(i.MAP72_Init)
 <LI><a href="#[180]">MAP73_HSync</a> from nes_mapper.o(i.MAP73_HSync) referenced from nes_mapper.o(i.MAP73_Init)
 <LI><a href="#[17f]">MAP73_MemoryWrite</a> from nes_mapper.o(i.MAP73_MemoryWrite) referenced from nes_mapper.o(i.MAP73_Init)
 <LI><a href="#[17e]">MAP73_Reset</a> from nes_mapper.o(i.MAP73_Reset) referenced from nes_mapper.o(i.MAP73_Init)
 <LI><a href="#[182]">MAP75_MemoryWrite</a> from nes_mapper.o(i.MAP75_MemoryWrite) referenced from nes_mapper.o(i.MAP75_Init)
 <LI><a href="#[181]">MAP75_Reset</a> from nes_mapper.o(i.MAP75_Reset) referenced from nes_mapper.o(i.MAP75_Init)
 <LI><a href="#[184]">MAP76_MemoryWrite</a> from nes_mapper.o(i.MAP76_MemoryWrite) referenced from nes_mapper.o(i.MAP76_Init)
 <LI><a href="#[183]">MAP76_Reset</a> from nes_mapper.o(i.MAP76_Reset) referenced from nes_mapper.o(i.MAP76_Init)
 <LI><a href="#[186]">MAP78_MemoryWrite</a> from nes_mapper.o(i.MAP78_MemoryWrite) referenced from nes_mapper.o(i.MAP78_Init)
 <LI><a href="#[185]">MAP78_Reset</a> from nes_mapper.o(i.MAP78_Reset) referenced from nes_mapper.o(i.MAP78_Init)
 <LI><a href="#[188]">MAP79_MemoryWriteLow</a> from nes_mapper.o(i.MAP79_MemoryWriteLow) referenced from nes_mapper.o(i.MAP79_Init)
 <LI><a href="#[187]">MAP79_Reset</a> from nes_mapper.o(i.MAP79_Reset) referenced from nes_mapper.o(i.MAP79_Init)
 <LI><a href="#[18a]">MAP7_MemoryWrite</a> from nes_mapper.o(i.MAP7_MemoryWrite) referenced from nes_mapper.o(i.MAP7_Init)
 <LI><a href="#[189]">MAP7_Reset</a> from nes_mapper.o(i.MAP7_Reset) referenced from nes_mapper.o(i.MAP7_Init)
 <LI><a href="#[18d]">MAP85_HSync</a> from nes_mapper.o(i.MAP85_HSync) referenced from nes_mapper.o(i.MAP85_Init)
 <LI><a href="#[18c]">MAP85_MemoryWrite</a> from nes_mapper.o(i.MAP85_MemoryWrite) referenced from nes_mapper.o(i.MAP85_Init)
 <LI><a href="#[18b]">MAP85_Reset</a> from nes_mapper.o(i.MAP85_Reset) referenced from nes_mapper.o(i.MAP85_Init)
 <LI><a href="#[18f]">MAP87_MemoryWrite</a> from nes_mapper.o(i.MAP87_MemoryWrite) referenced from nes_mapper.o(i.MAP87_Init)
 <LI><a href="#[18e]">MAP87_Reset</a> from nes_mapper.o(i.MAP87_Reset) referenced from nes_mapper.o(i.MAP87_Init)
 <LI><a href="#[191]">MAP88_MemoryWrite</a> from nes_mapper.o(i.MAP88_MemoryWrite) referenced from nes_mapper.o(i.MAP88_Init)
 <LI><a href="#[190]">MAP88_Reset</a> from nes_mapper.o(i.MAP88_Reset) referenced from nes_mapper.o(i.MAP88_Init)
 <LI><a href="#[193]">MAP8_MemoryWrite</a> from nes_mapper.o(i.MAP8_MemoryWrite) referenced from nes_mapper.o(i.MAP8_Init)
 <LI><a href="#[192]">MAP8_Reset</a> from nes_mapper.o(i.MAP8_Reset) referenced from nes_mapper.o(i.MAP8_Init)
 <LI><a href="#[194]">MAP99_Reset</a> from nes_mapper.o(i.MAP99_Reset) referenced from nes_mapper.o(i.MAP99_Init)
 <LI><a href="#[195]">MAP99_WriteHighRegs</a> from nes_mapper.o(i.MAP99_WriteHighRegs) referenced from nes_mapper.o(i.MAP99_Init)
 <LI><a href="#[19b]">Mapper_HSync</a> from nes_mapper.o(i.Mapper_HSync) referenced from nes_mapper.o(i.Mapper_Init)
 <LI><a href="#[198]">Mapper_Read</a> from nes_mapper.o(i.Mapper_Read) referenced from nes_mapper.o(i.Mapper_Init)
 <LI><a href="#[19a]">Mapper_ReadLow</a> from nes_mapper.o(i.Mapper_ReadLow) referenced from nes_mapper.o(i.Mapper_Init)
 <LI><a href="#[196]">Mapper_Reset</a> from nes_mapper.o(i.Mapper_Reset) referenced from nes_mapper.o(i.Mapper_Init)
 <LI><a href="#[19c]">Mapper_VSync</a> from nes_mapper.o(i.Mapper_VSync) referenced from nes_mapper.o(i.Mapper_Init)
 <LI><a href="#[1a6]">Mapper_W</a> from 6502.o(rom_code) referenced from 6502.o(rom_code)
 <LI><a href="#[197]">Mapper_Write</a> from nes_mapper.o(i.Mapper_Write) referenced from nes_mapper.o(i.Mapper_Init)
 <LI><a href="#[199]">Mapper_WriteLow</a> from nes_mapper.o(i.Mapper_WriteLow) referenced from nes_mapper.o(i.Mapper_Init)
 <LI><a href="#[28]">MemManage_Handler</a> from stm32f4xx_it.o(i.MemManage_Handler) referenced from startup_stm32f407xx.o(RESET)
 <LI><a href="#[26]">NMI_Handler</a> from stm32f4xx_it.o(i.NMI_Handler) referenced from startup_stm32f407xx.o(RESET)
 <LI><a href="#[72]">OTG_FS_IRQHandler</a> from stm32f4xx_it.o(i.OTG_FS_IRQHandler) referenced from startup_stm32f407xx.o(RESET)
 <LI><a href="#[59]">OTG_FS_WKUP_IRQHandler</a> from startup_stm32f407xx.o(.text) referenced from startup_stm32f407xx.o(RESET)
 <LI><a href="#[7a]">OTG_HS_EP1_IN_IRQHandler</a> from startup_stm32f407xx.o(.text) referenced from startup_stm32f407xx.o(RESET)
 <LI><a href="#[79]">OTG_HS_EP1_OUT_IRQHandler</a> from startup_stm32f407xx.o(.text) referenced from startup_stm32f407xx.o(RESET)
 <LI><a href="#[7c]">OTG_HS_IRQHandler</a> from startup_stm32f407xx.o(.text) referenced from startup_stm32f407xx.o(RESET)
 <LI><a href="#[7b]">OTG_HS_WKUP_IRQHandler</a> from startup_stm32f407xx.o(.text) referenced from startup_stm32f407xx.o(RESET)
 <LI><a href="#[18]">PPU_R</a> from 6502.o(CPU_GPU) referenced 2 times from 6502.o(wram_globals0)
 <LI><a href="#[20]">PPU_W</a> from 6502.o(CPU_GPU) referenced 2 times from 6502.o(wram_globals0)
 <LI><a href="#[30]">PVD_IRQHandler</a> from startup_stm32f407xx.o(.text) referenced from startup_stm32f407xx.o(RESET)
 <LI><a href="#[2d]">PendSV_Handler</a> from stm32f4xx_it.o(i.PendSV_Handler) referenced from startup_stm32f407xx.o(RESET)
 <LI><a href="#[34]">RCC_IRQHandler</a> from startup_stm32f407xx.o(.text) referenced from startup_stm32f407xx.o(RESET)
 <LI><a href="#[58]">RTC_Alarm_IRQHandler</a> from stm32f4xx_it.o(i.RTC_Alarm_IRQHandler) referenced from startup_stm32f407xx.o(RESET)
 <LI><a href="#[32]">RTC_WKUP_IRQHandler</a> from stm32f4xx_it.o(i.RTC_WKUP_IRQHandler) referenced from startup_stm32f407xx.o(RESET)
 <LI><a href="#[25]">Reset_Handler</a> from startup_stm32f407xx.o(.text) referenced from startup_stm32f407xx.o(RESET)
 <LI><a href="#[60]">SDIO_IRQHandler</a> from startup_stm32f407xx.o(.text) referenced from startup_stm32f407xx.o(RESET)
 <LI><a href="#[52]">SPI1_IRQHandler</a> from stm32f4xx_it.o(i.SPI1_IRQHandler) referenced from startup_stm32f407xx.o(RESET)
 <LI><a href="#[53]">SPI2_IRQHandler</a> from startup_stm32f407xx.o(.text) referenced from startup_stm32f407xx.o(RESET)
 <LI><a href="#[62]">SPI3_IRQHandler</a> from startup_stm32f407xx.o(.text) referenced from startup_stm32f407xx.o(RESET)
 <LI><a href="#[121]">SPI_DMAAbortOnError</a> from stm32f4xx_hal_spi.o(i.SPI_DMAAbortOnError) referenced from stm32f4xx_hal_spi.o(i.HAL_SPI_IRQHandler)
 <LI><a href="#[124]">SPI_DMAError</a> from stm32f4xx_hal_spi.o(i.SPI_DMAError) referenced from stm32f4xx_hal_spi.o(i.HAL_SPI_Transmit_DMA)
 <LI><a href="#[122]">SPI_DMAHalfTransmitCplt</a> from stm32f4xx_hal_spi.o(i.SPI_DMAHalfTransmitCplt) referenced from stm32f4xx_hal_spi.o(i.HAL_SPI_Transmit_DMA)
 <LI><a href="#[123]">SPI_DMATransmitCplt</a> from stm32f4xx_hal_spi.o(i.SPI_DMATransmitCplt) referenced from stm32f4xx_hal_spi.o(i.HAL_SPI_Transmit_DMA)
 <LI><a href="#[8]">STORAGE_GetCapacity_FS</a> from usbd_storage_if.o(i.STORAGE_GetCapacity_FS) referenced 2 times from usbd_storage_if.o(.data)
 <LI><a href="#[d]">STORAGE_GetMaxLun_FS</a> from usbd_storage_if.o(i.STORAGE_GetMaxLun_FS) referenced 2 times from usbd_storage_if.o(.data)
 <LI><a href="#[7]">STORAGE_Init_FS</a> from usbd_storage_if.o(i.STORAGE_Init_FS) referenced 2 times from usbd_storage_if.o(.data)
 <LI><a href="#[9]">STORAGE_IsReady_FS</a> from usbd_storage_if.o(i.STORAGE_IsReady_FS) referenced 2 times from usbd_storage_if.o(.data)
 <LI><a href="#[a]">STORAGE_IsWriteProtected_FS</a> from usbd_storage_if.o(i.STORAGE_IsWriteProtected_FS) referenced 2 times from usbd_storage_if.o(.data)
 <LI><a href="#[b]">STORAGE_Read_FS</a> from usbd_storage_if.o(i.STORAGE_Read_FS) referenced 2 times from usbd_storage_if.o(.data)
 <LI><a href="#[c]">STORAGE_Write_FS</a> from usbd_storage_if.o(i.STORAGE_Write_FS) referenced 2 times from usbd_storage_if.o(.data)
 <LI><a href="#[2b]">SVC_Handler</a> from stm32f4xx_it.o(i.SVC_Handler) referenced from startup_stm32f407xx.o(RESET)
 <LI><a href="#[2e]">SysTick_Handler</a> from stm32f4xx_it.o(i.SysTick_Handler) referenced from startup_stm32f407xx.o(RESET)
 <LI><a href="#[81]">SystemInit</a> from system_stm32f4xx.o(i.SystemInit) referenced from startup_stm32f407xx.o(.text)
 <LI><a href="#[31]">TAMP_STAMP_IRQHandler</a> from startup_stm32f407xx.o(.text) referenced from startup_stm32f407xx.o(RESET)
 <LI><a href="#[47]">TIM1_BRK_TIM9_IRQHandler</a> from startup_stm32f407xx.o(.text) referenced from startup_stm32f407xx.o(RESET)
 <LI><a href="#[4a]">TIM1_CC_IRQHandler</a> from startup_stm32f407xx.o(.text) referenced from startup_stm32f407xx.o(RESET)
 <LI><a href="#[49]">TIM1_TRG_COM_TIM11_IRQHandler</a> from startup_stm32f407xx.o(.text) referenced from startup_stm32f407xx.o(RESET)
 <LI><a href="#[48]">TIM1_UP_TIM10_IRQHandler</a> from stm32f4xx_it.o(i.TIM1_UP_TIM10_IRQHandler) referenced from startup_stm32f407xx.o(RESET)
 <LI><a href="#[4b]">TIM2_IRQHandler</a> from startup_stm32f407xx.o(.text) referenced from startup_stm32f407xx.o(RESET)
 <LI><a href="#[4c]">TIM3_IRQHandler</a> from startup_stm32f407xx.o(.text) referenced from startup_stm32f407xx.o(RESET)
 <LI><a href="#[4d]">TIM4_IRQHandler</a> from startup_stm32f407xx.o(.text) referenced from startup_stm32f407xx.o(RESET)
 <LI><a href="#[61]">TIM5_IRQHandler</a> from startup_stm32f407xx.o(.text) referenced from startup_stm32f407xx.o(RESET)
 <LI><a href="#[65]">TIM6_DAC_IRQHandler</a> from startup_stm32f407xx.o(.text) referenced from startup_stm32f407xx.o(RESET)
 <LI><a href="#[66]">TIM7_IRQHandler</a> from startup_stm32f407xx.o(.text) referenced from startup_stm32f407xx.o(RESET)
 <LI><a href="#[5a]">TIM8_BRK_TIM12_IRQHandler</a> from startup_stm32f407xx.o(.text) referenced from startup_stm32f407xx.o(RESET)
 <LI><a href="#[5d]">TIM8_CC_IRQHandler</a> from startup_stm32f407xx.o(.text) referenced from startup_stm32f407xx.o(RESET)
 <LI><a href="#[5c]">TIM8_TRG_COM_TIM14_IRQHandler</a> from startup_stm32f407xx.o(.text) referenced from startup_stm32f407xx.o(RESET)
 <LI><a href="#[5b]">TIM8_UP_TIM13_IRQHandler</a> from startup_stm32f407xx.o(.text) referenced from startup_stm32f407xx.o(RESET)
 <LI><a href="#[63]">UART4_IRQHandler</a> from startup_stm32f407xx.o(.text) referenced from startup_stm32f407xx.o(RESET)
 <LI><a href="#[64]">UART5_IRQHandler</a> from startup_stm32f407xx.o(.text) referenced from startup_stm32f407xx.o(RESET)
 <LI><a href="#[54]">USART1_IRQHandler</a> from startup_stm32f407xx.o(.text) referenced from startup_stm32f407xx.o(RESET)
 <LI><a href="#[55]">USART2_IRQHandler</a> from startup_stm32f407xx.o(.text) referenced from startup_stm32f407xx.o(RESET)
 <LI><a href="#[56]">USART3_IRQHandler</a> from startup_stm32f407xx.o(.text) referenced from startup_stm32f407xx.o(RESET)
 <LI><a href="#[76]">USART6_IRQHandler</a> from startup_stm32f407xx.o(.text) referenced from startup_stm32f407xx.o(RESET)
 <LI><a href="#[5]">USBD_FS_ConfigStrDescriptor</a> from usbd_desc.o(i.USBD_FS_ConfigStrDescriptor) referenced 2 times from usbd_desc.o(.data)
 <LI><a href="#[0]">USBD_FS_DeviceDescriptor</a> from usbd_desc.o(i.USBD_FS_DeviceDescriptor) referenced 2 times from usbd_desc.o(.data)
 <LI><a href="#[6]">USBD_FS_InterfaceStrDescriptor</a> from usbd_desc.o(i.USBD_FS_InterfaceStrDescriptor) referenced 2 times from usbd_desc.o(.data)
 <LI><a href="#[1]">USBD_FS_LangIDStrDescriptor</a> from usbd_desc.o(i.USBD_FS_LangIDStrDescriptor) referenced 2 times from usbd_desc.o(.data)
 <LI><a href="#[2]">USBD_FS_ManufacturerStrDescriptor</a> from usbd_desc.o(i.USBD_FS_ManufacturerStrDescriptor) referenced 2 times from usbd_desc.o(.data)
 <LI><a href="#[3]">USBD_FS_ProductStrDescriptor</a> from usbd_desc.o(i.USBD_FS_ProductStrDescriptor) referenced 2 times from usbd_desc.o(.data)
 <LI><a href="#[4]">USBD_FS_SerialStrDescriptor</a> from usbd_desc.o(i.USBD_FS_SerialStrDescriptor) referenced 2 times from usbd_desc.o(.data)
 <LI><a href="#[11]">USBD_MSC_DataIn</a> from usbd_msc.o(i.USBD_MSC_DataIn) referenced 2 times from usbd_msc.o(.data)
 <LI><a href="#[12]">USBD_MSC_DataOut</a> from usbd_msc.o(i.USBD_MSC_DataOut) referenced 2 times from usbd_msc.o(.data)
 <LI><a href="#[f]">USBD_MSC_DeInit</a> from usbd_msc.o(i.USBD_MSC_DeInit) referenced 2 times from usbd_msc.o(.data)
 <LI><a href="#[16]">USBD_MSC_GetDeviceQualifierDescriptor</a> from usbd_msc.o(i.USBD_MSC_GetDeviceQualifierDescriptor) referenced 2 times from usbd_msc.o(.data)
 <LI><a href="#[14]">USBD_MSC_GetFSCfgDesc</a> from usbd_msc.o(i.USBD_MSC_GetFSCfgDesc) referenced 2 times from usbd_msc.o(.data)
 <LI><a href="#[13]">USBD_MSC_GetHSCfgDesc</a> from usbd_msc.o(i.USBD_MSC_GetHSCfgDesc) referenced 2 times from usbd_msc.o(.data)
 <LI><a href="#[15]">USBD_MSC_GetOtherSpeedCfgDesc</a> from usbd_msc.o(i.USBD_MSC_GetOtherSpeedCfgDesc) referenced 2 times from usbd_msc.o(.data)
 <LI><a href="#[e]">USBD_MSC_Init</a> from usbd_msc.o(i.USBD_MSC_Init) referenced 2 times from usbd_msc.o(.data)
 <LI><a href="#[10]">USBD_MSC_Setup</a> from usbd_msc.o(i.USBD_MSC_Setup) referenced 2 times from usbd_msc.o(.data)
 <LI><a href="#[2a]">UsageFault_Handler</a> from stm32f4xx_it.o(i.UsageFault_Handler) referenced from startup_stm32f407xx.o(RESET)
 <LI><a href="#[2f]">WWDG_IRQHandler</a> from startup_stm32f407xx.o(.text) referenced from startup_stm32f407xx.o(RESET)
 <LI><a href="#[83]">_00</a> from 6502.o(cpu_code) referenced from 6502.o(cpu_code)
 <LI><a href="#[84]">_01</a> from 6502.o(cpu_code) referenced from 6502.o(cpu_code)
 <LI><a href="#[86]">_03</a> from 6502.o(cpu_code) referenced from 6502.o(cpu_code)
 <LI><a href="#[87]">_05</a> from 6502.o(cpu_code) referenced from 6502.o(cpu_code)
 <LI><a href="#[88]">_06</a> from 6502.o(cpu_code) referenced from 6502.o(cpu_code)
 <LI><a href="#[89]">_07</a> from 6502.o(cpu_code) referenced from 6502.o(cpu_code)
 <LI><a href="#[8a]">_08</a> from 6502.o(cpu_code) referenced from 6502.o(cpu_code)
 <LI><a href="#[8b]">_09</a> from 6502.o(cpu_code) referenced from 6502.o(cpu_code)
 <LI><a href="#[8c]">_0A</a> from 6502.o(cpu_code) referenced from 6502.o(cpu_code)
 <LI><a href="#[8d]">_0D</a> from 6502.o(cpu_code) referenced from 6502.o(cpu_code)
 <LI><a href="#[8e]">_0E</a> from 6502.o(cpu_code) referenced from 6502.o(cpu_code)
 <LI><a href="#[8f]">_10</a> from 6502.o(cpu_code) referenced from 6502.o(cpu_code)
 <LI><a href="#[90]">_11</a> from 6502.o(cpu_code) referenced from 6502.o(cpu_code)
 <LI><a href="#[91]">_14</a> from 6502.o(cpu_code) referenced from 6502.o(cpu_code)
 <LI><a href="#[92]">_15</a> from 6502.o(cpu_code) referenced from 6502.o(cpu_code)
 <LI><a href="#[93]">_16</a> from 6502.o(cpu_code) referenced from 6502.o(cpu_code)
 <LI><a href="#[94]">_18</a> from 6502.o(cpu_code) referenced from 6502.o(cpu_code)
 <LI><a href="#[95]">_19</a> from 6502.o(cpu_code) referenced from 6502.o(cpu_code)
 <LI><a href="#[96]">_1D</a> from 6502.o(cpu_code) referenced from 6502.o(cpu_code)
 <LI><a href="#[97]">_1E</a> from 6502.o(cpu_code) referenced from 6502.o(cpu_code)
 <LI><a href="#[98]">_20</a> from 6502.o(cpu_code) referenced from 6502.o(cpu_code)
 <LI><a href="#[99]">_21</a> from 6502.o(cpu_code) referenced from 6502.o(cpu_code)
 <LI><a href="#[9a]">_24</a> from 6502.o(cpu_code) referenced from 6502.o(cpu_code)
 <LI><a href="#[9b]">_25</a> from 6502.o(cpu_code) referenced from 6502.o(cpu_code)
 <LI><a href="#[9c]">_26</a> from 6502.o(cpu_code) referenced from 6502.o(cpu_code)
 <LI><a href="#[9d]">_28</a> from 6502.o(cpu_code) referenced from 6502.o(cpu_code)
 <LI><a href="#[9e]">_29</a> from 6502.o(cpu_code) referenced from 6502.o(cpu_code)
 <LI><a href="#[9f]">_2A</a> from 6502.o(cpu_code) referenced from 6502.o(cpu_code)
 <LI><a href="#[a0]">_2C</a> from 6502.o(cpu_code) referenced from 6502.o(cpu_code)
 <LI><a href="#[a1]">_2D</a> from 6502.o(cpu_code) referenced from 6502.o(cpu_code)
 <LI><a href="#[a2]">_2E</a> from 6502.o(cpu_code) referenced from 6502.o(cpu_code)
 <LI><a href="#[a3]">_30</a> from 6502.o(cpu_code) referenced from 6502.o(cpu_code)
 <LI><a href="#[a4]">_31</a> from 6502.o(cpu_code) referenced from 6502.o(cpu_code)
 <LI><a href="#[a5]">_35</a> from 6502.o(cpu_code) referenced from 6502.o(cpu_code)
 <LI><a href="#[a6]">_36</a> from 6502.o(cpu_code) referenced from 6502.o(cpu_code)
 <LI><a href="#[a7]">_38</a> from 6502.o(cpu_code) referenced from 6502.o(cpu_code)
 <LI><a href="#[a8]">_39</a> from 6502.o(cpu_code) referenced from 6502.o(cpu_code)
 <LI><a href="#[a9]">_3D</a> from 6502.o(cpu_code) referenced from 6502.o(cpu_code)
 <LI><a href="#[aa]">_3E</a> from 6502.o(cpu_code) referenced from 6502.o(cpu_code)
 <LI><a href="#[ab]">_40</a> from 6502.o(cpu_code) referenced from 6502.o(cpu_code)
 <LI><a href="#[ac]">_41</a> from 6502.o(cpu_code) referenced from 6502.o(cpu_code)
 <LI><a href="#[ad]">_45</a> from 6502.o(cpu_code) referenced from 6502.o(cpu_code)
 <LI><a href="#[ae]">_46</a> from 6502.o(cpu_code) referenced from 6502.o(cpu_code)
 <LI><a href="#[af]">_48</a> from 6502.o(cpu_code) referenced from 6502.o(cpu_code)
 <LI><a href="#[b0]">_49</a> from 6502.o(cpu_code) referenced from 6502.o(cpu_code)
 <LI><a href="#[b1]">_4A</a> from 6502.o(cpu_code) referenced from 6502.o(cpu_code)
 <LI><a href="#[b2]">_4C</a> from 6502.o(cpu_code) referenced from 6502.o(cpu_code)
 <LI><a href="#[b3]">_4D</a> from 6502.o(cpu_code) referenced from 6502.o(cpu_code)
 <LI><a href="#[b4]">_4E</a> from 6502.o(cpu_code) referenced from 6502.o(cpu_code)
 <LI><a href="#[b5]">_50</a> from 6502.o(cpu_code) referenced from 6502.o(cpu_code)
 <LI><a href="#[b6]">_51</a> from 6502.o(cpu_code) referenced from 6502.o(cpu_code)
 <LI><a href="#[b7]">_55</a> from 6502.o(cpu_code) referenced from 6502.o(cpu_code)
 <LI><a href="#[b8]">_56</a> from 6502.o(cpu_code) referenced from 6502.o(cpu_code)
 <LI><a href="#[b9]">_58</a> from 6502.o(cpu_code) referenced from 6502.o(cpu_code)
 <LI><a href="#[ba]">_59</a> from 6502.o(cpu_code) referenced from 6502.o(cpu_code)
 <LI><a href="#[bb]">_5D</a> from 6502.o(cpu_code) referenced from 6502.o(cpu_code)
 <LI><a href="#[bc]">_5E</a> from 6502.o(cpu_code) referenced from 6502.o(cpu_code)
 <LI><a href="#[bd]">_60</a> from 6502.o(cpu_code) referenced from 6502.o(cpu_code)
 <LI><a href="#[be]">_61</a> from 6502.o(cpu_code) referenced from 6502.o(cpu_code)
 <LI><a href="#[bf]">_65</a> from 6502.o(cpu_code) referenced from 6502.o(cpu_code)
 <LI><a href="#[c0]">_66</a> from 6502.o(cpu_code) referenced from 6502.o(cpu_code)
 <LI><a href="#[c1]">_67</a> from 6502.o(cpu_code) referenced from 6502.o(cpu_code)
 <LI><a href="#[c2]">_68</a> from 6502.o(cpu_code) referenced from 6502.o(cpu_code)
 <LI><a href="#[c3]">_69</a> from 6502.o(cpu_code) referenced from 6502.o(cpu_code)
 <LI><a href="#[c4]">_6A</a> from 6502.o(cpu_code) referenced from 6502.o(cpu_code)
 <LI><a href="#[c5]">_6C</a> from 6502.o(cpu_code) referenced from 6502.o(cpu_code)
 <LI><a href="#[c6]">_6D</a> from 6502.o(cpu_code) referenced from 6502.o(cpu_code)
 <LI><a href="#[c7]">_6E</a> from 6502.o(cpu_code) referenced from 6502.o(cpu_code)
 <LI><a href="#[c8]">_70</a> from 6502.o(cpu_code) referenced from 6502.o(cpu_code)
 <LI><a href="#[c9]">_71</a> from 6502.o(cpu_code) referenced from 6502.o(cpu_code)
 <LI><a href="#[ca]">_75</a> from 6502.o(cpu_code) referenced from 6502.o(cpu_code)
 <LI><a href="#[cb]">_76</a> from 6502.o(cpu_code) referenced from 6502.o(cpu_code)
 <LI><a href="#[cc]">_78</a> from 6502.o(cpu_code) referenced from 6502.o(cpu_code)
 <LI><a href="#[cd]">_79</a> from 6502.o(cpu_code) referenced from 6502.o(cpu_code)
 <LI><a href="#[ce]">_7D</a> from 6502.o(cpu_code) referenced from 6502.o(cpu_code)
 <LI><a href="#[cf]">_7E</a> from 6502.o(cpu_code) referenced from 6502.o(cpu_code)
 <LI><a href="#[d0]">_81</a> from 6502.o(cpu_code) referenced from 6502.o(cpu_code)
 <LI><a href="#[d1]">_84</a> from 6502.o(cpu_code) referenced from 6502.o(cpu_code)
 <LI><a href="#[d2]">_85</a> from 6502.o(cpu_code) referenced from 6502.o(cpu_code)
 <LI><a href="#[d3]">_86</a> from 6502.o(cpu_code) referenced from 6502.o(cpu_code)
 <LI><a href="#[d4]">_88</a> from 6502.o(cpu_code) referenced from 6502.o(cpu_code)
 <LI><a href="#[d5]">_8A</a> from 6502.o(cpu_code) referenced from 6502.o(cpu_code)
 <LI><a href="#[d6]">_8C</a> from 6502.o(cpu_code) referenced from 6502.o(cpu_code)
 <LI><a href="#[d7]">_8D</a> from 6502.o(cpu_code) referenced from 6502.o(cpu_code)
 <LI><a href="#[d8]">_8E</a> from 6502.o(cpu_code) referenced from 6502.o(cpu_code)
 <LI><a href="#[d9]">_90</a> from 6502.o(cpu_code) referenced from 6502.o(cpu_code)
 <LI><a href="#[da]">_91</a> from 6502.o(cpu_code) referenced from 6502.o(cpu_code)
 <LI><a href="#[db]">_94</a> from 6502.o(cpu_code) referenced from 6502.o(cpu_code)
 <LI><a href="#[dc]">_95</a> from 6502.o(cpu_code) referenced from 6502.o(cpu_code)
 <LI><a href="#[dd]">_96</a> from 6502.o(cpu_code) referenced from 6502.o(cpu_code)
 <LI><a href="#[de]">_98</a> from 6502.o(cpu_code) referenced from 6502.o(cpu_code)
 <LI><a href="#[df]">_99</a> from 6502.o(cpu_code) referenced from 6502.o(cpu_code)
 <LI><a href="#[e0]">_9A</a> from 6502.o(cpu_code) referenced from 6502.o(cpu_code)
 <LI><a href="#[e1]">_9D</a> from 6502.o(cpu_code) referenced from 6502.o(cpu_code)
 <LI><a href="#[e2]">_A0</a> from 6502.o(cpu_code) referenced from 6502.o(cpu_code)
 <LI><a href="#[e3]">_A1</a> from 6502.o(cpu_code) referenced from 6502.o(cpu_code)
 <LI><a href="#[e4]">_A2</a> from 6502.o(cpu_code) referenced from 6502.o(cpu_code)
 <LI><a href="#[e5]">_A4</a> from 6502.o(cpu_code) referenced from 6502.o(cpu_code)
 <LI><a href="#[e6]">_A5</a> from 6502.o(cpu_code) referenced from 6502.o(cpu_code)
 <LI><a href="#[e7]">_A6</a> from 6502.o(cpu_code) referenced from 6502.o(cpu_code)
 <LI><a href="#[e8]">_A8</a> from 6502.o(cpu_code) referenced from 6502.o(cpu_code)
 <LI><a href="#[e9]">_A9</a> from 6502.o(cpu_code) referenced from 6502.o(cpu_code)
 <LI><a href="#[ea]">_AA</a> from 6502.o(cpu_code) referenced from 6502.o(cpu_code)
 <LI><a href="#[eb]">_AC</a> from 6502.o(cpu_code) referenced from 6502.o(cpu_code)
 <LI><a href="#[ec]">_AD</a> from 6502.o(cpu_code) referenced from 6502.o(cpu_code)
 <LI><a href="#[ed]">_AE</a> from 6502.o(cpu_code) referenced from 6502.o(cpu_code)
 <LI><a href="#[ee]">_B0</a> from 6502.o(cpu_code) referenced from 6502.o(cpu_code)
 <LI><a href="#[ef]">_B1</a> from 6502.o(cpu_code) referenced from 6502.o(cpu_code)
 <LI><a href="#[f0]">_B4</a> from 6502.o(cpu_code) referenced from 6502.o(cpu_code)
 <LI><a href="#[f1]">_B5</a> from 6502.o(cpu_code) referenced from 6502.o(cpu_code)
 <LI><a href="#[f2]">_B6</a> from 6502.o(cpu_code) referenced from 6502.o(cpu_code)
 <LI><a href="#[f3]">_B8</a> from 6502.o(cpu_code) referenced from 6502.o(cpu_code)
 <LI><a href="#[f4]">_B9</a> from 6502.o(cpu_code) referenced from 6502.o(cpu_code)
 <LI><a href="#[f5]">_BA</a> from 6502.o(cpu_code) referenced from 6502.o(cpu_code)
 <LI><a href="#[f6]">_BC</a> from 6502.o(cpu_code) referenced from 6502.o(cpu_code)
 <LI><a href="#[f7]">_BD</a> from 6502.o(cpu_code) referenced from 6502.o(cpu_code)
 <LI><a href="#[f8]">_BE</a> from 6502.o(cpu_code) referenced from 6502.o(cpu_code)
 <LI><a href="#[f9]">_C0</a> from 6502.o(cpu_code) referenced from 6502.o(cpu_code)
 <LI><a href="#[fa]">_C1</a> from 6502.o(cpu_code) referenced from 6502.o(cpu_code)
 <LI><a href="#[fb]">_C4</a> from 6502.o(cpu_code) referenced from 6502.o(cpu_code)
 <LI><a href="#[fc]">_C5</a> from 6502.o(cpu_code) referenced from 6502.o(cpu_code)
 <LI><a href="#[fd]">_C6</a> from 6502.o(cpu_code) referenced from 6502.o(cpu_code)
 <LI><a href="#[fe]">_C8</a> from 6502.o(cpu_code) referenced from 6502.o(cpu_code)
 <LI><a href="#[ff]">_C9</a> from 6502.o(cpu_code) referenced from 6502.o(cpu_code)
 <LI><a href="#[100]">_CA</a> from 6502.o(cpu_code) referenced from 6502.o(cpu_code)
 <LI><a href="#[101]">_CC</a> from 6502.o(cpu_code) referenced from 6502.o(cpu_code)
 <LI><a href="#[102]">_CD</a> from 6502.o(cpu_code) referenced from 6502.o(cpu_code)
 <LI><a href="#[103]">_CE</a> from 6502.o(cpu_code) referenced from 6502.o(cpu_code)
 <LI><a href="#[104]">_D0</a> from 6502.o(cpu_code) referenced from 6502.o(cpu_code)
 <LI><a href="#[105]">_D1</a> from 6502.o(cpu_code) referenced from 6502.o(cpu_code)
 <LI><a href="#[106]">_D5</a> from 6502.o(cpu_code) referenced from 6502.o(cpu_code)
 <LI><a href="#[107]">_D6</a> from 6502.o(cpu_code) referenced from 6502.o(cpu_code)
 <LI><a href="#[108]">_D8</a> from 6502.o(cpu_code) referenced from 6502.o(cpu_code)
 <LI><a href="#[109]">_D9</a> from 6502.o(cpu_code) referenced from 6502.o(cpu_code)
 <LI><a href="#[10a]">_DD</a> from 6502.o(cpu_code) referenced from 6502.o(cpu_code)
 <LI><a href="#[10b]">_DE</a> from 6502.o(cpu_code) referenced from 6502.o(cpu_code)
 <LI><a href="#[10c]">_E0</a> from 6502.o(cpu_code) referenced from 6502.o(cpu_code)
 <LI><a href="#[10d]">_E1</a> from 6502.o(cpu_code) referenced from 6502.o(cpu_code)
 <LI><a href="#[10e]">_E4</a> from 6502.o(cpu_code) referenced from 6502.o(cpu_code)
 <LI><a href="#[10f]">_E5</a> from 6502.o(cpu_code) referenced from 6502.o(cpu_code)
 <LI><a href="#[110]">_E6</a> from 6502.o(cpu_code) referenced from 6502.o(cpu_code)
 <LI><a href="#[111]">_E8</a> from 6502.o(cpu_code) referenced from 6502.o(cpu_code)
 <LI><a href="#[112]">_E9</a> from 6502.o(cpu_code) referenced from 6502.o(cpu_code)
 <LI><a href="#[113]">_EA</a> from 6502.o(cpu_code) referenced from 6502.o(cpu_code)
 <LI><a href="#[114]">_EC</a> from 6502.o(cpu_code) referenced from 6502.o(cpu_code)
 <LI><a href="#[115]">_ED</a> from 6502.o(cpu_code) referenced from 6502.o(cpu_code)
 <LI><a href="#[116]">_EE</a> from 6502.o(cpu_code) referenced from 6502.o(cpu_code)
 <LI><a href="#[117]">_F0</a> from 6502.o(cpu_code) referenced from 6502.o(cpu_code)
 <LI><a href="#[118]">_F1</a> from 6502.o(cpu_code) referenced from 6502.o(cpu_code)
 <LI><a href="#[119]">_F5</a> from 6502.o(cpu_code) referenced from 6502.o(cpu_code)
 <LI><a href="#[11a]">_F6</a> from 6502.o(cpu_code) referenced from 6502.o(cpu_code)
 <LI><a href="#[11b]">_F8</a> from 6502.o(cpu_code) referenced from 6502.o(cpu_code)
 <LI><a href="#[11c]">_F9</a> from 6502.o(cpu_code) referenced from 6502.o(cpu_code)
 <LI><a href="#[11d]">_FB</a> from 6502.o(cpu_code) referenced from 6502.o(cpu_code)
 <LI><a href="#[11e]">_FD</a> from 6502.o(cpu_code) referenced from 6502.o(cpu_code)
 <LI><a href="#[11f]">_FE</a> from 6502.o(cpu_code) referenced from 6502.o(cpu_code)
 <LI><a href="#[120]">_FF</a> from 6502.o(cpu_code) referenced from 6502.o(cpu_code)
 <LI><a href="#[82]">__main</a> from entry.o(.ARM.Collect$$$$00000000) referenced from startup_stm32f407xx.o(.text)
 <LI><a href="#[85]">_xx</a> from 6502.o(cpu_code) referenced 99 times from 6502.o(cpu_code)
 <LI><a href="#[19e]">apu_4015R</a> from 6502.o(io_code) referenced from 6502.o(io_code)
 <LI><a href="#[1a3]">apu_4015w</a> from 6502.o(io_code) referenced from 6502.o(io_code)
 <LI><a href="#[1a5]">apu_4017w</a> from 6502.o(io_code) referenced from 6502.o(io_code)
 <LI><a href="#[1a1]">apu_w</a> from 6502.o(io_code) referenced 20 times from 6502.o(io_code)
 <LI><a href="#[1a2]">dma_W</a> from 6502.o(io_code) referenced from 6502.o(io_code)
 <LI><a href="#[24]">exit_run</a> from 6502.o(cpu_run) referenced from 6502.o(cpu_run)
 <LI><a href="#[24]">exit_run</a> from 6502.o(cpu_run) referenced 2 times from 6502.o(wram_globals0)
 <LI><a href="#[19d]">fputc</a> from uart.o(i.fputc) referenced from printf1.o(i.__0printf$1)
 <LI><a href="#[125]">in_func</a> from jpeg.o(i.in_func) referenced from jpeg.o(i.JPEG_Code)
 <LI><a href="#[19f]">joy0_R</a> from 6502.o(io_code) referenced from 6502.o(io_code)
 <LI><a href="#[1a4]">joy0_W</a> from 6502.o(io_code) referenced from 6502.o(io_code)
 <LI><a href="#[1a0]">joy1_R</a> from 6502.o(io_code) referenced from 6502.o(io_code)
 <LI><a href="#[80]">main</a> from main.o(i.main) referenced from entry9a.o(.ARM.Collect$$$$0000000B)
 <LI><a href="#[126]">out_func</a> from jpeg.o(i.out_func) referenced from jpeg.o(i.JPEG_Code)
 <LI><a href="#[17]">ram_R</a> from 6502.o(rwram_code) referenced 2 times from 6502.o(wram_globals0)
 <LI><a href="#[1f]">ram_W</a> from 6502.o(rwram_code) referenced 2 times from 6502.o(wram_globals0)
 <LI><a href="#[1b]">rom_R80</a> from 6502.o(rwram_code) referenced 2 times from 6502.o(wram_globals0)
 <LI><a href="#[1c]">rom_RA0</a> from 6502.o(rwram_code) referenced 2 times from 6502.o(wram_globals0)
 <LI><a href="#[1d]">rom_RC0</a> from 6502.o(rwram_code) referenced 2 times from 6502.o(wram_globals0)
 <LI><a href="#[1e]">rom_RE0</a> from 6502.o(rwram_code) referenced 2 times from 6502.o(wram_globals0)
 <LI><a href="#[1a]">sram_R</a> from 6502.o(rwram_code) referenced 2 times from 6502.o(wram_globals0)
 <LI><a href="#[22]">sram_W</a> from 6502.o(rwram_code) referenced 2 times from 6502.o(wram_globals0)
 <LI><a href="#[23]">void</a> from 6502.o(rwram_code) referenced 8 times from 6502.o(wram_globals0)
</UL>
<P>
<H3>
Global Symbols
</H3>
<P><STRONG><a name="[82]"></a>__main</STRONG> (Thumb, 0 bytes, Stack size unknown bytes, entry.o(.ARM.Collect$$$$00000000))
<BR>[Address Reference Count : 1]<UL><LI> startup_stm32f407xx.o(.text)
</UL>
<P><STRONG><a name="[3cf]"></a>_main_stk</STRONG> (Thumb, 0 bytes, Stack size unknown bytes, entry2.o(.ARM.Collect$$$$00000001))

<P><STRONG><a name="[1a7]"></a>_main_scatterload</STRONG> (Thumb, 0 bytes, Stack size unknown bytes, entry5.o(.ARM.Collect$$$$00000004))
<BR><BR>[Calls]<UL><LI><a href="#[1a8]">&gt;&gt;</a>&nbsp;&nbsp;&nbsp;__scatterload
</UL>

<P><STRONG><a name="[1b9]"></a>__main_after_scatterload</STRONG> (Thumb, 0 bytes, Stack size unknown bytes, entry5.o(.ARM.Collect$$$$00000004))
<BR><BR>[Called By]<UL><LI><a href="#[1a8]">&gt;&gt;</a>&nbsp;&nbsp;&nbsp;__scatterload
</UL>

<P><STRONG><a name="[3d0]"></a>_main_clock</STRONG> (Thumb, 0 bytes, Stack size unknown bytes, entry7b.o(.ARM.Collect$$$$00000008))

<P><STRONG><a name="[3d1]"></a>_main_cpp_init</STRONG> (Thumb, 0 bytes, Stack size unknown bytes, entry8b.o(.ARM.Collect$$$$0000000A))

<P><STRONG><a name="[3d2]"></a>_main_init</STRONG> (Thumb, 0 bytes, Stack size unknown bytes, entry9a.o(.ARM.Collect$$$$0000000B))

<P><STRONG><a name="[3d3]"></a>__rt_final_cpp</STRONG> (Thumb, 0 bytes, Stack size unknown bytes, entry10a.o(.ARM.Collect$$$$0000000D))

<P><STRONG><a name="[3d4]"></a>__rt_final_exit</STRONG> (Thumb, 0 bytes, Stack size unknown bytes, entry11a.o(.ARM.Collect$$$$0000000F))

<P><STRONG><a name="[25]"></a>Reset_Handler</STRONG> (Thumb, 8 bytes, Stack size 0 bytes, startup_stm32f407xx.o(.text))
<BR>[Address Reference Count : 1]<UL><LI> startup_stm32f407xx.o(RESET)
</UL>
<P><STRONG><a name="[41]"></a>ADC_IRQHandler</STRONG> (Thumb, 0 bytes, Stack size 0 bytes, startup_stm32f407xx.o(.text))
<BR><BR>[Calls]<UL><LI><a href="#[41]">&gt;&gt;</a>&nbsp;&nbsp;&nbsp;ADC_IRQHandler
</UL>
<BR>[Called By]<UL><LI><a href="#[41]">&gt;&gt;</a>&nbsp;&nbsp;&nbsp;ADC_IRQHandler
</UL>
<BR>[Address Reference Count : 1]<UL><LI> startup_stm32f407xx.o(RESET)
</UL>
<P><STRONG><a name="[43]"></a>CAN1_RX0_IRQHandler</STRONG> (Thumb, 0 bytes, Stack size 0 bytes, startup_stm32f407xx.o(.text))
<BR>[Address Reference Count : 1]<UL><LI> startup_stm32f407xx.o(RESET)
</UL>
<P><STRONG><a name="[44]"></a>CAN1_RX1_IRQHandler</STRONG> (Thumb, 0 bytes, Stack size 0 bytes, startup_stm32f407xx.o(.text))
<BR>[Address Reference Count : 1]<UL><LI> startup_stm32f407xx.o(RESET)
</UL>
<P><STRONG><a name="[45]"></a>CAN1_SCE_IRQHandler</STRONG> (Thumb, 0 bytes, Stack size 0 bytes, startup_stm32f407xx.o(.text))
<BR>[Address Reference Count : 1]<UL><LI> startup_stm32f407xx.o(RESET)
</UL>
<P><STRONG><a name="[42]"></a>CAN1_TX_IRQHandler</STRONG> (Thumb, 0 bytes, Stack size 0 bytes, startup_stm32f407xx.o(.text))
<BR>[Address Reference Count : 1]<UL><LI> startup_stm32f407xx.o(RESET)
</UL>
<P><STRONG><a name="[6f]"></a>CAN2_RX0_IRQHandler</STRONG> (Thumb, 0 bytes, Stack size 0 bytes, startup_stm32f407xx.o(.text))
<BR>[Address Reference Count : 1]<UL><LI> startup_stm32f407xx.o(RESET)
</UL>
<P><STRONG><a name="[70]"></a>CAN2_RX1_IRQHandler</STRONG> (Thumb, 0 bytes, Stack size 0 bytes, startup_stm32f407xx.o(.text))
<BR>[Address Reference Count : 1]<UL><LI> startup_stm32f407xx.o(RESET)
</UL>
<P><STRONG><a name="[71]"></a>CAN2_SCE_IRQHandler</STRONG> (Thumb, 0 bytes, Stack size 0 bytes, startup_stm32f407xx.o(.text))
<BR>[Address Reference Count : 1]<UL><LI> startup_stm32f407xx.o(RESET)
</UL>
<P><STRONG><a name="[6e]"></a>CAN2_TX_IRQHandler</STRONG> (Thumb, 0 bytes, Stack size 0 bytes, startup_stm32f407xx.o(.text))
<BR>[Address Reference Count : 1]<UL><LI> startup_stm32f407xx.o(RESET)
</UL>
<P><STRONG><a name="[7d]"></a>DCMI_IRQHandler</STRONG> (Thumb, 0 bytes, Stack size 0 bytes, startup_stm32f407xx.o(.text))
<BR>[Address Reference Count : 1]<UL><LI> startup_stm32f407xx.o(RESET)
</UL>
<P><STRONG><a name="[3a]"></a>DMA1_Stream0_IRQHandler</STRONG> (Thumb, 0 bytes, Stack size 0 bytes, startup_stm32f407xx.o(.text))
<BR>[Address Reference Count : 1]<UL><LI> startup_stm32f407xx.o(RESET)
</UL>
<P><STRONG><a name="[3b]"></a>DMA1_Stream1_IRQHandler</STRONG> (Thumb, 0 bytes, Stack size 0 bytes, startup_stm32f407xx.o(.text))
<BR>[Address Reference Count : 1]<UL><LI> startup_stm32f407xx.o(RESET)
</UL>
<P><STRONG><a name="[3c]"></a>DMA1_Stream2_IRQHandler</STRONG> (Thumb, 0 bytes, Stack size 0 bytes, startup_stm32f407xx.o(.text))
<BR>[Address Reference Count : 1]<UL><LI> startup_stm32f407xx.o(RESET)
</UL>
<P><STRONG><a name="[3d]"></a>DMA1_Stream3_IRQHandler</STRONG> (Thumb, 0 bytes, Stack size 0 bytes, startup_stm32f407xx.o(.text))
<BR>[Address Reference Count : 1]<UL><LI> startup_stm32f407xx.o(RESET)
</UL>
<P><STRONG><a name="[3e]"></a>DMA1_Stream4_IRQHandler</STRONG> (Thumb, 0 bytes, Stack size 0 bytes, startup_stm32f407xx.o(.text))
<BR>[Address Reference Count : 1]<UL><LI> startup_stm32f407xx.o(RESET)
</UL>
<P><STRONG><a name="[3f]"></a>DMA1_Stream5_IRQHandler</STRONG> (Thumb, 0 bytes, Stack size 0 bytes, startup_stm32f407xx.o(.text))
<BR>[Address Reference Count : 1]<UL><LI> startup_stm32f407xx.o(RESET)
</UL>
<P><STRONG><a name="[5e]"></a>DMA1_Stream7_IRQHandler</STRONG> (Thumb, 0 bytes, Stack size 0 bytes, startup_stm32f407xx.o(.text))
<BR>[Address Reference Count : 1]<UL><LI> startup_stm32f407xx.o(RESET)
</UL>
<P><STRONG><a name="[68]"></a>DMA2_Stream1_IRQHandler</STRONG> (Thumb, 0 bytes, Stack size 0 bytes, startup_stm32f407xx.o(.text))
<BR>[Address Reference Count : 1]<UL><LI> startup_stm32f407xx.o(RESET)
</UL>
<P><STRONG><a name="[69]"></a>DMA2_Stream2_IRQHandler</STRONG> (Thumb, 0 bytes, Stack size 0 bytes, startup_stm32f407xx.o(.text))
<BR>[Address Reference Count : 1]<UL><LI> startup_stm32f407xx.o(RESET)
</UL>
<P><STRONG><a name="[6b]"></a>DMA2_Stream4_IRQHandler</STRONG> (Thumb, 0 bytes, Stack size 0 bytes, startup_stm32f407xx.o(.text))
<BR>[Address Reference Count : 1]<UL><LI> startup_stm32f407xx.o(RESET)
</UL>
<P><STRONG><a name="[73]"></a>DMA2_Stream5_IRQHandler</STRONG> (Thumb, 0 bytes, Stack size 0 bytes, startup_stm32f407xx.o(.text))
<BR>[Address Reference Count : 1]<UL><LI> startup_stm32f407xx.o(RESET)
</UL>
<P><STRONG><a name="[74]"></a>DMA2_Stream6_IRQHandler</STRONG> (Thumb, 0 bytes, Stack size 0 bytes, startup_stm32f407xx.o(.text))
<BR>[Address Reference Count : 1]<UL><LI> startup_stm32f407xx.o(RESET)
</UL>
<P><STRONG><a name="[75]"></a>DMA2_Stream7_IRQHandler</STRONG> (Thumb, 0 bytes, Stack size 0 bytes, startup_stm32f407xx.o(.text))
<BR>[Address Reference Count : 1]<UL><LI> startup_stm32f407xx.o(RESET)
</UL>
<P><STRONG><a name="[6c]"></a>ETH_IRQHandler</STRONG> (Thumb, 0 bytes, Stack size 0 bytes, startup_stm32f407xx.o(.text))
<BR>[Address Reference Count : 1]<UL><LI> startup_stm32f407xx.o(RESET)
</UL>
<P><STRONG><a name="[6d]"></a>ETH_WKUP_IRQHandler</STRONG> (Thumb, 0 bytes, Stack size 0 bytes, startup_stm32f407xx.o(.text))
<BR>[Address Reference Count : 1]<UL><LI> startup_stm32f407xx.o(RESET)
</UL>
<P><STRONG><a name="[35]"></a>EXTI0_IRQHandler</STRONG> (Thumb, 0 bytes, Stack size 0 bytes, startup_stm32f407xx.o(.text))
<BR>[Address Reference Count : 1]<UL><LI> startup_stm32f407xx.o(RESET)
</UL>
<P><STRONG><a name="[57]"></a>EXTI15_10_IRQHandler</STRONG> (Thumb, 0 bytes, Stack size 0 bytes, startup_stm32f407xx.o(.text))
<BR>[Address Reference Count : 1]<UL><LI> startup_stm32f407xx.o(RESET)
</UL>
<P><STRONG><a name="[36]"></a>EXTI1_IRQHandler</STRONG> (Thumb, 0 bytes, Stack size 0 bytes, startup_stm32f407xx.o(.text))
<BR>[Address Reference Count : 1]<UL><LI> startup_stm32f407xx.o(RESET)
</UL>
<P><STRONG><a name="[37]"></a>EXTI2_IRQHandler</STRONG> (Thumb, 0 bytes, Stack size 0 bytes, startup_stm32f407xx.o(.text))
<BR>[Address Reference Count : 1]<UL><LI> startup_stm32f407xx.o(RESET)
</UL>
<P><STRONG><a name="[38]"></a>EXTI3_IRQHandler</STRONG> (Thumb, 0 bytes, Stack size 0 bytes, startup_stm32f407xx.o(.text))
<BR>[Address Reference Count : 1]<UL><LI> startup_stm32f407xx.o(RESET)
</UL>
<P><STRONG><a name="[39]"></a>EXTI4_IRQHandler</STRONG> (Thumb, 0 bytes, Stack size 0 bytes, startup_stm32f407xx.o(.text))
<BR>[Address Reference Count : 1]<UL><LI> startup_stm32f407xx.o(RESET)
</UL>
<P><STRONG><a name="[46]"></a>EXTI9_5_IRQHandler</STRONG> (Thumb, 0 bytes, Stack size 0 bytes, startup_stm32f407xx.o(.text))
<BR>[Address Reference Count : 1]<UL><LI> startup_stm32f407xx.o(RESET)
</UL>
<P><STRONG><a name="[33]"></a>FLASH_IRQHandler</STRONG> (Thumb, 0 bytes, Stack size 0 bytes, startup_stm32f407xx.o(.text))
<BR>[Address Reference Count : 1]<UL><LI> startup_stm32f407xx.o(RESET)
</UL>
<P><STRONG><a name="[5f]"></a>FMC_IRQHandler</STRONG> (Thumb, 0 bytes, Stack size 0 bytes, startup_stm32f407xx.o(.text))
<BR>[Address Reference Count : 1]<UL><LI> startup_stm32f407xx.o(RESET)
</UL>
<P><STRONG><a name="[7f]"></a>FPU_IRQHandler</STRONG> (Thumb, 0 bytes, Stack size 0 bytes, startup_stm32f407xx.o(.text))
<BR>[Address Reference Count : 1]<UL><LI> startup_stm32f407xx.o(RESET)
</UL>
<P><STRONG><a name="[7e]"></a>HASH_RNG_IRQHandler</STRONG> (Thumb, 0 bytes, Stack size 0 bytes, startup_stm32f407xx.o(.text))
<BR>[Address Reference Count : 1]<UL><LI> startup_stm32f407xx.o(RESET)
</UL>
<P><STRONG><a name="[4f]"></a>I2C1_ER_IRQHandler</STRONG> (Thumb, 0 bytes, Stack size 0 bytes, startup_stm32f407xx.o(.text))
<BR>[Address Reference Count : 1]<UL><LI> startup_stm32f407xx.o(RESET)
</UL>
<P><STRONG><a name="[4e]"></a>I2C1_EV_IRQHandler</STRONG> (Thumb, 0 bytes, Stack size 0 bytes, startup_stm32f407xx.o(.text))
<BR>[Address Reference Count : 1]<UL><LI> startup_stm32f407xx.o(RESET)
</UL>
<P><STRONG><a name="[51]"></a>I2C2_ER_IRQHandler</STRONG> (Thumb, 0 bytes, Stack size 0 bytes, startup_stm32f407xx.o(.text))
<BR>[Address Reference Count : 1]<UL><LI> startup_stm32f407xx.o(RESET)
</UL>
<P><STRONG><a name="[50]"></a>I2C2_EV_IRQHandler</STRONG> (Thumb, 0 bytes, Stack size 0 bytes, startup_stm32f407xx.o(.text))
<BR>[Address Reference Count : 1]<UL><LI> startup_stm32f407xx.o(RESET)
</UL>
<P><STRONG><a name="[78]"></a>I2C3_ER_IRQHandler</STRONG> (Thumb, 0 bytes, Stack size 0 bytes, startup_stm32f407xx.o(.text))
<BR>[Address Reference Count : 1]<UL><LI> startup_stm32f407xx.o(RESET)
</UL>
<P><STRONG><a name="[77]"></a>I2C3_EV_IRQHandler</STRONG> (Thumb, 0 bytes, Stack size 0 bytes, startup_stm32f407xx.o(.text))
<BR>[Address Reference Count : 1]<UL><LI> startup_stm32f407xx.o(RESET)
</UL>
<P><STRONG><a name="[59]"></a>OTG_FS_WKUP_IRQHandler</STRONG> (Thumb, 0 bytes, Stack size 0 bytes, startup_stm32f407xx.o(.text))
<BR>[Address Reference Count : 1]<UL><LI> startup_stm32f407xx.o(RESET)
</UL>
<P><STRONG><a name="[7a]"></a>OTG_HS_EP1_IN_IRQHandler</STRONG> (Thumb, 0 bytes, Stack size 0 bytes, startup_stm32f407xx.o(.text))
<BR>[Address Reference Count : 1]<UL><LI> startup_stm32f407xx.o(RESET)
</UL>
<P><STRONG><a name="[79]"></a>OTG_HS_EP1_OUT_IRQHandler</STRONG> (Thumb, 0 bytes, Stack size 0 bytes, startup_stm32f407xx.o(.text))
<BR>[Address Reference Count : 1]<UL><LI> startup_stm32f407xx.o(RESET)
</UL>
<P><STRONG><a name="[7c]"></a>OTG_HS_IRQHandler</STRONG> (Thumb, 0 bytes, Stack size 0 bytes, startup_stm32f407xx.o(.text))
<BR>[Address Reference Count : 1]<UL><LI> startup_stm32f407xx.o(RESET)
</UL>
<P><STRONG><a name="[7b]"></a>OTG_HS_WKUP_IRQHandler</STRONG> (Thumb, 0 bytes, Stack size 0 bytes, startup_stm32f407xx.o(.text))
<BR>[Address Reference Count : 1]<UL><LI> startup_stm32f407xx.o(RESET)
</UL>
<P><STRONG><a name="[30]"></a>PVD_IRQHandler</STRONG> (Thumb, 0 bytes, Stack size 0 bytes, startup_stm32f407xx.o(.text))
<BR>[Address Reference Count : 1]<UL><LI> startup_stm32f407xx.o(RESET)
</UL>
<P><STRONG><a name="[34]"></a>RCC_IRQHandler</STRONG> (Thumb, 0 bytes, Stack size 0 bytes, startup_stm32f407xx.o(.text))
<BR>[Address Reference Count : 1]<UL><LI> startup_stm32f407xx.o(RESET)
</UL>
<P><STRONG><a name="[60]"></a>SDIO_IRQHandler</STRONG> (Thumb, 0 bytes, Stack size 0 bytes, startup_stm32f407xx.o(.text))
<BR>[Address Reference Count : 1]<UL><LI> startup_stm32f407xx.o(RESET)
</UL>
<P><STRONG><a name="[53]"></a>SPI2_IRQHandler</STRONG> (Thumb, 0 bytes, Stack size 0 bytes, startup_stm32f407xx.o(.text))
<BR>[Address Reference Count : 1]<UL><LI> startup_stm32f407xx.o(RESET)
</UL>
<P><STRONG><a name="[62]"></a>SPI3_IRQHandler</STRONG> (Thumb, 0 bytes, Stack size 0 bytes, startup_stm32f407xx.o(.text))
<BR>[Address Reference Count : 1]<UL><LI> startup_stm32f407xx.o(RESET)
</UL>
<P><STRONG><a name="[31]"></a>TAMP_STAMP_IRQHandler</STRONG> (Thumb, 0 bytes, Stack size 0 bytes, startup_stm32f407xx.o(.text))
<BR>[Address Reference Count : 1]<UL><LI> startup_stm32f407xx.o(RESET)
</UL>
<P><STRONG><a name="[47]"></a>TIM1_BRK_TIM9_IRQHandler</STRONG> (Thumb, 0 bytes, Stack size 0 bytes, startup_stm32f407xx.o(.text))
<BR>[Address Reference Count : 1]<UL><LI> startup_stm32f407xx.o(RESET)
</UL>
<P><STRONG><a name="[4a]"></a>TIM1_CC_IRQHandler</STRONG> (Thumb, 0 bytes, Stack size 0 bytes, startup_stm32f407xx.o(.text))
<BR>[Address Reference Count : 1]<UL><LI> startup_stm32f407xx.o(RESET)
</UL>
<P><STRONG><a name="[49]"></a>TIM1_TRG_COM_TIM11_IRQHandler</STRONG> (Thumb, 0 bytes, Stack size 0 bytes, startup_stm32f407xx.o(.text))
<BR>[Address Reference Count : 1]<UL><LI> startup_stm32f407xx.o(RESET)
</UL>
<P><STRONG><a name="[4b]"></a>TIM2_IRQHandler</STRONG> (Thumb, 0 bytes, Stack size 0 bytes, startup_stm32f407xx.o(.text))
<BR>[Address Reference Count : 1]<UL><LI> startup_stm32f407xx.o(RESET)
</UL>
<P><STRONG><a name="[4c]"></a>TIM3_IRQHandler</STRONG> (Thumb, 0 bytes, Stack size 0 bytes, startup_stm32f407xx.o(.text))
<BR>[Address Reference Count : 1]<UL><LI> startup_stm32f407xx.o(RESET)
</UL>
<P><STRONG><a name="[4d]"></a>TIM4_IRQHandler</STRONG> (Thumb, 0 bytes, Stack size 0 bytes, startup_stm32f407xx.o(.text))
<BR>[Address Reference Count : 1]<UL><LI> startup_stm32f407xx.o(RESET)
</UL>
<P><STRONG><a name="[61]"></a>TIM5_IRQHandler</STRONG> (Thumb, 0 bytes, Stack size 0 bytes, startup_stm32f407xx.o(.text))
<BR>[Address Reference Count : 1]<UL><LI> startup_stm32f407xx.o(RESET)
</UL>
<P><STRONG><a name="[65]"></a>TIM6_DAC_IRQHandler</STRONG> (Thumb, 0 bytes, Stack size 0 bytes, startup_stm32f407xx.o(.text))
<BR>[Address Reference Count : 1]<UL><LI> startup_stm32f407xx.o(RESET)
</UL>
<P><STRONG><a name="[66]"></a>TIM7_IRQHandler</STRONG> (Thumb, 0 bytes, Stack size 0 bytes, startup_stm32f407xx.o(.text))
<BR>[Address Reference Count : 1]<UL><LI> startup_stm32f407xx.o(RESET)
</UL>
<P><STRONG><a name="[5a]"></a>TIM8_BRK_TIM12_IRQHandler</STRONG> (Thumb, 0 bytes, Stack size 0 bytes, startup_stm32f407xx.o(.text))
<BR>[Address Reference Count : 1]<UL><LI> startup_stm32f407xx.o(RESET)
</UL>
<P><STRONG><a name="[5d]"></a>TIM8_CC_IRQHandler</STRONG> (Thumb, 0 bytes, Stack size 0 bytes, startup_stm32f407xx.o(.text))
<BR>[Address Reference Count : 1]<UL><LI> startup_stm32f407xx.o(RESET)
</UL>
<P><STRONG><a name="[5c]"></a>TIM8_TRG_COM_TIM14_IRQHandler</STRONG> (Thumb, 0 bytes, Stack size 0 bytes, startup_stm32f407xx.o(.text))
<BR>[Address Reference Count : 1]<UL><LI> startup_stm32f407xx.o(RESET)
</UL>
<P><STRONG><a name="[5b]"></a>TIM8_UP_TIM13_IRQHandler</STRONG> (Thumb, 0 bytes, Stack size 0 bytes, startup_stm32f407xx.o(.text))
<BR>[Address Reference Count : 1]<UL><LI> startup_stm32f407xx.o(RESET)
</UL>
<P><STRONG><a name="[63]"></a>UART4_IRQHandler</STRONG> (Thumb, 0 bytes, Stack size 0 bytes, startup_stm32f407xx.o(.text))
<BR>[Address Reference Count : 1]<UL><LI> startup_stm32f407xx.o(RESET)
</UL>
<P><STRONG><a name="[64]"></a>UART5_IRQHandler</STRONG> (Thumb, 0 bytes, Stack size 0 bytes, startup_stm32f407xx.o(.text))
<BR>[Address Reference Count : 1]<UL><LI> startup_stm32f407xx.o(RESET)
</UL>
<P><STRONG><a name="[54]"></a>USART1_IRQHandler</STRONG> (Thumb, 0 bytes, Stack size 0 bytes, startup_stm32f407xx.o(.text))
<BR>[Address Reference Count : 1]<UL><LI> startup_stm32f407xx.o(RESET)
</UL>
<P><STRONG><a name="[55]"></a>USART2_IRQHandler</STRONG> (Thumb, 0 bytes, Stack size 0 bytes, startup_stm32f407xx.o(.text))
<BR>[Address Reference Count : 1]<UL><LI> startup_stm32f407xx.o(RESET)
</UL>
<P><STRONG><a name="[56]"></a>USART3_IRQHandler</STRONG> (Thumb, 0 bytes, Stack size 0 bytes, startup_stm32f407xx.o(.text))
<BR>[Address Reference Count : 1]<UL><LI> startup_stm32f407xx.o(RESET)
</UL>
<P><STRONG><a name="[76]"></a>USART6_IRQHandler</STRONG> (Thumb, 0 bytes, Stack size 0 bytes, startup_stm32f407xx.o(.text))
<BR>[Address Reference Count : 1]<UL><LI> startup_stm32f407xx.o(RESET)
</UL>
<P><STRONG><a name="[2f]"></a>WWDG_IRQHandler</STRONG> (Thumb, 0 bytes, Stack size 0 bytes, startup_stm32f407xx.o(.text))
<BR>[Address Reference Count : 1]<UL><LI> startup_stm32f407xx.o(RESET)
</UL>
<P><STRONG><a name="[1a9]"></a>__aeabi_uldivmod</STRONG> (Thumb, 98 bytes, Stack size 40 bytes, uldiv.o(.text))
<BR><BR>[Stack]<UL><LI>Max Depth = 40<LI>Call Chain = __aeabi_uldivmod
</UL>
<BR>[Calls]<UL><LI><a href="#[1aa]">&gt;&gt;</a>&nbsp;&nbsp;&nbsp;__aeabi_llsr
<LI><a href="#[1ab]">&gt;&gt;</a>&nbsp;&nbsp;&nbsp;__aeabi_llsl
</UL>
<BR>[Called By]<UL><LI><a href="#[249]">&gt;&gt;</a>&nbsp;&nbsp;&nbsp;HAL_RCC_GetSysClockFreq
<LI><a href="#[27b]">&gt;&gt;</a>&nbsp;&nbsp;&nbsp;UART_SetConfig
</UL>

<P><STRONG><a name="[3ab]"></a>__aeabi_memcpy</STRONG> (Thumb, 36 bytes, Stack size 0 bytes, memcpya.o(.text))
<BR><BR>[Called By]<UL><LI><a href="#[35e]">&gt;&gt;</a>&nbsp;&nbsp;&nbsp;f_read
</UL>

<P><STRONG><a name="[1da]"></a>__aeabi_memcpy4</STRONG> (Thumb, 0 bytes, Stack size 0 bytes, memcpya.o(.text))
<BR><BR>[Called By]<UL><LI><a href="#[234]">&gt;&gt;</a>&nbsp;&nbsp;&nbsp;HAL_PCD_Init
<LI><a href="#[1d6]">&gt;&gt;</a>&nbsp;&nbsp;&nbsp;Fatfs_File_Scan
</UL>

<P><STRONG><a name="[3d5]"></a>__aeabi_memcpy8</STRONG> (Thumb, 0 bytes, Stack size 0 bytes, memcpya.o(.text), UNUSED)

<P><STRONG><a name="[1ad]"></a>__aeabi_memset</STRONG> (Thumb, 14 bytes, Stack size 0 bytes, memseta.o(.text))
<BR><BR>[Called By]<UL><LI><a href="#[1ae]">&gt;&gt;</a>&nbsp;&nbsp;&nbsp;_memset$wrapper
<LI><a href="#[1ac]">&gt;&gt;</a>&nbsp;&nbsp;&nbsp;__aeabi_memclr
<LI><a href="#[382]">&gt;&gt;</a>&nbsp;&nbsp;&nbsp;create_name
</UL>

<P><STRONG><a name="[3d6]"></a>__aeabi_memset4</STRONG> (Thumb, 0 bytes, Stack size 0 bytes, memseta.o(.text), UNUSED)

<P><STRONG><a name="[3d7]"></a>__aeabi_memset8</STRONG> (Thumb, 0 bytes, Stack size 0 bytes, memseta.o(.text), UNUSED)

<P><STRONG><a name="[1ac]"></a>__aeabi_memclr</STRONG> (Thumb, 4 bytes, Stack size 0 bytes, memseta.o(.text))
<BR><BR>[Calls]<UL><LI><a href="#[1ad]">&gt;&gt;</a>&nbsp;&nbsp;&nbsp;__aeabi_memset
</UL>
<BR>[Called By]<UL><LI><a href="#[1e0]">&gt;&gt;</a>&nbsp;&nbsp;&nbsp;nes_load
<LI><a href="#[391]">&gt;&gt;</a>&nbsp;&nbsp;&nbsp;dir_register
</UL>

<P><STRONG><a name="[1e6]"></a>__aeabi_memclr4</STRONG> (Thumb, 0 bytes, Stack size 0 bytes, memseta.o(.text))
<BR><BR>[Called By]<UL><LI><a href="#[27a]">&gt;&gt;</a>&nbsp;&nbsp;&nbsp;HAL_UART_MspInit
<LI><a href="#[26e]">&gt;&gt;</a>&nbsp;&nbsp;&nbsp;HAL_TIM_MspPostInit
<LI><a href="#[25c]">&gt;&gt;</a>&nbsp;&nbsp;&nbsp;HAL_SPI_MspInit
<LI><a href="#[1ea]">&gt;&gt;</a>&nbsp;&nbsp;&nbsp;HAL_DAC_MspInit
<LI><a href="#[1e4]">&gt;&gt;</a>&nbsp;&nbsp;&nbsp;HAL_ADC_MspInit
<LI><a href="#[2d1]">&gt;&gt;</a>&nbsp;&nbsp;&nbsp;MX_TIM2_Init
<LI><a href="#[2cb]">&gt;&gt;</a>&nbsp;&nbsp;&nbsp;MX_RTC_Init
<LI><a href="#[2c9]">&gt;&gt;</a>&nbsp;&nbsp;&nbsp;MX_GPIO_Init
<LI><a href="#[327]">&gt;&gt;</a>&nbsp;&nbsp;&nbsp;SystemClock_Config
<LI><a href="#[235]">&gt;&gt;</a>&nbsp;&nbsp;&nbsp;HAL_PCD_MspInit
<LI><a href="#[36a]">&gt;&gt;</a>&nbsp;&nbsp;&nbsp;apu_reset
<LI><a href="#[368]">&gt;&gt;</a>&nbsp;&nbsp;&nbsp;apu_init
<LI><a href="#[1e0]">&gt;&gt;</a>&nbsp;&nbsp;&nbsp;nes_load
<LI><a href="#[284]">&gt;&gt;</a>&nbsp;&nbsp;&nbsp;f_open
<LI><a href="#[3af]">&gt;&gt;</a>&nbsp;&nbsp;&nbsp;mcu_load
<LI><a href="#[287]">&gt;&gt;</a>&nbsp;&nbsp;&nbsp;jd_prepare
<LI><a href="#[3ad]">&gt;&gt;</a>&nbsp;&nbsp;&nbsp;sync_fs
<LI><a href="#[387]">&gt;&gt;</a>&nbsp;&nbsp;&nbsp;dir_clear
<LI><a href="#[39d]">&gt;&gt;</a>&nbsp;&nbsp;&nbsp;do_scanline_and_draw
</UL>

<P><STRONG><a name="[3d8]"></a>__aeabi_memclr8</STRONG> (Thumb, 0 bytes, Stack size 0 bytes, memseta.o(.text), UNUSED)

<P><STRONG><a name="[1ae]"></a>_memset$wrapper</STRONG> (Thumb, 18 bytes, Stack size 8 bytes, memseta.o(.text), UNUSED)
<BR><BR>[Calls]<UL><LI><a href="#[1ad]">&gt;&gt;</a>&nbsp;&nbsp;&nbsp;__aeabi_memset
</UL>

<P><STRONG><a name="[385]"></a>strchr</STRONG> (Thumb, 20 bytes, Stack size 0 bytes, strchr.o(.text))
<BR><BR>[Called By]<UL><LI><a href="#[382]">&gt;&gt;</a>&nbsp;&nbsp;&nbsp;create_name
</UL>

<P><STRONG><a name="[379]"></a>memcmp</STRONG> (Thumb, 26 bytes, Stack size 12 bytes, memcmp.o(.text))
<BR><BR>[Stack]<UL><LI>Max Depth = 12<LI>Call Chain = memcmp
</UL>
<BR>[Called By]<UL><LI><a href="#[38b]">&gt;&gt;</a>&nbsp;&nbsp;&nbsp;dir_find
<LI><a href="#[376]">&gt;&gt;</a>&nbsp;&nbsp;&nbsp;check_fs
</UL>

<P><STRONG><a name="[1c7]"></a>strcpy</STRONG> (Thumb, 18 bytes, Stack size 0 bytes, strcpy.o(.text))
<BR><BR>[Called By]<UL><LI><a href="#[1dc]">&gt;&gt;</a>&nbsp;&nbsp;&nbsp;Game_Init
<LI><a href="#[1c6]">&gt;&gt;</a>&nbsp;&nbsp;&nbsp;Calendar_Init
</UL>

<P><STRONG><a name="[1d9]"></a>strrchr</STRONG> (Thumb, 32 bytes, Stack size 0 bytes, strrchr.o(.text))
<BR><BR>[Called By]<UL><LI><a href="#[1d6]">&gt;&gt;</a>&nbsp;&nbsp;&nbsp;Fatfs_File_Scan
</UL>

<P><STRONG><a name="[1af]"></a>strcasecmp</STRONG> (Thumb, 42 bytes, Stack size 24 bytes, strcasecmp.o(.text))
<BR><BR>[Stack]<UL><LI>Max Depth = 24<LI>Call Chain = strcasecmp
</UL>
<BR>[Calls]<UL><LI><a href="#[1b0]">&gt;&gt;</a>&nbsp;&nbsp;&nbsp;tolower
</UL>
<BR>[Called By]<UL><LI><a href="#[1d6]">&gt;&gt;</a>&nbsp;&nbsp;&nbsp;Fatfs_File_Scan
</UL>

<P><STRONG><a name="[1b1]"></a>__aeabi_dmul</STRONG> (Thumb, 228 bytes, Stack size 48 bytes, dmul.o(.text))
<BR><BR>[Stack]<UL><LI>Max Depth = 88<LI>Call Chain = __aeabi_dmul &rArr; _double_epilogue &rArr; _double_round
</UL>
<BR>[Calls]<UL><LI><a href="#[1b2]">&gt;&gt;</a>&nbsp;&nbsp;&nbsp;_double_epilogue
</UL>
<BR>[Called By]<UL><LI><a href="#[364]">&gt;&gt;</a>&nbsp;&nbsp;&nbsp;apu_build_luts
<LI><a href="#[35c]">&gt;&gt;</a>&nbsp;&nbsp;&nbsp;WAV_Run
</UL>

<P><STRONG><a name="[1b3]"></a>__aeabi_ddiv</STRONG> (Thumb, 222 bytes, Stack size 32 bytes, ddiv.o(.text))
<BR><BR>[Stack]<UL><LI>Max Depth = 40<LI>Call Chain = __aeabi_ddiv &rArr; _double_round
</UL>
<BR>[Calls]<UL><LI><a href="#[1b4]">&gt;&gt;</a>&nbsp;&nbsp;&nbsp;_double_round
</UL>
<BR>[Called By]<UL><LI><a href="#[369]">&gt;&gt;</a>&nbsp;&nbsp;&nbsp;apu_setparams
<LI><a href="#[35c]">&gt;&gt;</a>&nbsp;&nbsp;&nbsp;WAV_Run
</UL>

<P><STRONG><a name="[1b5]"></a>__aeabi_i2d</STRONG> (Thumb, 34 bytes, Stack size 16 bytes, dflti.o(.text))
<BR><BR>[Stack]<UL><LI>Max Depth = 56<LI>Call Chain = __aeabi_i2d &rArr; _double_epilogue &rArr; _double_round
</UL>
<BR>[Calls]<UL><LI><a href="#[1b2]">&gt;&gt;</a>&nbsp;&nbsp;&nbsp;_double_epilogue
</UL>
<BR>[Called By]<UL><LI><a href="#[364]">&gt;&gt;</a>&nbsp;&nbsp;&nbsp;apu_build_luts
</UL>

<P><STRONG><a name="[1b6]"></a>__aeabi_ui2d</STRONG> (Thumb, 26 bytes, Stack size 16 bytes, dfltui.o(.text))
<BR><BR>[Stack]<UL><LI>Max Depth = 56<LI>Call Chain = __aeabi_ui2d &rArr; _double_epilogue &rArr; _double_round
</UL>
<BR>[Calls]<UL><LI><a href="#[1b2]">&gt;&gt;</a>&nbsp;&nbsp;&nbsp;_double_epilogue
</UL>
<BR>[Called By]<UL><LI><a href="#[35c]">&gt;&gt;</a>&nbsp;&nbsp;&nbsp;WAV_Run
</UL>

<P><STRONG><a name="[1b7]"></a>__aeabi_d2iz</STRONG> (Thumb, 62 bytes, Stack size 16 bytes, dfixi.o(.text))
<BR><BR>[Stack]<UL><LI>Max Depth = 16<LI>Call Chain = __aeabi_d2iz
</UL>
<BR>[Calls]<UL><LI><a href="#[1aa]">&gt;&gt;</a>&nbsp;&nbsp;&nbsp;__aeabi_llsr
</UL>
<BR>[Called By]<UL><LI><a href="#[369]">&gt;&gt;</a>&nbsp;&nbsp;&nbsp;apu_setparams
<LI><a href="#[364]">&gt;&gt;</a>&nbsp;&nbsp;&nbsp;apu_build_luts
</UL>

<P><STRONG><a name="[1b8]"></a>__aeabi_d2uiz</STRONG> (Thumb, 50 bytes, Stack size 8 bytes, dfixui.o(.text))
<BR><BR>[Stack]<UL><LI>Max Depth = 8<LI>Call Chain = __aeabi_d2uiz
</UL>
<BR>[Calls]<UL><LI><a href="#[1aa]">&gt;&gt;</a>&nbsp;&nbsp;&nbsp;__aeabi_llsr
</UL>
<BR>[Called By]<UL><LI><a href="#[35c]">&gt;&gt;</a>&nbsp;&nbsp;&nbsp;WAV_Run
</UL>

<P><STRONG><a name="[373]"></a>__aeabi_f2d</STRONG> (Thumb, 38 bytes, Stack size 0 bytes, f2d.o(.text))
<BR><BR>[Called By]<UL><LI><a href="#[369]">&gt;&gt;</a>&nbsp;&nbsp;&nbsp;apu_setparams
</UL>

<P><STRONG><a name="[3d9]"></a>__aeabi_uidiv</STRONG> (Thumb, 0 bytes, Stack size 12 bytes, uidiv.o(.text), UNUSED)

<P><STRONG><a name="[363]"></a>__aeabi_uidivmod</STRONG> (Thumb, 44 bytes, Stack size 12 bytes, uidiv.o(.text), UNUSED)
<BR><BR>[Called By]<UL><LI><a href="#[362]">&gt;&gt;</a>&nbsp;&nbsp;&nbsp;_printf_core
</UL>

<P><STRONG><a name="[1ab]"></a>__aeabi_llsl</STRONG> (Thumb, 30 bytes, Stack size 0 bytes, llshl.o(.text))
<BR><BR>[Called By]<UL><LI><a href="#[1a9]">&gt;&gt;</a>&nbsp;&nbsp;&nbsp;__aeabi_uldivmod
<LI><a href="#[1b2]">&gt;&gt;</a>&nbsp;&nbsp;&nbsp;_double_epilogue
</UL>

<P><STRONG><a name="[3da]"></a>_ll_shift_l</STRONG> (Thumb, 0 bytes, Stack size 0 bytes, llshl.o(.text), UNUSED)

<P><STRONG><a name="[1aa]"></a>__aeabi_llsr</STRONG> (Thumb, 32 bytes, Stack size 0 bytes, llushr.o(.text))
<BR><BR>[Called By]<UL><LI><a href="#[1b7]">&gt;&gt;</a>&nbsp;&nbsp;&nbsp;__aeabi_d2iz
<LI><a href="#[1b8]">&gt;&gt;</a>&nbsp;&nbsp;&nbsp;__aeabi_d2uiz
<LI><a href="#[1a9]">&gt;&gt;</a>&nbsp;&nbsp;&nbsp;__aeabi_uldivmod
<LI><a href="#[1b2]">&gt;&gt;</a>&nbsp;&nbsp;&nbsp;_double_epilogue
</UL>

<P><STRONG><a name="[3db]"></a>_ll_ushift_r</STRONG> (Thumb, 0 bytes, Stack size 0 bytes, llushr.o(.text), UNUSED)

<P><STRONG><a name="[1b0]"></a>tolower</STRONG> (Thumb, 12 bytes, Stack size 0 bytes, tolower.o(.text))
<BR><BR>[Called By]<UL><LI><a href="#[1af]">&gt;&gt;</a>&nbsp;&nbsp;&nbsp;strcasecmp
</UL>

<P><STRONG><a name="[3dc]"></a>__I$use$fp</STRONG> (Thumb, 0 bytes, Stack size 8 bytes, iusefp.o(.text), UNUSED)

<P><STRONG><a name="[1b4]"></a>_double_round</STRONG> (Thumb, 30 bytes, Stack size 8 bytes, depilogue.o(.text))
<BR><BR>[Stack]<UL><LI>Max Depth = 8<LI>Call Chain = _double_round
</UL>
<BR>[Called By]<UL><LI><a href="#[1b3]">&gt;&gt;</a>&nbsp;&nbsp;&nbsp;__aeabi_ddiv
<LI><a href="#[1b2]">&gt;&gt;</a>&nbsp;&nbsp;&nbsp;_double_epilogue
</UL>

<P><STRONG><a name="[1b2]"></a>_double_epilogue</STRONG> (Thumb, 156 bytes, Stack size 32 bytes, depilogue.o(.text))
<BR><BR>[Stack]<UL><LI>Max Depth = 40<LI>Call Chain = _double_epilogue &rArr; _double_round
</UL>
<BR>[Calls]<UL><LI><a href="#[1aa]">&gt;&gt;</a>&nbsp;&nbsp;&nbsp;__aeabi_llsr
<LI><a href="#[1ab]">&gt;&gt;</a>&nbsp;&nbsp;&nbsp;__aeabi_llsl
<LI><a href="#[1b4]">&gt;&gt;</a>&nbsp;&nbsp;&nbsp;_double_round
</UL>
<BR>[Called By]<UL><LI><a href="#[1b5]">&gt;&gt;</a>&nbsp;&nbsp;&nbsp;__aeabi_i2d
<LI><a href="#[1b6]">&gt;&gt;</a>&nbsp;&nbsp;&nbsp;__aeabi_ui2d
<LI><a href="#[1b1]">&gt;&gt;</a>&nbsp;&nbsp;&nbsp;__aeabi_dmul
</UL>

<P><STRONG><a name="[1a8]"></a>__scatterload</STRONG> (Thumb, 28 bytes, Stack size 0 bytes, init.o(.text))
<BR><BR>[Calls]<UL><LI><a href="#[1b9]">&gt;&gt;</a>&nbsp;&nbsp;&nbsp;__main_after_scatterload
</UL>
[...]
</UL>
<BR>[Calls]<UL><LI><a href="#[1e6]">&gt;&gt;</a>&nbsp;&nbsp;&nbsp;__aeabi_memclr4
<LI><a href="#[388]">&gt;&gt;</a>&nbsp;&nbsp;&nbsp;sync_window
<LI><a href="#[389]">&gt;&gt;</a>&nbsp;&nbsp;&nbsp;clst2sect
<LI><a href="#[38a]">&gt;&gt;</a>&nbsp;&nbsp;&nbsp;disk_write
</UL>
<BR>[Called By]<UL><LI><a href="#[38e]">&gt;&gt;</a>&nbsp;&nbsp;&nbsp;dir_next
</UL>

<P><STRONG><a name="[38b]"></a>dir_find</STRONG> (Thumb, 190 bytes, Stack size 32 bytes, ff.o(i.dir_find))
<BR><BR>[Stack]<UL><LI>Max Depth = 268<LI>Call Chain = dir_find &rArr; dir_next &rArr; create_chain &rArr; put_fat &rArr; move_window &rArr; sync_window &rArr; disk_write &rArr; W25QXX_FatFs_Write &rArr; W25QXX_Write &rArr; W25QXX_Write_NoCheck &rArr; W25QXX_Write_Page &rArr; W25QXX_Wait_Busy &rArr; W25QXX_ReadSR
</UL>
<BR>[Calls]<UL><LI><a href="#[379]">&gt;&gt;</a>&nbsp;&nbsp;&nbsp;memcmp
<LI><a href="#[38d]">&gt;&gt;</a>&nbsp;&nbsp;&nbsp;sum_sfn
<LI><a href="#[377]">&gt;&gt;</a>&nbsp;&nbsp;&nbsp;move_window
<LI><a href="#[38c]">&gt;&gt;</a>&nbsp;&nbsp;&nbsp;dir_sdi
<LI><a href="#[38e]">&gt;&gt;</a>&nbsp;&nbsp;&nbsp;dir_next
<LI><a href="#[37b]">&gt;&gt;</a>&nbsp;&nbsp;&nbsp;cmp_lfn
</UL>
<BR>[Called By]<UL><LI><a href="#[3a5]">&gt;&gt;</a>&nbsp;&nbsp;&nbsp;follow_path
<LI><a href="#[391]">&gt;&gt;</a>&nbsp;&nbsp;&nbsp;dir_register
</UL>

<P><STRONG><a name="[38e]"></a>dir_next</STRONG> (Thumb, 174 bytes, Stack size 32 bytes, ff.o(i.dir_next))
<BR><BR>[Stack]<UL><LI>Max Depth = 236<LI>Call Chain = dir_next &rArr; create_chain &rArr; put_fat &rArr; move_window &rArr; sync_window &rArr; disk_write &rArr; W25QXX_FatFs_Write &rArr; W25QXX_Write &rArr; W25QXX_Write_NoCheck &rArr; W25QXX_Write_Page &rArr; W25QXX_Wait_Busy &rArr; W25QXX_ReadSR
</UL>
<BR>[Calls]<UL><LI><a href="#[37e]">&gt;&gt;</a>&nbsp;&nbsp;&nbsp;get_fat
<LI><a href="#[387]">&gt;&gt;</a>&nbsp;&nbsp;&nbsp;dir_clear
<LI><a href="#[37d]">&gt;&gt;</a>&nbsp;&nbsp;&nbsp;create_chain
<LI><a href="#[389]">&gt;&gt;</a>&nbsp;&nbsp;&nbsp;clst2sect
</UL>
<BR>[Called By]<UL><LI><a href="#[391]">&gt;&gt;</a>&nbsp;&nbsp;&nbsp;dir_register
<LI><a href="#[38f]">&gt;&gt;</a>&nbsp;&nbsp;&nbsp;dir_read
<LI><a href="#[38b]">&gt;&gt;</a>&nbsp;&nbsp;&nbsp;dir_find
<LI><a href="#[1d8]">&gt;&gt;</a>&nbsp;&nbsp;&nbsp;f_readdir
</UL>

<P><STRONG><a name="[38f]"></a>dir_read</STRONG> (Thumb, 182 bytes, Stack size 32 bytes, ff.o(i.dir_read))
<BR><BR>[Stack]<UL><LI>Max Depth = 268<LI>Call Chain = dir_read &rArr; dir_next &rArr; create_chain &rArr; put_fat &rArr; move_window &rArr; sync_window &rArr; disk_write &rArr; W25QXX_FatFs_Write &rArr; W25QXX_Write &rArr; W25QXX_Write_NoCheck &rArr; W25QXX_Write_Page &rArr; W25QXX_Wait_Busy &rArr; W25QXX_ReadSR
</UL>
<BR>[Calls]<UL><LI><a href="#[38d]">&gt;&gt;</a>&nbsp;&nbsp;&nbsp;sum_sfn
<LI><a href="#[390]">&gt;&gt;</a>&nbsp;&nbsp;&nbsp;pick_lfn
<LI><a href="#[377]">&gt;&gt;</a>&nbsp;&nbsp;&nbsp;move_window
<LI><a href="#[38e]">&gt;&gt;</a>&nbsp;&nbsp;&nbsp;dir_next
</UL>
<BR>[Called By]<UL><LI><a href="#[1d8]">&gt;&gt;</a>&nbsp;&nbsp;&nbsp;f_readdir
</UL>

<P><STRONG><a name="[391]"></a>dir_register</STRONG> (Thumb, 486 bytes, Stack size 64 bytes, ff.o(i.dir_register))
<BR><BR>[Stack]<UL><LI>Max Depth = 332<LI>Call Chain = dir_register &rArr; dir_find &rArr; dir_next &rArr; create_chain &rArr; put_fat &rArr; move_window &rArr; sync_window &rArr; disk_write &rArr; W25QXX_FatFs_Write &rArr; W25QXX_Write &rArr; W25QXX_Write_NoCheck &rArr; W25QXX_Write_Page &rArr; W25QXX_Wait_Busy &rArr; W25QXX_ReadSR
</UL>
<BR>[Calls]<UL><LI><a href="#[1ac]">&gt;&gt;</a>&nbsp;&nbsp;&nbsp;__aeabi_memclr
<LI><a href="#[38d]">&gt;&gt;</a>&nbsp;&nbsp;&nbsp;sum_sfn
<LI><a href="#[393]">&gt;&gt;</a>&nbsp;&nbsp;&nbsp;st_word
<LI><a href="#[377]">&gt;&gt;</a>&nbsp;&nbsp;&nbsp;move_window
<LI><a href="#[392]">&gt;&gt;</a>&nbsp;&nbsp;&nbsp;gen_numname
<LI><a href="#[38c]">&gt;&gt;</a>&nbsp;&nbsp;&nbsp;dir_sdi
<LI><a href="#[38e]">&gt;&gt;</a>&nbsp;&nbsp;&nbsp;dir_next
<LI><a href="#[38b]">&gt;&gt;</a>&nbsp;&nbsp;&nbsp;dir_find
</UL>
<BR>[Called By]<UL><LI><a href="#[284]">&gt;&gt;</a>&nbsp;&nbsp;&nbsp;f_open
</UL>

<P><STRONG><a name="[38c]"></a>dir_sdi</STRONG> (Thumb, 130 bytes, Stack size 24 bytes, ff.o(i.dir_sdi))
<BR><BR>[Stack]<UL><LI>Max Depth = 196<LI>Call Chain = dir_sdi &rArr; get_fat &rArr; move_window &rArr; sync_window &rArr; disk_write &rArr; W25QXX_FatFs_Write &rArr; W25QXX_Write &rArr; W25QXX_Write_NoCheck &rArr; W25QXX_Write_Page &rArr; W25QXX_Wait_Busy &rArr; W25QXX_ReadSR
</UL>
<BR>[Calls]<UL><LI><a href="#[37e]">&gt;&gt;</a>&nbsp;&nbsp;&nbsp;get_fat
<LI><a href="#[389]">&gt;&gt;</a>&nbsp;&nbsp;&nbsp;clst2sect
</UL>
<BR>[Called By]<UL><LI><a href="#[3a5]">&gt;&gt;</a>&nbsp;&nbsp;&nbsp;follow_path
<LI><a href="#[391]">&gt;&gt;</a>&nbsp;&nbsp;&nbsp;dir_register
<LI><a href="#[38b]">&gt;&gt;</a>&nbsp;&nbsp;&nbsp;dir_find
<LI><a href="#[1d8]">&gt;&gt;</a>&nbsp;&nbsp;&nbsp;f_readdir
<LI><a href="#[1d7]">&gt;&gt;</a>&nbsp;&nbsp;&nbsp;f_opendir
</UL>

<P><STRONG><a name="[3a5]"></a>follow_path</STRONG> (Thumb, 118 bytes, Stack size 24 bytes, ff.o(i.follow_path))
<BR><BR>[Stack]<UL><LI>Max Depth = 292<LI>Call Chain = follow_path &rArr; dir_find &rArr; dir_next &rArr; create_chain &rArr; put_fat &rArr; move_window &rArr; sync_window &rArr; disk_write &rArr; W25QXX_FatFs_Write &rArr; W25QXX_Write &rArr; W25QXX_Write_NoCheck &rArr; W25QXX_Write_Page &rArr; W25QXX_Wait_Busy &rArr; W25QXX_ReadSR
</UL>
<BR>[Calls]<UL><LI><a href="#[3a8]">&gt;&gt;</a>&nbsp;&nbsp;&nbsp;ld_clust
<LI><a href="#[38c]">&gt;&gt;</a>&nbsp;&nbsp;&nbsp;dir_sdi
<LI><a href="#[38b]">&gt;&gt;</a>&nbsp;&nbsp;&nbsp;dir_find
<LI><a href="#[382]">&gt;&gt;</a>&nbsp;&nbsp;&nbsp;create_name
</UL>
<BR>[Called By]<UL><LI><a href="#[284]">&gt;&gt;</a>&nbsp;&nbsp;&nbsp;f_open
<LI><a href="#[1d7]">&gt;&gt;</a>&nbsp;&nbsp;&nbsp;f_opendir
</UL>

<P><STRONG><a name="[392]"></a>gen_numname</STRONG> (Thumb, 152 bytes, Stack size 32 bytes, ff.o(i.gen_numname))
<BR><BR>[Stack]<UL><LI>Max Depth = 32<LI>Call Chain = gen_numname
</UL>
<BR>[Calls]<UL><LI><a href="#[383]">&gt;&gt;</a>&nbsp;&nbsp;&nbsp;dbc_1st
</UL>
<BR>[Called By]<UL><LI><a href="#[391]">&gt;&gt;</a>&nbsp;&nbsp;&nbsp;dir_register
</UL>

<P><STRONG><a name="[37e]"></a>get_fat</STRONG> (Thumb, 190 bytes, Stack size 24 bytes, ff.o(i.get_fat))
<BR><BR>[Stack]<UL><LI>Max Depth = 172<LI>Call Chain = get_fat &rArr; move_window &rArr; sync_window &rArr; disk_write &rArr; W25QXX_FatFs_Write &rArr; W25QXX_Write &rArr; W25QXX_Write_NoCheck &rArr; W25QXX_Write_Page &rArr; W25QXX_Wait_Busy &rArr; W25QXX_ReadSR
</UL>
<BR>[Calls]<UL><LI><a href="#[377]">&gt;&gt;</a>&nbsp;&nbsp;&nbsp;move_window
<LI><a href="#[378]">&gt;&gt;</a>&nbsp;&nbsp;&nbsp;ld_word
<LI><a href="#[37a]">&gt;&gt;</a>&nbsp;&nbsp;&nbsp;ld_dword
</UL>
<BR>[Called By]<UL><LI><a href="#[35e]">&gt;&gt;</a>&nbsp;&nbsp;&nbsp;f_read
<LI><a href="#[284]">&gt;&gt;</a>&nbsp;&nbsp;&nbsp;f_open
<LI><a href="#[35f]">&gt;&gt;</a>&nbsp;&nbsp;&nbsp;f_lseek
<LI><a href="#[3aa]">&gt;&gt;</a>&nbsp;&nbsp;&nbsp;remove_chain
<LI><a href="#[38c]">&gt;&gt;</a>&nbsp;&nbsp;&nbsp;dir_sdi
<LI><a href="#[38e]">&gt;&gt;</a>&nbsp;&nbsp;&nbsp;dir_next
<LI><a href="#[37d]">&gt;&gt;</a>&nbsp;&nbsp;&nbsp;create_chain
</UL>

<P><STRONG><a name="[3ac]"></a>get_fileinfo</STRONG> (Thumb, 338 bytes, Stack size 40 bytes, ff.o(i.get_fileinfo))
<BR><BR>[Stack]<UL><LI>Max Depth = 60<LI>Call Chain = get_fileinfo &rArr; ff_uni2oem
</UL>
<BR>[Calls]<UL><LI><a href="#[386]">&gt;&gt;</a>&nbsp;&nbsp;&nbsp;ff_uni2oem
<LI><a href="#[378]">&gt;&gt;</a>&nbsp;&nbsp;&nbsp;ld_word
<LI><a href="#[37a]">&gt;&gt;</a>&nbsp;&nbsp;&nbsp;ld_dword
</UL>
<BR>[Called By]<UL><LI><a href="#[1d8]">&gt;&gt;</a>&nbsp;&nbsp;&nbsp;f_readdir
</UL>

<P><STRONG><a name="[3a3]"></a>get_ldnumber</STRONG> (Thumb, 56 bytes, Stack size 8 bytes, ff.o(i.get_ldnumber))
<BR><BR>[Stack]<UL><LI>Max Depth = 8<LI>Call Chain = get_ldnumber
</UL>
<BR>[Called By]<UL><LI><a href="#[3a2]">&gt;&gt;</a>&nbsp;&nbsp;&nbsp;f_mount
<LI><a href="#[3a4]">&gt;&gt;</a>&nbsp;&nbsp;&nbsp;mount_volume
</UL>

<P><STRONG><a name="[3a8]"></a>ld_clust</STRONG> (Thumb, 38 bytes, Stack size 16 bytes, ff.o(i.ld_clust))
<BR><BR>[Stack]<UL><LI>Max Depth = 16<LI>Call Chain = ld_clust
</UL>
<BR>[Calls]<UL><LI><a href="#[378]">&gt;&gt;</a>&nbsp;&nbsp;&nbsp;ld_word
</UL>
<BR>[Called By]<UL><LI><a href="#[284]">&gt;&gt;</a>&nbsp;&nbsp;&nbsp;f_open
<LI><a href="#[3a5]">&gt;&gt;</a>&nbsp;&nbsp;&nbsp;follow_path
<LI><a href="#[1d7]">&gt;&gt;</a>&nbsp;&nbsp;&nbsp;f_opendir
</UL>

<P><STRONG><a name="[37a]"></a>ld_dword</STRONG> (Thumb, 22 bytes, Stack size 0 bytes, ff.o(i.ld_dword))
<BR><BR>[Called By]<UL><LI><a href="#[284]">&gt;&gt;</a>&nbsp;&nbsp;&nbsp;f_open
<LI><a href="#[37f]">&gt;&gt;</a>&nbsp;&nbsp;&nbsp;put_fat
<LI><a href="#[3a4]">&gt;&gt;</a>&nbsp;&nbsp;&nbsp;mount_volume
<LI><a href="#[3ac]">&gt;&gt;</a>&nbsp;&nbsp;&nbsp;get_fileinfo
<LI><a href="#[37e]">&gt;&gt;</a>&nbsp;&nbsp;&nbsp;get_fat
<LI><a href="#[376]">&gt;&gt;</a>&nbsp;&nbsp;&nbsp;check_fs
</UL>

<P><STRONG><a name="[378]"></a>ld_word</STRONG> (Thumb, 10 bytes, Stack size 0 bytes, ff.o(i.ld_word))
<BR><BR>[Called By]<UL><LI><a href="#[390]">&gt;&gt;</a>&nbsp;&nbsp;&nbsp;pick_lfn
<LI><a href="#[3a4]">&gt;&gt;</a>&nbsp;&nbsp;&nbsp;mount_volume
<LI><a href="#[3a8]">&gt;&gt;</a>&nbsp;&nbsp;&nbsp;ld_clust
<LI><a href="#[3ac]">&gt;&gt;</a>&nbsp;&nbsp;&nbsp;get_fileinfo
<LI><a href="#[37e]">&gt;&gt;</a>&nbsp;&nbsp;&nbsp;get_fat
<LI><a href="#[37b]">&gt;&gt;</a>&nbsp;&nbsp;&nbsp;cmp_lfn
<LI><a href="#[376]">&gt;&gt;</a>&nbsp;&nbsp;&nbsp;check_fs
</UL>

<P><STRONG><a name="[3a4]"></a>mount_volume</STRONG> (Thumb, 576 bytes, Stack size 40 bytes, ff.o(i.mount_volume))
<BR><BR>[Stack]<UL><LI>Max Depth = 204<LI>Call Chain = mount_volume &rArr; check_fs &rArr; move_window &rArr; sync_window &rArr; disk_write &rArr; W25QXX_FatFs_Write &rArr; W25QXX_Write &rArr; W25QXX_Write_NoCheck &rArr; W25QXX_Write_Page &rArr; W25QXX_Wait_Busy &rArr; W25QXX_ReadSR
</UL>
<BR>[Calls]<UL><LI><a href="#[377]">&gt;&gt;</a>&nbsp;&nbsp;&nbsp;move_window
<LI><a href="#[378]">&gt;&gt;</a>&nbsp;&nbsp;&nbsp;ld_word
<LI><a href="#[37a]">&gt;&gt;</a>&nbsp;&nbsp;&nbsp;ld_dword
<LI><a href="#[3a3]">&gt;&gt;</a>&nbsp;&nbsp;&nbsp;get_ldnumber
<LI><a href="#[376]">&gt;&gt;</a>&nbsp;&nbsp;&nbsp;check_fs
<LI><a href="#[398]">&gt;&gt;</a>&nbsp;&nbsp;&nbsp;disk_status
<LI><a href="#[394]">&gt;&gt;</a>&nbsp;&nbsp;&nbsp;disk_initialize
</UL>
<BR>[Called By]<UL><LI><a href="#[3a2]">&gt;&gt;</a>&nbsp;&nbsp;&nbsp;f_mount
<LI><a href="#[284]">&gt;&gt;</a>&nbsp;&nbsp;&nbsp;f_open
<LI><a href="#[1d7]">&gt;&gt;</a>&nbsp;&nbsp;&nbsp;f_opendir
</UL>

<P><STRONG><a name="[377]"></a>move_window</STRONG> (Thumb, 50 bytes, Stack size 16 bytes, ff.o(i.move_window))
<BR><BR>[Stack]<UL><LI>Max Depth = 148<LI>Call Chain = move_window &rArr; sync_window &rArr; disk_write &rArr; W25QXX_FatFs_Write &rArr; W25QXX_Write &rArr; W25QXX_Write_NoCheck &rArr; W25QXX_Write_Page &rArr; W25QXX_Wait_Busy &rArr; W25QXX_ReadSR
</UL>
<BR>[Calls]<UL><LI><a href="#[388]">&gt;&gt;</a>&nbsp;&nbsp;&nbsp;sync_window
<LI><a href="#[397]">&gt;&gt;</a>&nbsp;&nbsp;&nbsp;disk_read
</UL>
<BR>[Called By]<UL><LI><a href="#[284]">&gt;&gt;</a>&nbsp;&nbsp;&nbsp;f_open
<LI><a href="#[3a0]">&gt;&gt;</a>&nbsp;&nbsp;&nbsp;f_sync
<LI><a href="#[37f]">&gt;&gt;</a>&nbsp;&nbsp;&nbsp;put_fat
<LI><a href="#[3a4]">&gt;&gt;</a>&nbsp;&nbsp;&nbsp;mount_volume
<LI><a href="#[37e]">&gt;&gt;</a>&nbsp;&nbsp;&nbsp;get_fat
<LI><a href="#[391]">&gt;&gt;</a>&nbsp;&nbsp;&nbsp;dir_register
<LI><a href="#[38f]">&gt;&gt;</a>&nbsp;&nbsp;&nbsp;dir_read
<LI><a href="#[38b]">&gt;&gt;</a>&nbsp;&nbsp;&nbsp;dir_find
<LI><a href="#[376]">&gt;&gt;</a>&nbsp;&nbsp;&nbsp;check_fs
</UL>

<P><STRONG><a name="[390]"></a>pick_lfn</STRONG> (Thumb, 112 bytes, Stack size 32 bytes, ff.o(i.pick_lfn))
<BR><BR>[Stack]<UL><LI>Max Depth = 32<LI>Call Chain = pick_lfn
</UL>
<BR>[Calls]<UL><LI><a href="#[378]">&gt;&gt;</a>&nbsp;&nbsp;&nbsp;ld_word
</UL>
<BR>[Called By]<UL><LI><a href="#[38f]">&gt;&gt;</a>&nbsp;&nbsp;&nbsp;dir_read
</UL>

<P><STRONG><a name="[37f]"></a>put_fat</STRONG> (Thumb, 234 bytes, Stack size 32 bytes, ff.o(i.put_fat))
<BR><BR>[Stack]<UL><LI>Max Depth = 180<LI>Call Chain = put_fat &rArr; move_window &rArr; sync_window &rArr; disk_write &rArr; W25QXX_FatFs_Write &rArr; W25QXX_Write &rArr; W25QXX_Write_NoCheck &rArr; W25QXX_Write_Page &rArr; W25QXX_Wait_Busy &rArr; W25QXX_ReadSR
</UL>
<BR>[Calls]<UL><LI><a href="#[393]">&gt;&gt;</a>&nbsp;&nbsp;&nbsp;st_word
<LI><a href="#[3a7]">&gt;&gt;</a>&nbsp;&nbsp;&nbsp;st_dword
<LI><a href="#[377]">&gt;&gt;</a>&nbsp;&nbsp;&nbsp;move_window
<LI><a href="#[37a]">&gt;&gt;</a>&nbsp;&nbsp;&nbsp;ld_dword
</UL>
<BR>[Called By]<UL><LI><a href="#[3aa]">&gt;&gt;</a>&nbsp;&nbsp;&nbsp;remove_chain
<LI><a href="#[37d]">&gt;&gt;</a>&nbsp;&nbsp;&nbsp;create_chain
</UL>

<P><STRONG><a name="[3aa]"></a>remove_chain</STRONG> (Thumb, 116 bytes, Stack size 24 bytes, ff.o(i.remove_chain))
<BR><BR>[Stack]<UL><LI>Max Depth = 204<LI>Call Chain = remove_chain &rArr; put_fat &rArr; move_window &rArr; sync_window &rArr; disk_write &rArr; W25QXX_FatFs_Write &rArr; W25QXX_Write &rArr; W25QXX_Write_NoCheck &rArr; W25QXX_Write_Page &rArr; W25QXX_Wait_Busy &rArr; W25QXX_ReadSR
</UL>
<BR>[Calls]<UL><LI><a href="#[37f]">&gt;&gt;</a>&nbsp;&nbsp;&nbsp;put_fat
<LI><a href="#[37e]">&gt;&gt;</a>&nbsp;&nbsp;&nbsp;get_fat
</UL>
<BR>[Called By]<UL><LI><a href="#[284]">&gt;&gt;</a>&nbsp;&nbsp;&nbsp;f_open
</UL>

<P><STRONG><a name="[3a9]"></a>st_clust</STRONG> (Thumb, 40 bytes, Stack size 16 bytes, ff.o(i.st_clust))
<BR><BR>[Stack]<UL><LI>Max Depth = 16<LI>Call Chain = st_clust
</UL>
<BR>[Calls]<UL><LI><a href="#[393]">&gt;&gt;</a>&nbsp;&nbsp;&nbsp;st_word
</UL>
<BR>[Called By]<UL><LI><a href="#[284]">&gt;&gt;</a>&nbsp;&nbsp;&nbsp;f_open
<LI><a href="#[3a0]">&gt;&gt;</a>&nbsp;&nbsp;&nbsp;f_sync
</UL>

<P><STRONG><a name="[3a7]"></a>st_dword</STRONG> (Thumb, 16 bytes, Stack size 0 bytes, ff.o(i.st_dword))
<BR><BR>[Called By]<UL><LI><a href="#[284]">&gt;&gt;</a>&nbsp;&nbsp;&nbsp;f_open
<LI><a href="#[3a0]">&gt;&gt;</a>&nbsp;&nbsp;&nbsp;f_sync
<LI><a href="#[3ad]">&gt;&gt;</a>&nbsp;&nbsp;&nbsp;sync_fs
<LI><a href="#[37f]">&gt;&gt;</a>&nbsp;&nbsp;&nbsp;put_fat
</UL>

<P><STRONG><a name="[393]"></a>st_word</STRONG> (Thumb, 8 bytes, Stack size 0 bytes, ff.o(i.st_word))
<BR><BR>[Called By]<UL><LI><a href="#[3a0]">&gt;&gt;</a>&nbsp;&nbsp;&nbsp;f_sync
<LI><a href="#[3ad]">&gt;&gt;</a>&nbsp;&nbsp;&nbsp;sync_fs
<LI><a href="#[3a9]">&gt;&gt;</a>&nbsp;&nbsp;&nbsp;st_clust
<LI><a href="#[37f]">&gt;&gt;</a>&nbsp;&nbsp;&nbsp;put_fat
<LI><a href="#[391]">&gt;&gt;</a>&nbsp;&nbsp;&nbsp;dir_register
</UL>

<P><STRONG><a name="[38d]"></a>sum_sfn</STRONG> (Thumb, 26 bytes, Stack size 0 bytes, ff.o(i.sum_sfn))
<BR><BR>[Called By]<UL><LI><a href="#[391]">&gt;&gt;</a>&nbsp;&nbsp;&nbsp;dir_register
<LI><a href="#[38f]">&gt;&gt;</a>&nbsp;&nbsp;&nbsp;dir_read
<LI><a href="#[38b]">&gt;&gt;</a>&nbsp;&nbsp;&nbsp;dir_find
</UL>

<P><STRONG><a name="[3ad]"></a>sync_fs</STRONG> (Thumb, 124 bytes, Stack size 16 bytes, ff.o(i.sync_fs))
<BR><BR>[Stack]<UL><LI>Max Depth = 148<LI>Call Chain = sync_fs &rArr; sync_window &rArr; disk_write &rArr; W25QXX_FatFs_Write &rArr; W25QXX_Write &rArr; W25QXX_Write_NoCheck &rArr; W25QXX_Write_Page &rArr; W25QXX_Wait_Busy &rArr; W25QXX_ReadSR
</UL>
<BR>[Calls]<UL><LI><a href="#[1e6]">&gt;&gt;</a>&nbsp;&nbsp;&nbsp;__aeabi_memclr4
<LI><a href="#[388]">&gt;&gt;</a>&nbsp;&nbsp;&nbsp;sync_window
<LI><a href="#[393]">&gt;&gt;</a>&nbsp;&nbsp;&nbsp;st_word
<LI><a href="#[3a7]">&gt;&gt;</a>&nbsp;&nbsp;&nbsp;st_dword
<LI><a href="#[38a]">&gt;&gt;</a>&nbsp;&nbsp;&nbsp;disk_write
<LI><a href="#[395]">&gt;&gt;</a>&nbsp;&nbsp;&nbsp;disk_ioctl
</UL>
<BR>[Called By]<UL><LI><a href="#[3a0]">&gt;&gt;</a>&nbsp;&nbsp;&nbsp;f_sync
</UL>

<P><STRONG><a name="[388]"></a>sync_window</STRONG> (Thumb, 70 bytes, Stack size 16 bytes, ff.o(i.sync_window))
<BR><BR>[Stack]<UL><LI>Max Depth = 132<LI>Call Chain = sync_window &rArr; disk_write &rArr; W25QXX_FatFs_Write &rArr; W25QXX_Write &rArr; W25QXX_Write_NoCheck &rArr; W25QXX_Write_Page &rArr; W25QXX_Wait_Busy &rArr; W25QXX_ReadSR
</UL>
<BR>[Calls]<UL><LI><a href="#[38a]">&gt;&gt;</a>&nbsp;&nbsp;&nbsp;disk_write
</UL>
<BR>[Called By]<UL><LI><a href="#[3ad]">&gt;&gt;</a>&nbsp;&nbsp;&nbsp;sync_fs
<LI><a href="#[377]">&gt;&gt;</a>&nbsp;&nbsp;&nbsp;move_window
<LI><a href="#[387]">&gt;&gt;</a>&nbsp;&nbsp;&nbsp;dir_clear
</UL>

<P><STRONG><a name="[3a1]"></a>validate</STRONG> (Thumb, 52 bytes, Stack size 16 bytes, ff.o(i.validate))
<BR><BR>[Stack]<UL><LI>Max Depth = 16<LI>Call Chain = validate
</UL>
<BR>[Calls]<UL><LI><a href="#[398]">&gt;&gt;</a>&nbsp;&nbsp;&nbsp;disk_status
</UL>
<BR>[Called By]<UL><LI><a href="#[35e]">&gt;&gt;</a>&nbsp;&nbsp;&nbsp;f_read
<LI><a href="#[35f]">&gt;&gt;</a>&nbsp;&nbsp;&nbsp;f_lseek
<LI><a href="#[286]">&gt;&gt;</a>&nbsp;&nbsp;&nbsp;f_close
<LI><a href="#[3a0]">&gt;&gt;</a>&nbsp;&nbsp;&nbsp;f_sync
<LI><a href="#[1d8]">&gt;&gt;</a>&nbsp;&nbsp;&nbsp;f_readdir
<LI><a href="#[1db]">&gt;&gt;</a>&nbsp;&nbsp;&nbsp;f_closedir
</UL>

<P><STRONG><a name="[381]"></a>alloc_pool</STRONG> (Thumb, 28 bytes, Stack size 0 bytes, tjpgd.o(i.alloc_pool))
<BR><BR>[Called By]<UL><LI><a href="#[380]">&gt;&gt;</a>&nbsp;&nbsp;&nbsp;create_huffman_tbl
<LI><a href="#[287]">&gt;&gt;</a>&nbsp;&nbsp;&nbsp;jd_prepare
</UL>

<P><STRONG><a name="[3b3]"></a>bitext</STRONG> (Thumb, 136 bytes, Stack size 32 bytes, tjpgd.o(i.bitext))
<BR><BR>[Stack]<UL><LI>Max Depth = 32<LI>Call Chain = bitext
</UL>
<BR>[Called By]<UL><LI><a href="#[3af]">&gt;&gt;</a>&nbsp;&nbsp;&nbsp;mcu_load
</UL>

<P><STRONG><a name="[3b4]"></a>block_idct</STRONG> (Thumb, 444 bytes, Stack size 36 bytes, tjpgd.o(i.block_idct))
<BR><BR>[Stack]<UL><LI>Max Depth = 36<LI>Call Chain = block_idct
</UL>
<BR>[Called By]<UL><LI><a href="#[3af]">&gt;&gt;</a>&nbsp;&nbsp;&nbsp;mcu_load
</UL>

<P><STRONG><a name="[380]"></a>create_huffman_tbl</STRONG> (Thumb, 202 bytes, Stack size 48 bytes, tjpgd.o(i.create_huffman_tbl))
<BR><BR>[Stack]<UL><LI>Max Depth = 48<LI>Call Chain = create_huffman_tbl
</UL>
<BR>[Calls]<UL><LI><a href="#[381]">&gt;&gt;</a>&nbsp;&nbsp;&nbsp;alloc_pool
</UL>
<BR>[Called By]<UL><LI><a href="#[287]">&gt;&gt;</a>&nbsp;&nbsp;&nbsp;jd_prepare
</UL>

<P><STRONG><a name="[3b2]"></a>huffext</STRONG> (Thumb, 190 bytes, Stack size 32 bytes, tjpgd.o(i.huffext))
<BR><BR>[Stack]<UL><LI>Max Depth = 32<LI>Call Chain = huffext
</UL>
<BR>[Called By]<UL><LI><a href="#[3af]">&gt;&gt;</a>&nbsp;&nbsp;&nbsp;mcu_load
</UL>

<P><STRONG><a name="[3af]"></a>mcu_load</STRONG> (Thumb, 364 bytes, Stack size 48 bytes, tjpgd.o(i.mcu_load))
<BR><BR>[Stack]<UL><LI>Max Depth = 84<LI>Call Chain = mcu_load &rArr; block_idct
</UL>
<BR>[Calls]<UL><LI><a href="#[1e6]">&gt;&gt;</a>&nbsp;&nbsp;&nbsp;__aeabi_memclr4
<LI><a href="#[3b2]">&gt;&gt;</a>&nbsp;&nbsp;&nbsp;huffext
<LI><a href="#[3b4]">&gt;&gt;</a>&nbsp;&nbsp;&nbsp;block_idct
<LI><a href="#[3b3]">&gt;&gt;</a>&nbsp;&nbsp;&nbsp;bitext
</UL>
<BR>[Called By]<UL><LI><a href="#[288]">&gt;&gt;</a>&nbsp;&nbsp;&nbsp;jd_decomp
</UL>

<P><STRONG><a name="[3b0]"></a>mcu_output</STRONG> (Thumb, 792 bytes, Stack size 128 bytes, tjpgd.o(i.mcu_output))
<BR><BR>[Stack]<UL><LI>Max Depth = 128<LI>Call Chain = mcu_output
</UL>
<BR>[Called By]<UL><LI><a href="#[288]">&gt;&gt;</a>&nbsp;&nbsp;&nbsp;jd_decomp
</UL>

<P><STRONG><a name="[3ae]"></a>restart</STRONG> (Thumb, 128 bytes, Stack size 32 bytes, tjpgd.o(i.restart))
<BR><BR>[Stack]<UL><LI>Max Depth = 32<LI>Call Chain = restart
</UL>
<BR>[Called By]<UL><LI><a href="#[288]">&gt;&gt;</a>&nbsp;&nbsp;&nbsp;jd_decomp
</UL>

<P><STRONG><a name="[362]"></a>_printf_core</STRONG> (Thumb, 336 bytes, Stack size 88 bytes, printf1.o(i._printf_core), UNUSED)
<BR><BR>[Calls]<UL><LI><a href="#[363]">&gt;&gt;</a>&nbsp;&nbsp;&nbsp;__aeabi_uidivmod
</UL>
<BR>[Called By]<UL><LI><a href="#[361]">&gt;&gt;</a>&nbsp;&nbsp;&nbsp;__0printf$1
</UL>
<P>
<H3>
Undefined Global Symbols
</H3><HR></body></html>
