Component: ARM Compiler 5.06 update 6 (build 750) Tool: armlink [4d35ed]

==============================================================================

Section Cross References

    startup_stm32f407xx.o(RESET) refers to startup_stm32f407xx.o(STACK) for __initial_sp
    startup_stm32f407xx.o(RESET) refers to startup_stm32f407xx.o(.text) for Reset_Handler
    startup_stm32f407xx.o(RESET) refers to stm32f4xx_it.o(i.NMI_Handler) for NMI_Handler
    startup_stm32f407xx.o(RESET) refers to stm32f4xx_it.o(i.HardFault_Handler) for HardFault_Handler
    startup_stm32f407xx.o(RESET) refers to stm32f4xx_it.o(i.MemManage_Handler) for MemManage_Handler
    startup_stm32f407xx.o(RESET) refers to stm32f4xx_it.o(i.BusFault_Handler) for BusFault_Handler
    startup_stm32f407xx.o(RESET) refers to stm32f4xx_it.o(i.UsageFault_Handler) for UsageFault_Handler
    startup_stm32f407xx.o(RESET) refers to stm32f4xx_it.o(i.SVC_Handler) for SVC_Handler
    startup_stm32f407xx.o(RESET) refers to stm32f4xx_it.o(i.DebugMon_Handler) for DebugMon_Handler
    startup_stm32f407xx.o(RESET) refers to stm32f4xx_it.o(i.PendSV_Handler) for PendSV_Handler
    startup_stm32f407xx.o(RESET) refers to stm32f4xx_it.o(i.SysTick_Handler) for SysTick_Handler
    startup_stm32f407xx.o(RESET) refers to stm32f4xx_it.o(i.RTC_WKUP_IRQHandler) for RTC_WKUP_IRQHandler
    startup_stm32f407xx.o(RESET) refers to stm32f4xx_it.o(i.DMA1_Stream6_IRQHandler) for DMA1_Stream6_IRQHandler
    startup_stm32f407xx.o(RESET) refers to stm32f4xx_it.o(i.TIM1_UP_TIM10_IRQHandler) for TIM1_UP_TIM10_IRQHandler
    startup_stm32f407xx.o(RESET) refers to stm32f4xx_it.o(i.SPI1_IRQHandler) for SPI1_IRQHandler
    startup_stm32f407xx.o(RESET) refers to stm32f4xx_it.o(i.RTC_Alarm_IRQHandler) for RTC_Alarm_IRQHandler
    startup_stm32f407xx.o(RESET) refers to stm32f4xx_it.o(i.DMA2_Stream0_IRQHandler) for DMA2_Stream0_IRQHandler
    startup_stm32f407xx.o(RESET) refers to stm32f4xx_it.o(i.DMA2_Stream3_IRQHandler) for DMA2_Stream3_IRQHandler
    startup_stm32f407xx.o(RESET) refers to stm32f4xx_it.o(i.OTG_FS_IRQHandler) for OTG_FS_IRQHandler
    startup_stm32f407xx.o(.text) refers to system_stm32f4xx.o(i.SystemInit) for SystemInit
    startup_stm32f407xx.o(.text) refers to entry.o(.ARM.Collect$$$$00000000) for __main
    main.o(i.SystemClock_Config) refers to memseta.o(.text) for __aeabi_memclr4
    main.o(i.SystemClock_Config) refers to stm32f4xx_hal_rcc.o(i.HAL_RCC_OscConfig) for HAL_RCC_OscConfig
    main.o(i.SystemClock_Config) refers to stm32f4xx_hal_rcc.o(i.HAL_RCC_ClockConfig) for HAL_RCC_ClockConfig
    main.o(i.main) refers to stm32f4xx_hal.o(i.HAL_Init) for HAL_Init
    main.o(i.main) refers to main.o(i.SystemClock_Config) for SystemClock_Config
    main.o(i.main) refers to gpio.o(i.MX_GPIO_Init) for MX_GPIO_Init
    main.o(i.main) refers to dma.o(i.MX_DMA_Init) for MX_DMA_Init
    main.o(i.main) refers to spi.o(i.MX_SPI1_Init) for MX_SPI1_Init
    main.o(i.main) refers to usb_device.o(i.MX_USB_DEVICE_Init) for MX_USB_DEVICE_Init
    main.o(i.main) refers to adc.o(i.MX_ADC1_Init) for MX_ADC1_Init
    main.o(i.main) refers to tim.o(i.MX_TIM1_Init) for MX_TIM1_Init
    main.o(i.main) refers to tim.o(i.MX_TIM2_Init) for MX_TIM2_Init
    main.o(i.main) refers to usart.o(i.MX_USART1_UART_Init) for MX_USART1_UART_Init
    main.o(i.main) refers to dac.o(i.MX_DAC_Init) for MX_DAC_Init
    main.o(i.main) refers to spi.o(i.MX_SPI2_Init) for MX_SPI2_Init
    main.o(i.main) refers to rtc.o(i.MX_RTC_Init) for MX_RTC_Init
    main.o(i.main) refers to my_main.o(i.my_main) for my_main
    gpio.o(i.MX_GPIO_Init) refers to memseta.o(.text) for __aeabi_memclr4
    gpio.o(i.MX_GPIO_Init) refers to stm32f4xx_hal_gpio.o(i.HAL_GPIO_WritePin) for HAL_GPIO_WritePin
    gpio.o(i.MX_GPIO_Init) refers to stm32f4xx_hal_gpio.o(i.HAL_GPIO_Init) for HAL_GPIO_Init
    adc.o(i.HAL_ADC_MspDeInit) refers to stm32f4xx_hal_gpio.o(i.HAL_GPIO_DeInit) for HAL_GPIO_DeInit
    adc.o(i.HAL_ADC_MspInit) refers to memseta.o(.text) for __aeabi_memclr4
    adc.o(i.HAL_ADC_MspInit) refers to stm32f4xx_hal_gpio.o(i.HAL_GPIO_Init) for HAL_GPIO_Init
    adc.o(i.MX_ADC1_Init) refers to stm32f4xx_hal_adc.o(i.HAL_ADC_Init) for HAL_ADC_Init
    adc.o(i.MX_ADC1_Init) refers to main.o(i.Error_Handler) for Error_Handler
    adc.o(i.MX_ADC1_Init) refers to stm32f4xx_hal_adc.o(i.HAL_ADC_ConfigChannel) for HAL_ADC_ConfigChannel
    adc.o(i.MX_ADC1_Init) refers to adc.o(.bss) for .bss
    dac.o(i.HAL_DAC_MspDeInit) refers to stm32f4xx_hal_gpio.o(i.HAL_GPIO_DeInit) for HAL_GPIO_DeInit
    dac.o(i.HAL_DAC_MspDeInit) refers to stm32f4xx_hal_dma.o(i.HAL_DMA_DeInit) for HAL_DMA_DeInit
    dac.o(i.HAL_DAC_MspInit) refers to memseta.o(.text) for __aeabi_memclr4
    dac.o(i.HAL_DAC_MspInit) refers to stm32f4xx_hal_gpio.o(i.HAL_GPIO_Init) for HAL_GPIO_Init
    dac.o(i.HAL_DAC_MspInit) refers to stm32f4xx_hal_dma.o(i.HAL_DMA_Init) for HAL_DMA_Init
    dac.o(i.HAL_DAC_MspInit) refers to main.o(i.Error_Handler) for Error_Handler
[...]
    0x08000190   0x08000190   0x00000000   Code   RO         9615    .ARM.Collect$$$$0000000A  mc_w.l(entry8b.o)
    0x08000190   0x08000190   0x00000008   Code   RO         9616    .ARM.Collect$$$$0000000B  mc_w.l(entry9a.o)
    0x08000198   0x08000198   0x00000000   Code   RO         9618    .ARM.Collect$$$$0000000D  mc_w.l(entry10a.o)
    0x08000198   0x08000198   0x00000000   Code   RO         9620    .ARM.Collect$$$$0000000F  mc_w.l(entry11a.o)
    0x08000198   0x08000198   0x00000004   Code   RO         9609    .ARM.Collect$$$$00002712  mc_w.l(entry2.o)
    0x0800019c   0x0800019c   0x00000024   Code   RO            4    .text               startup_stm32f407xx.o
    0x080001c0   0x080001c0   0x00000062   Code   RO         9315    .text               mc_w.l(uldiv.o)
    0x08000222   0x08000222   0x00000024   Code   RO         9317    .text               mc_w.l(memcpya.o)
    0x08000246   0x08000246   0x00000024   Code   RO         9319    .text               mc_w.l(memseta.o)
    0x0800026a   0x0800026a   0x00000014   Code   RO         9321    .text               mc_w.l(strchr.o)
    0x0800027e   0x0800027e   0x0000001a   Code   RO         9323    .text               mc_w.l(memcmp.o)
    0x08000298   0x08000298   0x00000012   Code   RO         9325    .text               mc_w.l(strcpy.o)
    0x080002aa   0x080002aa   0x00000020   Code   RO         9327    .text               mc_w.l(strrchr.o)
    0x080002ca   0x080002ca   0x0000002a   Code   RO         9331    .text               mc_w.l(strcasecmp.o)
    0x080002f4   0x080002f4   0x000000e4   Code   RO         9594    .text               mf_w.l(dmul.o)
    0x080003d8   0x080003d8   0x000000de   Code   RO         9596    .text               mf_w.l(ddiv.o)
    0x080004b6   0x080004b6   0x00000022   Code   RO         9598    .text               mf_w.l(dflti.o)
    0x080004d8   0x080004d8   0x0000001a   Code   RO         9600    .text               mf_w.l(dfltui.o)
    0x080004f2   0x080004f2   0x0000003e   Code   RO         9602    .text               mf_w.l(dfixi.o)
    0x08000530   0x08000530   0x00000032   Code   RO         9604    .text               mf_w.l(dfixui.o)
    0x08000562   0x08000562   0x00000026   Code   RO         9606    .text               mf_w.l(f2d.o)
    0x08000588   0x08000588   0x0000002c   Code   RO         9623    .text               mc_w.l(uidiv.o)
    0x080005b4   0x080005b4   0x0000001e   Code   RO         9625    .text               mc_w.l(llshl.o)
    0x080005d2   0x080005d2   0x00000020   Code   RO         9627    .text               mc_w.l(llushr.o)
    0x080005f2   0x080005f2   0x0000000c   Code   RO         9629    .text               mc_w.l(tolower.o)
    0x080005fe   0x080005fe   0x00000000   Code   RO         9631    .text               mc_w.l(iusefp.o)
    0x080005fe   0x080005fe   0x000000ba   Code   RO         9632    .text               mf_w.l(depilogue.o)
    0x080006b8   0x080006b8   0x00000024   Code   RO         9640    .text               mc_w.l(init.o)
    0x080006dc   0x080006dc   0x00000056   Code   RO         9652    .text               mc_w.l(__dczerorl2.o)
    0x08000732   0x08000732   0x00000002   PAD
    0x08000734   0x08000734   0x00000026   Code   RO         8782    CPU_GPU             6502.o
    0x0800075a   0x0800075a   0x00000002   PAD
    0x0800075c   0x0800075c   0x00002d00   Code   RO         8777    cpu_code            6502.o
    0x0800345c   0x0800345c   0x00000194   Code   RO         8779    cpu_run             6502.o
    0x080035f0   0x080035f0   0x00000128   Code   RO         2832    i.ADC_Init          stm32f4xx_hal_adc.o
    0x08003718   0x08003718   0x0000005c   Code   RO         6972    i.Apu_Read4015      nes_apu.o
    0x08003774   0x08003774   0x00000020   Code   RO         6973    i.Apu_Write         nes_apu.o
    0x08003794   0x08003794   0x00000030   Code   RO         6974    i.Apu_Write4015     nes_apu.o
    0x080037c4   0x080037c4   0x00000002   Code   RO         6975    i.Apu_Write4017     nes_apu.o
    0x080037c6   0x080037c6   0x00000002   Code   RO          549    i.BusFault_Handler  stm32f4xx_it.o
    0x080037c8   0x080037c8   0x000000fc   Code   RO         6821    i.Calendar_Clock    calendar.o
    0x080038c4   0x080038c4   0x00000014   Code   RO         6822    i.Calendar_Clock_Cnt  calendar.o
    0x080038d8   0x080038d8   0x000000f4   Code   RO         6823    i.Calendar_Init     calendar.o
    0x080039cc   0x080039cc   0x000001e0   Code   RO         6824    i.Calendar_List_View  calendar.o
    0x08003bac   0x08003bac   0x00000928   Code   RO         6825    i.Calendar_Run      calendar.o
    0x080044d4   0x080044d4   0x0000000c   Code   RO          550    i.DMA1_Stream6_IRQHandler  stm32f4xx_it.o
    0x080044e0   0x080044e0   0x0000000c   Code   RO          551    i.DMA2_Stream0_IRQHandler  stm32f4xx_it.o
    0x080044ec   0x080044ec   0x0000000c   Code   RO          552    i.DMA2_Stream3_IRQHandler  stm32f4xx_it.o
    0x080044f8   0x080044f8   0x00000028   Code   RO         2156    i.DMA_CalcBaseAndBitshift  stm32f4xx_hal_dma.o
    0x08004520   0x08004520   0x00000054   Code   RO         2157    i.DMA_CheckFifoParam  stm32f4xx_hal_dma.o
    0x08004574   0x08004574   0x00000028   Code   RO         2158    i.DMA_SetConfig     stm32f4xx_hal_dma.o
    0x0800459c   0x0800459c   0x00000002   Code   RO          553    i.DebugMon_Handler  stm32f4xx_it.o
    0x0800459e   0x0800459e   0x00000004   Code   RO           13    i.Error_Handler     main.o
    0x080045a2   0x080045a2   0x00000002   PAD
    0x080045a4   0x080045a4   0x00000050   Code   RO         1971    i.FLASH_Erase_Sector  stm32f4xx_hal_flash_ex.o
    0x080045f4   0x080045f4   0x00000054   Code   RO         1972    i.FLASH_FlushCaches  stm32f4xx_hal_flash_ex.o
    0x08004648   0x08004648   0x00000028   Code   RO         1973    i.FLASH_MassErase   stm32f4xx_hal_flash_ex.o
    0x08004670   0x08004670   0x00000020   Code   RO         1853    i.FLASH_Program_Byte  stm32f4xx_hal_flash.o
    0x08004690   0x08004690   0x0000002c   Code   RO         1854    i.FLASH_Program_DoubleWord  stm32f4xx_hal_flash.o
    0x080046bc   0x080046bc   0x00000024   Code   RO         1855    i.FLASH_Program_HalfWord  stm32f4xx_hal_flash.o
    0x080046e0   0x080046e0   0x00000024   Code   RO         1856    i.FLASH_Program_Word  stm32f4xx_hal_flash.o
    0x08004704   0x08004704   0x00000068   Code   RO         1857    i.FLASH_SetErrorCode  stm32f4xx_hal_flash.o
    0x0800476c   0x0800476c   0x00000050   Code   RO         1858    i.FLASH_WaitForLastOperation  stm32f4xx_hal_flash.o
    0x080047bc   0x080047bc   0x00000090   Code   RO         8857    i.Fatfs_File_Scan   fatfs.o
    0x0800484c   0x0800484c   0x0000012c   Code   RO         6934    i.Game_Init         game.o
    0x08004978   0x08004978   0x000001e0   Code   RO         6935    i.Game_List_View    game.o
    0x08004b58   0x08004b58   0x00000174   Code   RO         6264    i.Gui_DrawFont_GBK16  st7789.o
    0x08004ccc   0x08004ccc   0x0000014c   Code   RO         2834    i.HAL_ADC_ConfigChannel  stm32f4xx_hal_adc.o
    0x08004e18   0x08004e18   0x00000004   Code   RO         2840    i.HAL_ADC_GetState  stm32f4xx_hal_adc.o
    0x08004e1c   0x08004e1c   0x00000006   Code   RO         2841    i.HAL_ADC_GetValue  stm32f4xx_hal_adc.o
    0x08004e22   0x08004e22   0x00000054   Code   RO         2843    i.HAL_ADC_Init      stm32f4xx_hal_adc.o
    0x08004e76   0x08004e76   0x00000002   PAD
    0x08004e78   0x08004e78   0x00000060   Code   RO          256    i.HAL_ADC_MspInit   adc.o
    0x08004ed8   0x08004ed8   0x000000aa   Code   RO         2847    i.HAL_ADC_PollForConversion  stm32f4xx_hal_adc.o
    0x08004f82   0x08004f82   0x00000002   PAD
    0x08004f84   0x08004f84   0x000000fc   Code   RO         2849    i.HAL_ADC_Start     stm32f4xx_hal_adc.o
    0x08005080   0x08005080   0x00000046   Code   RO         3110    i.HAL_DAC_ConfigChannel  stm32f4xx_hal_dac.o
    0x080050c6   0x080050c6   0x00000028   Code   RO         3120    i.HAL_DAC_Init      stm32f4xx_hal_dac.o
    0x080050ee   0x080050ee   0x00000002   PAD
    0x080050f0   0x080050f0   0x000000a0   Code   RO          298    i.HAL_DAC_MspInit   dac.o
    0x08005190   0x08005190   0x0000001a   Code   RO         3123    i.HAL_DAC_SetValue  stm32f4xx_hal_dac.o
    0x080051aa   0x080051aa   0x0000005c   Code   RO         3124    i.HAL_DAC_Start     stm32f4xx_hal_dac.o
    0x08005206   0x08005206   0x0000001a   Code   RO         3126    i.HAL_DAC_Stop      stm32f4xx_hal_dac.o
    0x08005220   0x08005220   0x00000024   Code   RO         2160    i.HAL_DMA_Abort_IT  stm32f4xx_hal_dma.o
    0x08005244   0x08005244   0x00000006   Code   RO         2163    i.HAL_DMA_GetState  stm32f4xx_hal_dma.o
    0x0800524a   0x0800524a   0x00000002   PAD
    0x0800524c   0x0800524c   0x000001a0   Code   RO         2164    i.HAL_DMA_IRQHandler  stm32f4xx_hal_dma.o
    0x080053ec   0x080053ec   0x000000d4   Code   RO         2165    i.HAL_DMA_Init      stm32f4xx_hal_dma.o
    0x080054c0   0x080054c0   0x0000006e   Code   RO         2169    i.HAL_DMA_Start_IT  stm32f4xx_hal_dma.o
    0x0800552e   0x0800552e   0x00000002   PAD
    0x08005530   0x08005530   0x00000024   Code   RO         2578    i.HAL_Delay         stm32f4xx_hal.o
    0x08005554   0x08005554   0x00000098   Code   RO         1974    i.HAL_FLASHEx_Erase  stm32f4xx_hal_flash_ex.o
    0x080055ec   0x080055ec   0x00000014   Code   RO         1862    i.HAL_FLASH_Lock    stm32f4xx_hal_flash.o
    0x08005600   0x08005600   0x0000007c   Code   RO         1867    i.HAL_FLASH_Program  stm32f4xx_hal_flash.o
    0x0800567c   0x0800567c   0x0000002c   Code   RO         1869    i.HAL_FLASH_Unlock  stm32f4xx_hal_flash.o
    0x080056a8   0x080056a8   0x000001f0   Code   RO         2052    i.HAL_GPIO_Init     stm32f4xx_hal_gpio.o
    0x08005898   0x08005898   0x0000000a   Code   RO         2056    i.HAL_GPIO_WritePin  stm32f4xx_hal_gpio.o
    0x080058a2   0x080058a2   0x00000002   PAD
    0x080058a4   0x080058a4   0x0000000c   Code   RO         2584    i.HAL_GetTick       stm32f4xx_hal.o
    0x080058b0   0x080058b0   0x00000010   Code   RO         2590    i.HAL_IncTick       stm32f4xx_hal.o
    0x080058c0   0x080058c0   0x00000034   Code   RO         2591    i.HAL_Init          stm32f4xx_hal.o
    0x080058f4   0x080058f4   0x00000040   Code   RO         2592    i.HAL_InitTick      stm32f4xx_hal.o
    0x08005934   0x08005934   0x00000030   Code   RO          673    i.HAL_MspInit       stm32f4xx_hal_msp.o
    0x08005964   0x08005964   0x0000001a   Code   RO         2441    i.HAL_NVIC_EnableIRQ  stm32f4xx_hal_cortex.o
    0x0800597e   0x0800597e   0x00000002   PAD
    0x08005980   0x08005980   0x00000040   Code   RO         2447    i.HAL_NVIC_SetPriority  stm32f4xx_hal_cortex.o
    0x080059c0   0x080059c0   0x00000024   Code   RO         2448    i.HAL_NVIC_SetPriorityGrouping  stm32f4xx_hal_cortex.o
    0x080059e4   0x080059e4   0x00000002   Code   RO         1351    i.HAL_PCDEx_LPM_Callback  stm32f4xx_hal_pcd_ex.o
    0x080059e6   0x080059e6   0x00000008   Code   RO         1352    i.HAL_PCDEx_SetRxFiFo  stm32f4xx_hal_pcd_ex.o
    0x080059ee   0x080059ee   0x00000044   Code   RO         1353    i.HAL_PCDEx_SetTxFiFo  stm32f4xx_hal_pcd_ex.o
    0x08005a32   0x08005a32   0x00000008   Code   RO          905    i.HAL_PCD_ConnectCallback  usbd_conf.o
    0x08005a3a   0x08005a3a   0x00000012   Code   RO          906    i.HAL_PCD_DataInStageCallback  usbd_conf.o
    0x08005a4c   0x08005a4c   0x00000014   Code   RO          907    i.HAL_PCD_DataOutStageCallback  usbd_conf.o
    0x08005a60   0x08005a60   0x00000008   Code   RO          908    i.HAL_PCD_DisconnectCallback  usbd_conf.o
    0x08005a68   0x08005a68   0x0000001e   Code   RO         1121    i.HAL_PCD_EP_Abort  stm32f4xx_hal_pcd.o
    0x08005a86   0x08005a86   0x0000004c   Code   RO         1122    i.HAL_PCD_EP_Close  stm32f4xx_hal_pcd.o
    0x08005ad2   0x08005ad2   0x0000005c   Code   RO         1123    i.HAL_PCD_EP_ClrStall  stm32f4xx_hal_pcd.o
    0x08005b2e   0x08005b2e   0x00000034   Code   RO         1124    i.HAL_PCD_EP_Flush  stm32f4xx_hal_pcd.o
    0x08005b62   0x08005b62   0x00000012   Code   RO         1125    i.HAL_PCD_EP_GetRxCount  stm32f4xx_hal_pcd.o
    0x08005b74   0x08005b74   0x00000060   Code   RO         1126    i.HAL_PCD_EP_Open   stm32f4xx_hal_pcd.o
    0x08005bd4   0x08005bd4   0x00000048   Code   RO         1127    i.HAL_PCD_EP_Receive  stm32f4xx_hal_pcd.o
    0x08005c1c   0x08005c1c   0x00000074   Code   RO         1128    i.HAL_PCD_EP_SetStall  stm32f4xx_hal_pcd.o
    0x08005c90   0x08005c90   0x00000040   Code   RO         1129    i.HAL_PCD_EP_Transmit  stm32f4xx_hal_pcd.o
    0x08005cd0   0x08005cd0   0x00000560   Code   RO         1131    i.HAL_PCD_IRQHandler  stm32f4xx_hal_pcd.o
    0x08006230   0x08006230   0x00000008   Code   RO          909    i.HAL_PCD_ISOINIncompleteCallback  usbd_conf.o
    0x08006238   0x08006238   0x00000008   Code   RO          910    i.HAL_PCD_ISOOUTIncompleteCallback  usbd_conf.o
    0x08006240   0x08006240   0x000000e2   Code   RO         1134    i.HAL_PCD_Init      stm32f4xx_hal_pcd.o
    0x08006322   0x08006322   0x00000002   PAD
    0x08006324   0x08006324   0x0000009c   Code   RO          912    i.HAL_PCD_MspInit   usbd_conf.o
    0x080063c0   0x080063c0   0x0000002c   Code   RO          913    i.HAL_PCD_ResetCallback  usbd_conf.o
    0x080063ec   0x080063ec   0x00000008   Code   RO          914    i.HAL_PCD_ResumeCallback  usbd_conf.o
    0x080063f4   0x080063f4   0x00000008   Code   RO          915    i.HAL_PCD_SOFCallback  usbd_conf.o
    0x080063fc   0x080063fc   0x00000028   Code   RO         1140    i.HAL_PCD_SetAddress  stm32f4xx_hal_pcd.o
    0x08006424   0x08006424   0x0000000e   Code   RO          916    i.HAL_PCD_SetupStageCallback  usbd_conf.o
    0x08006432   0x08006432   0x00000042   Code   RO         1143    i.HAL_PCD_Start     stm32f4xx_hal_pcd.o
    0x08006474   0x08006474   0x00000030   Code   RO          917    i.HAL_PCD_SuspendCallback  usbd_conf.o
    0x080064a4   0x080064a4   0x0000013c   Code   RO         1803    i.HAL_RCCEx_PeriphCLKConfig  stm32f4xx_hal_rcc_ex.o
    0x080065e0   0x080065e0   0x00000134   Code   RO         1698    i.HAL_RCC_ClockConfig  stm32f4xx_hal_rcc.o
    0x08006714   0x08006714   0x0000000c   Code   RO         1703    i.HAL_RCC_GetHCLKFreq  stm32f4xx_hal_rcc.o
    0x08006720   0x08006720   0x00000020   Code   RO         1705    i.HAL_RCC_GetPCLK1Freq  stm32f4xx_hal_rcc.o
    0x08006740   0x08006740   0x00000020   Code   RO         1706    i.HAL_RCC_GetPCLK2Freq  stm32f4xx_hal_rcc.o
    0x08006760   0x08006760   0x00000060   Code   RO         1707    i.HAL_RCC_GetSysClockFreq  stm32f4xx_hal_rcc.o
    0x080067c0   0x080067c0   0x0000036c   Code   RO         1710    i.HAL_RCC_OscConfig  stm32f4xx_hal_rcc.o
    0x08006b2c   0x08006b2c   0x00000002   Code   RO         3520    i.HAL_RTCEx_AlarmBEventCallback  stm32f4xx_hal_rtc_ex.o
    0x08006b2e   0x08006b2e   0x00000002   PAD
    0x08006b30   0x08006b30   0x000000f4   Code   RO         3548    i.HAL_RTCEx_SetWakeUpTimer_IT  stm32f4xx_hal_rtc_ex.o
    0x08006c24   0x08006c24   0x00000004   Code   RO         6826    i.HAL_RTCEx_WakeUpTimerEventCallback  calendar.o
    0x08006c28   0x08006c28   0x00000034   Code   RO         3554    i.HAL_RTCEx_WakeUpTimerIRQHandler  stm32f4xx_hal_rtc_ex.o
    0x08006c5c   0x08006c5c   0x00000010   Code   RO         6827    i.HAL_RTC_AlarmAEventCallback  calendar.o
    0x08006c6c   0x08006c6c   0x0000005c   Code   RO         3348    i.HAL_RTC_AlarmIRQHandler  stm32f4xx_hal_rtc.o
    0x08006cc8   0x08006cc8   0x00000044   Code   RO         3357    i.HAL_RTC_GetDate   stm32f4xx_hal_rtc.o
    0x08006d0c   0x08006d0c   0x00000054   Code   RO         3359    i.HAL_RTC_GetTime   stm32f4xx_hal_rtc.o
    0x08006d60   0x08006d60   0x0000008c   Code   RO         3360    i.HAL_RTC_Init      stm32f4xx_hal_rtc.o
    0x08006dec   0x08006dec   0x00000058   Code   RO          364    i.HAL_RTC_MspInit   rtc.o
    0x08006e44   0x08006e44   0x000001a0   Code   RO         3365    i.HAL_RTC_SetAlarm_IT  stm32f4xx_hal_rtc.o
    0x08006fe4   0x08006fe4   0x00000098   Code   RO         3366    i.HAL_RTC_SetDate   stm32f4xx_hal_rtc.o
    0x0800707c   0x0800707c   0x000000c0   Code   RO         3367    i.HAL_RTC_SetTime   stm32f4xx_hal_rtc.o
    0x0800713c   0x0800713c   0x00000036   Code   RO         3368    i.HAL_RTC_WaitForSynchro  stm32f4xx_hal_rtc.o
    0x08007172   0x08007172   0x00000002   Code   RO         3755    i.HAL_SPI_ErrorCallback  stm32f4xx_hal_spi.o
    0x08007174   0x08007174   0x000000fc   Code   RO         3758    i.HAL_SPI_IRQHandler  stm32f4xx_hal_spi.o
    0x08007270   0x08007270   0x000000bc   Code   RO         3759    i.HAL_SPI_Init      stm32f4xx_hal_spi.o
    0x0800732c   0x0800732c   0x00000154   Code   RO          406    i.HAL_SPI_MspInit   spi.o
    0x08007480   0x08007480   0x000000d8   Code   RO         3771    i.HAL_SPI_Transmit_DMA  stm32f4xx_hal_spi.o
    0x08007558   0x08007558   0x00000002   Code   RO         3773    i.HAL_SPI_TxCpltCallback  stm32f4xx_hal_spi.o
    0x0800755a   0x0800755a   0x00000002   Code   RO         3774    i.HAL_SPI_TxHalfCpltCallback  stm32f4xx_hal_spi.o
    0x0800755c   0x0800755c   0x00000028   Code   RO         2452    i.HAL_SYSTICK_Config  stm32f4xx_hal_cortex.o
    0x08007584   0x08007584   0x00000002   Code   RO         4776    i.HAL_TIMEx_BreakCallback  stm32f4xx_hal_tim_ex.o
    0x08007586   0x08007586   0x00000002   Code   RO         4777    i.HAL_TIMEx_CommutCallback  stm32f4xx_hal_tim_ex.o
    0x08007588   0x08007588   0x00000090   Code   RO         4795    i.HAL_TIMEx_MasterConfigSynchronization  stm32f4xx_hal_tim_ex.o
    0x08007618   0x08007618   0x0000005a   Code   RO         4072    i.HAL_TIM_Base_Init  stm32f4xx_hal_tim.o
    0x08007672   0x08007672   0x00000002   PAD
    0x08007674   0x08007674   0x00000054   Code   RO          454    i.HAL_TIM_Base_MspInit  tim.o
    0x080076c8   0x080076c8   0x00000080   Code   RO         4077    i.HAL_TIM_Base_Start_IT  stm32f4xx_hal_tim.o
    0x08007748   0x08007748   0x000000dc   Code   RO         4081    i.HAL_TIM_ConfigClockSource  stm32f4xx_hal_tim.o
    0x08007824   0x08007824   0x00000002   Code   RO         4106    i.HAL_TIM_IC_CaptureCallback  stm32f4xx_hal_tim.o
    0x08007826   0x08007826   0x00000166   Code   RO         4120    i.HAL_TIM_IRQHandler  stm32f4xx_hal_tim.o
    0x0800798c   0x0800798c   0x00000054   Code   RO          455    i.HAL_TIM_MspPostInit  tim.o
    0x080079e0   0x080079e0   0x00000002   Code   RO         4123    i.HAL_TIM_OC_DelayElapsedCallback  stm32f4xx_hal_tim.o
    0x080079e2   0x080079e2   0x000000cc   Code   RO         4144    i.HAL_TIM_PWM_ConfigChannel  stm32f4xx_hal_tim.o
    0x08007aae   0x08007aae   0x0000005a   Code   RO         4147    i.HAL_TIM_PWM_Init  stm32f4xx_hal_tim.o
    0x08007b08   0x08007b08   0x00000002   Code   RO         4149    i.HAL_TIM_PWM_MspInit  stm32f4xx_hal_tim.o
    0x08007b0a   0x08007b0a   0x00000002   Code   RO         4150    i.HAL_TIM_PWM_PulseFinishedCallback  stm32f4xx_hal_tim.o
    0x08007b0c   0x08007b0c   0x00000078   Code   RO         6457    i.HAL_TIM_PeriodElapsedCallback  timer.o
    0x08007b84   0x08007b84   0x00000002   Code   RO         4163    i.HAL_TIM_TriggerCallback  stm32f4xx_hal_tim.o
    0x08007b86   0x08007b86   0x00000062   Code   RO         5072    i.HAL_UART_Init     stm32f4xx_hal_uart.o
    0x08007be8   0x08007be8   0x0000006c   Code   RO          508    i.HAL_UART_MspInit  usart.o
    0x08007c54   0x08007c54   0x000000b2   Code   RO         5080    i.HAL_UART_Transmit  stm32f4xx_hal_uart.o
    0x08007d06   0x08007d06   0x00000002   Code   RO          554    i.HardFault_Handler  stm32f4xx_it.o
    0x08007d08   0x08007d08   0x00000040   Code   RO         6889    i.IN_EraseFlashSector  in_flash.o
    0x08007d48   0x08007d48   0x000000a0   Code   RO         6890    i.IN_GetFlashSector  in_flash.o
    0x08007de8   0x08007de8   0x00000042   Code   RO         6891    i.IN_WFlash         in_flash.o
    0x08007e2a   0x08007e2a   0x00000002   PAD
    0x08007e2c   0x08007e2c   0x00000038   Code   RO          751    i.IntToUnicode      usbd_desc.o
    0x08007e64   0x08007e64   0x00000120   Code   RO         9190    i.JPEG_Code         jpeg.o
    0x08007f84   0x08007f84   0x00000114   Code   RO         9191    i.JPEG_Seek         jpeg.o
    0x08008098   0x08008098   0x0000013c   Code   RO         6229    i.Key_Scan          key.o
    0x080081d4   0x080081d4   0x00000032   Code   RO         6265    i.LCD_Clear         st7789.o
    0x08008206   0x08008206   0x00000002   PAD
    0x08008208   0x08008208   0x00000020   Code   RO         6267    i.LCD_DMAPushColor  st7789.o
    0x08008228   0x08008228   0x00000056   Code   RO         6268    i.LCD_DrawBMP       st7789.o
    0x0800827e   0x0800827e   0x0000009c   Code   RO         6271    i.LCD_DrawLine      st7789.o
    0x0800831a   0x0800831a   0x00000012   Code   RO         6272    i.LCD_DrawPoint     st7789.o
    0x0800832c   0x0800832c   0x00000250   Code   RO         6274    i.LCD_DrawRoundRectangle  st7789.o
    0x0800857c   0x0800857c   0x00000048   Code   RO         6277    i.LCD_Fill          st7789.o
    0x080085c4   0x080085c4   0x00000008   Code   RO         6278    i.LCD_SetCursor     st7789.o
    0x080085cc   0x080085cc   0x00000050   Code   RO         6280    i.LCD_SetWindows    st7789.o
    0x0800861c   0x0800861c   0x000000b8   Code   RO         6281    i.LCD_ShowChar      st7789.o
    0x080086d4   0x080086d4   0x00000088   Code   RO         6282    i.LCD_ShowNum       st7789.o
    0x0800875c   0x0800875c   0x000000f6   Code   RO         6283    i.LCD_ShowNums      st7789.o
    0x08008852   0x08008852   0x00000056   Code   RO         6284    i.LCD_ShowString    st7789.o
    0x080088a8   0x080088a8   0x0000001c   Code   RO         6285    i.LCD_WR_DATA       st7789.o
    0x080088c4   0x080088c4   0x00000028   Code   RO         6286    i.LCD_WR_DATA_16Bit  st7789.o
    0x080088ec   0x080088ec   0x0000001c   Code   RO         6287    i.LCD_WR_REG        st7789.o
    0x08008908   0x08008908   0x0000029c   Code   RO         9192    i.List_View         jpeg.o
    0x08008ba4   0x08008ba4   0x00000014   Code   RO         7217    i.MAP0_Init         nes_mapper.o
    0x08008bb8   0x08008bb8   0x00000028   Code   RO         7218    i.MAP0_Reset        nes_mapper.o
    0x08008be0   0x08008be0   0x00000024   Code   RO         7219    i.MAP113_Init       nes_mapper.o
    0x08008c04   0x08008c04   0x00000094   Code   RO         7220    i.MAP113_MemoryWrite  nes_mapper.o
    0x08008c98   0x08008c98   0x000000c0   Code   RO         7221    i.MAP113_MemoryWriteLow  nes_mapper.o
    0x08008d58   0x08008d58   0x00000028   Code   RO         7222    i.MAP113_Reset      nes_mapper.o
    0x08008d80   0x08008d80   0x0000001c   Code   RO         7223    i.MAP11_Init        nes_mapper.o
    0x08008d9c   0x08008d9c   0x0000007c   Code   RO         7224    i.MAP11_MemoryWrite  nes_mapper.o
    0x08008e18   0x08008e18   0x0000002c   Code   RO         7225    i.MAP11_Reset       nes_mapper.o
    0x08008e44   0x08008e44   0x0000001c   Code   RO         7226    i.MAP13_Init        nes_mapper.o
    0x08008e60   0x08008e60   0x00000078   Code   RO         7227    i.MAP13_MemoryWrite  nes_mapper.o
    0x08008ed8   0x08008ed8   0x00000050   Code   RO         7228    i.MAP13_Reset       nes_mapper.o
    0x08008f28   0x08008f28   0x0000001c   Code   RO         7229    i.MAP15_Init        nes_mapper.o
    0x08008f44   0x08008f44   0x000000f0   Code   RO         7230    i.MAP15_MemoryWrite  nes_mapper.o
    0x08009034   0x08009034   0x00000002   Code   RO         7231    i.MAP15_Reset       nes_mapper.o
    0x08009036   0x08009036   0x00000002   PAD
    0x08009038   0x08009038   0x00000030   Code   RO         7232    i.MAP16_HSync       nes_mapper.o
    0x08009068   0x08009068   0x00000024   Code   RO         7233    i.MAP16_Init        nes_mapper.o
    0x0800908c   0x0800908c   0x00000004   Code   RO         7234    i.MAP16_MemoryWrite  nes_mapper.o
    0x08009090   0x08009090   0x000000e8   Code   RO         7235    i.MAP16_MemoryWrite2  nes_mapper.o
    0x08009178   0x08009178   0x0000001c   Code   RO         7237    i.MAP16_Reset       nes_mapper.o
    0x08009194   0x08009194   0x00000034   Code   RO         7238    i.MAP17_HSync       nes_mapper.o
    0x080091c8   0x080091c8   0x00000024   Code   RO         7239    i.MAP17_Init        nes_mapper.o
    0x080091ec   0x080091ec   0x0000010c   Code   RO         7240    i.MAP17_MemoryWriteLow  nes_mapper.o
    0x080092f8   0x080092f8   0x00000014   Code   RO         7241    i.MAP17_Reset       nes_mapper.o
    0x0800930c   0x0800930c   0x00000040   Code   RO         7242    i.MAP189_HSync      nes_mapper.o
    0x0800934c   0x0800934c   0x00000024   Code   RO         7243    i.MAP189_Init       nes_mapper.o
    0x08009370   0x08009370   0x000000dc   Code   RO         7244    i.MAP189_MemoryWrite  nes_mapper.o
    0x0800944c   0x0800944c   0x00000038   Code   RO         7246    i.MAP189_Reset      nes_mapper.o
    0x08009484   0x08009484   0x00000030   Code   RO         7247    i.MAP18_HSync       nes_mapper.o
    0x080094b4   0x080094b4   0x00000024   Code   RO         7248    i.MAP18_Init        nes_mapper.o
    0x080094d8   0x080094d8   0x00000278   Code   RO         7249    i.MAP18_MemoryWrite  nes_mapper.o
    0x08009750   0x08009750   0x0000003c   Code   RO         7250    i.MAP18_Reset       nes_mapper.o
    0x0800978c   0x0800978c   0x00000034   Code   RO         7251    i.MAP19_HSync       nes_mapper.o
    0x080097c0   0x080097c0   0x00000024   Code   RO         7252    i.MAP19_Init        nes_mapper.o
    0x080097e4   0x080097e4   0x00000184   Code   RO         7254    i.MAP19_MemoryWrite  nes_mapper.o
    0x08009968   0x08009968   0x00000064   Code   RO         7256    i.MAP19_Reset       nes_mapper.o
    0x080099cc   0x080099cc   0x0000001c   Code   RO         7257    i.MAP1_Init         nes_mapper.o
    0x080099e8   0x080099e8   0x0000002c   Code   RO         7258    i.MAP1_MMC1_set_CPU_banks  nes_mapper.o
    0x08009a14   0x08009a14   0x00000248   Code   RO         7259    i.MAP1_MemoryWrite  nes_mapper.o
    0x08009c5c   0x08009c5c   0x00000064   Code   RO         7260    i.MAP1_Reset        nes_mapper.o
    0x08009cc0   0x08009cc0   0x00000038   Code   RO         7261    i.MAP21_HSync       nes_mapper.o
    0x08009cf8   0x08009cf8   0x00000024   Code   RO         7262    i.MAP21_Init        nes_mapper.o
    0x08009d1c   0x08009d1c   0x000002c4   Code   RO         7263    i.MAP21_MemoryWrite  nes_mapper.o
    0x08009fe0   0x08009fe0   0x00000034   Code   RO         7264    i.MAP21_Reset       nes_mapper.o
    0x0800a014   0x0800a014   0x0000001c   Code   RO         7265    i.MAP225_Init       nes_mapper.o
    0x0800a030   0x0800a030   0x000000d6   Code   RO         7266    i.MAP225_MemoryWrite  nes_mapper.o
    0x0800a106   0x0800a106   0x00000002   PAD
    0x0800a108   0x0800a108   0x00000028   Code   RO         7267    i.MAP225_Reset      nes_mapper.o
    0x0800a130   0x0800a130   0x0000001c   Code   RO         7268    i.MAP227_Init       nes_mapper.o
    0x0800a14c   0x0800a14c   0x000000d2   Code   RO         7269    i.MAP227_MemoryWrite  nes_mapper.o
    0x0800a21e   0x0800a21e   0x00000002   Code   RO         7270    i.MAP227_Reset      nes_mapper.o
    0x0800a220   0x0800a220   0x0000001c   Code   RO         7271    i.MAP22_Init        nes_mapper.o
    0x0800a23c   0x0800a23c   0x000000c4   Code   RO         7272    i.MAP22_MemoryWrite  nes_mapper.o
    0x0800a300   0x0800a300   0x0000001c   Code   RO         7273    i.MAP22_Reset       nes_mapper.o
    0x0800a31c   0x0800a31c   0x00000038   Code   RO         7274    i.MAP23_HSync       nes_mapper.o
    0x0800a354   0x0800a354   0x00000024   Code   RO         7275    i.MAP23_Init        nes_mapper.o
    0x0800a378   0x0800a378   0x0000029c   Code   RO         7276    i.MAP23_MemoryWrite  nes_mapper.o
    0x0800a614   0x0800a614   0x00000050   Code   RO         7277    i.MAP23_Reset       nes_mapper.o
    0x0800a664   0x0800a664   0x0000001c   Code   RO         7278    i.MAP240_Init       nes_mapper.o
    0x0800a680   0x0800a680   0x00000088   Code   RO         7279    i.MAP240_MemoryWriteLow  nes_mapper.o
    0x0800a708   0x0800a708   0x00000028   Code   RO         7280    i.MAP240_Reset      nes_mapper.o
    0x0800a730   0x0800a730   0x0000001c   Code   RO         7281    i.MAP245_Init       nes_mapper.o
    0x0800a74c   0x0800a74c   0x00000040   Code   RO         7282    i.MAP245_MemoryWrite  nes_mapper.o
    0x0800a78c   0x0800a78c   0x0000000c   Code   RO         7283    i.MAP245_Reset      nes_mapper.o
    0x0800a798   0x0800a798   0x0000002c   Code   RO         7284    i.MAP24_HSync       nes_mapper.o
    0x0800a7c4   0x0800a7c4   0x00000024   Code   RO         7285    i.MAP24_Init        nes_mapper.o
    0x0800a7e8   0x0800a7e8   0x0000014c   Code   RO         7286    i.MAP24_MemoryWrite  nes_mapper.o
    0x0800a934   0x0800a934   0x00000038   Code   RO         7287    i.MAP24_Reset       nes_mapper.o
    0x0800a96c   0x0800a96c   0x0000002c   Code   RO         7288    i.MAP25_HSync       nes_mapper.o
    0x0800a998   0x0800a998   0x00000024   Code   RO         7289    i.MAP25_Init        nes_mapper.o
    0x0800a9bc   0x0800a9bc   0x000002f4   Code   RO         7290    i.MAP25_MemoryWrite  nes_mapper.o
    0x0800acb0   0x0800acb0   0x00000054   Code   RO         7291    i.MAP25_Reset       nes_mapper.o
    0x0800ad04   0x0800ad04   0x0000001c   Code   RO         7292    i.MAP2_Init         nes_mapper.o
    0x0800ad20   0x0800ad20   0x00000020   Code   RO         7293    i.MAP2_MemoryWrite  nes_mapper.o
    0x0800ad40   0x0800ad40   0x00000002   Code   RO         7294    i.MAP2_Reset        nes_mapper.o
    0x0800ad42   0x0800ad42   0x00000002   PAD
    0x0800ad44   0x0800ad44   0x0000001c   Code   RO         7295    i.MAP32_Init        nes_mapper.o
    0x0800ad60   0x0800ad60   0x000000c4   Code   RO         7296    i.MAP32_MemoryWrite  nes_mapper.o
    0x0800ae24   0x0800ae24   0x00000030   Code   RO         7297    i.MAP32_Reset       nes_mapper.o
    0x0800ae54   0x0800ae54   0x00000040   Code   RO         7298    i.MAP33_HSync       nes_mapper.o
    0x0800ae94   0x0800ae94   0x00000024   Code   RO         7299    i.MAP33_Init        nes_mapper.o
    0x0800aeb8   0x0800aeb8   0x000000f8   Code   RO         7300    i.MAP33_MemoryWrite  nes_mapper.o
    0x0800afb0   0x0800afb0   0x00000034   Code   RO         7301    i.MAP33_Reset       nes_mapper.o
    0x0800afe4   0x0800afe4   0x0000001c   Code   RO         7302    i.MAP34_Init        nes_mapper.o
    0x0800b000   0x0800b000   0x0000001e   Code   RO         7303    i.MAP34_MemoryWrite  nes_mapper.o
    0x0800b01e   0x0800b01e   0x00000002   PAD
    0x0800b020   0x0800b020   0x00000028   Code   RO         7304    i.MAP34_Reset       nes_mapper.o
    0x0800b048   0x0800b048   0x0000001c   Code   RO         7305    i.MAP3_Init         nes_mapper.o
    0x0800b064   0x0800b064   0x00000030   Code   RO         7306    i.MAP3_MemoryWrite  nes_mapper.o
    0x0800b094   0x0800b094   0x0000001c   Code   RO         7307    i.MAP3_Reset        nes_mapper.o
    0x0800b0b0   0x0800b0b0   0x00000040   Code   RO         7308    i.MAP4_HSync        nes_mapper.o
    0x0800b0f0   0x0800b0f0   0x00000024   Code   RO         7309    i.MAP4_Init         nes_mapper.o
    0x0800b114   0x0800b114   0x0000002c   Code   RO         7310    i.MAP4_MMC3_set_CPU_banks  nes_mapper.o
    0x0800b140   0x0800b140   0x000000f8   Code   RO         7311    i.MAP4_MMC3_set_PPU_banks  nes_mapper.o
    0x0800b238   0x0800b238   0x00000160   Code   RO         7312    i.MAP4_MemoryWrite  nes_mapper.o
    0x0800b398   0x0800b398   0x0000005c   Code   RO         7313    i.MAP4_Reset        nes_mapper.o
    0x0800b3f4   0x0800b3f4   0x00000040   Code   RO         7314    i.MAP64_HSync       nes_mapper.o
    0x0800b434   0x0800b434   0x00000024   Code   RO         7315    i.MAP64_Init        nes_mapper.o
    0x0800b458   0x0800b458   0x0000016c   Code   RO         7316    i.MAP64_MemoryWrite  nes_mapper.o
    0x0800b5c4   0x0800b5c4   0x00000040   Code   RO         7317    i.MAP64_Reset       nes_mapper.o
    0x0800b604   0x0800b604   0x00000034   Code   RO         7318    i.MAP65_HSync       nes_mapper.o
    0x0800b638   0x0800b638   0x00000024   Code   RO         7319    i.MAP65_Init        nes_mapper.o
    0x0800b65c   0x0800b65c   0x00000114   Code   RO         7320    i.MAP65_MemoryWrite  nes_mapper.o
    0x0800b770   0x0800b770   0x00000038   Code   RO         7321    i.MAP65_Reset       nes_mapper.o
    0x0800b7a8   0x0800b7a8   0x0000001c   Code   RO         7322    i.MAP66_Init        nes_mapper.o
    0x0800b7c4   0x0800b7c4   0x0000007a   Code   RO         7323    i.MAP66_MemoryWrite  nes_mapper.o
    0x0800b83e   0x0800b83e   0x0000001c   Code   RO         7324    i.MAP66_Reset       nes_mapper.o
    0x0800b85a   0x0800b85a   0x00000002   PAD
    0x0800b85c   0x0800b85c   0x00000040   Code   RO         7325    i.MAP67_HSync       nes_mapper.o
    0x0800b89c   0x0800b89c   0x00000024   Code   RO         7326    i.MAP67_Init        nes_mapper.o
    0x0800b8c0   0x0800b8c0   0x000000cc   Code   RO         7327    i.MAP67_MemoryWrite  nes_mapper.o
    0x0800b98c   0x0800b98c   0x00000054   Code   RO         7328    i.MAP67_Reset       nes_mapper.o
    0x0800b9e0   0x0800b9e0   0x0000002c   Code   RO         7329    i.MAP69_HSync       nes_mapper.o
    0x0800ba0c   0x0800ba0c   0x00000024   Code   RO         7330    i.MAP69_Init        nes_mapper.o
    0x0800ba30   0x0800ba30   0x000000ec   Code   RO         7331    i.MAP69_MemoryWrite  nes_mapper.o
    0x0800bb1c   0x0800bb1c   0x00000038   Code   RO         7332    i.MAP69_Reset       nes_mapper.o
    0x0800bb54   0x0800bb54   0x00000030   Code   RO         7333    i.MAP6_HSync        nes_mapper.o
    0x0800bb84   0x0800bb84   0x0000002c   Code   RO         7334    i.MAP6_Init         nes_mapper.o
    0x0800bbb0   0x0800bbb0   0x0000006c   Code   RO         7335    i.MAP6_MemoryWrite  nes_mapper.o
    0x0800bc1c   0x0800bc1c   0x0000007c   Code   RO         7336    i.MAP6_MemoryWriteLow  nes_mapper.o
    0x0800bc98   0x0800bc98   0x0000006c   Code   RO         7337    i.MAP6_Reset        nes_mapper.o
    0x0800bd04   0x0800bd04   0x0000001c   Code   RO         7338    i.MAP70_Init        nes_mapper.o
    0x0800bd20   0x0800bd20   0x00000086   Code   RO         7339    i.MAP70_MemoryWrite  nes_mapper.o
    0x0800bda6   0x0800bda6   0x00000002   Code   RO         7340    i.MAP70_Reset       nes_mapper.o
    0x0800bda8   0x0800bda8   0x0000001c   Code   RO         7341    i.MAP71_Init        nes_mapper.o
    0x0800bdc4   0x0800bdc4   0x00000062   Code   RO         7342    i.MAP71_MemoryWrite  nes_mapper.o
    0x0800be26   0x0800be26   0x00000002   Code   RO         7343    i.MAP71_Reset       nes_mapper.o
    0x0800be28   0x0800be28   0x0000001c   Code   RO         7344    i.MAP72_Init        nes_mapper.o
    0x0800be44   0x0800be44   0x00000050   Code   RO         7345    i.MAP72_MemoryWrite  nes_mapper.o
    0x0800be94   0x0800be94   0x00000028   Code   RO         7346    i.MAP72_Reset       nes_mapper.o
    0x0800bebc   0x0800bebc   0x00000014   Code   RO         7347    i.MAP73_HSync       nes_mapper.o
    0x0800bed0   0x0800bed0   0x00000024   Code   RO         7348    i.MAP73_Init        nes_mapper.o
    0x0800bef4   0x0800bef4   0x00000068   Code   RO         7349    i.MAP73_MemoryWrite  nes_mapper.o
    0x0800bf5c   0x0800bf5c   0x0000000c   Code   RO         7350    i.MAP73_Reset       nes_mapper.o
    0x0800bf68   0x0800bf68   0x0000001c   Code   RO         7351    i.MAP75_Init        nes_mapper.o
    0x0800bf84   0x0800bf84   0x00000140   Code   RO         7352    i.MAP75_MemoryWrite  nes_mapper.o
    0x0800c0c4   0x0800c0c4   0x00000034   Code   RO         7353    i.MAP75_Reset       nes_mapper.o
    0x0800c0f8   0x0800c0f8   0x0000001c   Code   RO         7354    i.MAP76_Init        nes_mapper.o
    0x0800c114   0x0800c114   0x00000088   Code   RO         7355    i.MAP76_MemoryWrite  nes_mapper.o
    0x0800c19c   0x0800c19c   0x00000028   Code   RO         7356    i.MAP76_Reset       nes_mapper.o
    0x0800c1c4   0x0800c1c4   0x0000001c   Code   RO         7357    i.MAP78_Init        nes_mapper.o
    0x0800c1e0   0x0800c1e0   0x00000094   Code   RO         7358    i.MAP78_MemoryWrite  nes_mapper.o
    0x0800c274   0x0800c274   0x00000028   Code   RO         7359    i.MAP78_Reset       nes_mapper.o
    0x0800c29c   0x0800c29c   0x0000001c   Code   RO         7360    i.MAP79_Init        nes_mapper.o
    0x0800c2b8   0x0800c2b8   0x00000084   Code   RO         7361    i.MAP79_MemoryWriteLow  nes_mapper.o
    0x0800c33c   0x0800c33c   0x00000028   Code   RO         7362    i.MAP79_Reset       nes_mapper.o
    0x0800c364   0x0800c364   0x0000001c   Code   RO         7363    i.MAP7_Init         nes_mapper.o
    0x0800c380   0x0800c380   0x00000030   Code   RO         7364    i.MAP7_MemoryWrite  nes_mapper.o
    0x0800c3b0   0x0800c3b0   0x00000002   Code   RO         7365    i.MAP7_Reset        nes_mapper.o
    0x0800c3b2   0x0800c3b2   0x00000002   PAD
    0x0800c3b4   0x0800c3b4   0x0000002c   Code   RO         7366    i.MAP85_HSync       nes_mapper.o
    0x0800c3e0   0x0800c3e0   0x00000024   Code   RO         7367    i.MAP85_Init        nes_mapper.o
    0x0800c404   0x0800c404   0x00000190   Code   RO         7368    i.MAP85_MemoryWrite  nes_mapper.o
    0x0800c594   0x0800c594   0x0000007c   Code   RO         7369    i.MAP85_Reset       nes_mapper.o
    0x0800c610   0x0800c610   0x0000001c   Code   RO         7370    i.MAP87_Init        nes_mapper.o
    0x0800c62c   0x0800c62c   0x0000005e   Code   RO         7371    i.MAP87_MemoryWrite  nes_mapper.o
    0x0800c68a   0x0800c68a   0x00000002   PAD
    0x0800c68c   0x0800c68c   0x00000028   Code   RO         7372    i.MAP87_Reset       nes_mapper.o
    0x0800c6b4   0x0800c6b4   0x0000001c   Code   RO         7373    i.MAP88_Init        nes_mapper.o
    0x0800c6d0   0x0800c6d0   0x000000bc   Code   RO         7374    i.MAP88_MemoryWrite  nes_mapper.o
    0x0800c78c   0x0800c78c   0x00000028   Code   RO         7375    i.MAP88_Reset       nes_mapper.o
    0x0800c7b4   0x0800c7b4   0x0000001c   Code   RO         7376    i.MAP8_Init         nes_mapper.o
    0x0800c7d0   0x0800c7d0   0x00000066   Code   RO         7377    i.MAP8_MemoryWrite  nes_mapper.o
    0x0800c836   0x0800c836   0x0000001c   Code   RO         7378    i.MAP8_Reset        nes_mapper.o
    0x0800c852   0x0800c852   0x00000002   PAD
    0x0800c854   0x0800c854   0x0000001c   Code   RO         7379    i.MAP99_Init        nes_mapper.o
    0x0800c870   0x0800c870   0x00000028   Code   RO         7380    i.MAP99_Reset       nes_mapper.o
    0x0800c898   0x0800c898   0x0000003e   Code   RO         7381    i.MAP99_WriteHighRegs  nes_mapper.o
    0x0800c8d6   0x0800c8d6   0x00000002   PAD
    0x0800c8d8   0x0800c8d8   0x00000060   Code   RO         5815    i.MSC_BOT_Abort     usbd_msc_bot.o
    0x0800c938   0x0800c938   0x000000f0   Code   RO         5816    i.MSC_BOT_CBW_Decode  usbd_msc_bot.o
    0x0800ca28   0x0800ca28   0x00000050   Code   RO         5817    i.MSC_BOT_CplClrFeature  usbd_msc_bot.o
    0x0800ca78   0x0800ca78   0x00000046   Code   RO         5818    i.MSC_BOT_DataIn    usbd_msc_bot.o
    0x0800cabe   0x0800cabe   0x00000046   Code   RO         5819    i.MSC_BOT_DataOut   usbd_msc_bot.o
    0x0800cb04   0x0800cb04   0x00000016   Code   RO         5820    i.MSC_BOT_DeInit    usbd_msc_bot.o
    0x0800cb1a   0x0800cb1a   0x00000002   PAD
    0x0800cb1c   0x0800cb1c   0x00000068   Code   RO         5821    i.MSC_BOT_Init      usbd_msc_bot.o
    0x0800cb84   0x0800cb84   0x0000004c   Code   RO         5822    i.MSC_BOT_Reset     usbd_msc_bot.o
    0x0800cbd0   0x0800cbd0   0x00000054   Code   RO         5823    i.MSC_BOT_SendCSW   usbd_msc_bot.o
    0x0800cc24   0x0800cc24   0x00000064   Code   RO          257    i.MX_ADC1_Init      adc.o
    0x0800cc88   0x0800cc88   0x0000003c   Code   RO          299    i.MX_DAC_Init       dac.o
    0x0800ccc4   0x0800ccc4   0x0000005c   Code   RO          339    i.MX_DMA_Init       dma.o
    0x0800cd20   0x0800cd20   0x000000f0   Code   RO          231    i.MX_GPIO_Init      gpio.o
    0x0800ce10   0x0800ce10   0x000000d0   Code   RO          365    i.MX_RTC_Init       rtc.o
    0x0800cee0   0x0800cee0   0x00000048   Code   RO          407    i.MX_SPI1_Init      spi.o
    0x0800cf28   0x0800cf28   0x00000044   Code   RO          408    i.MX_SPI2_Init      spi.o
    0x0800cf6c   0x0800cf6c   0x00000068   Code   RO          456    i.MX_TIM1_Init      tim.o
    0x0800cfd4   0x0800cfd4   0x00000098   Code   RO          457    i.MX_TIM2_Init      tim.o
    0x0800d06c   0x0800d06c   0x00000038   Code   RO          509    i.MX_USART1_UART_Init  usart.o
    0x0800d0a4   0x0800d0a4   0x00000054   Code   RO          697    i.MX_USB_DEVICE_Init  usb_device.o
    0x0800d0f8   0x0800d0f8   0x00000002   Code   RO         7382    i.Mapper_HSync      nes_mapper.o
    0x0800d0fa   0x0800d0fa   0x00000002   PAD
    0x0800d0fc   0x0800d0fc   0x00000224   Code   RO         7383    i.Mapper_Init       nes_mapper.o
    0x0800d320   0x0800d320   0x00000002   Code   RO         7384    i.Mapper_Read       nes_mapper.o
    0x0800d322   0x0800d322   0x00000004   Code   RO         7385    i.Mapper_ReadLow    nes_mapper.o
    0x0800d326   0x0800d326   0x00000002   Code   RO         7386    i.Mapper_Reset      nes_mapper.o
    0x0800d328   0x0800d328   0x00000002   Code   RO         7387    i.Mapper_VSync      nes_mapper.o
    0x0800d32a   0x0800d32a   0x00000002   Code   RO         7388    i.Mapper_Write      nes_mapper.o
    0x0800d32c   0x0800d32c   0x00000002   Code   RO         7389    i.Mapper_WriteLow   nes_mapper.o
    0x0800d32e   0x0800d32e   0x00000002   Code   RO          555    i.MemManage_Handler  stm32f4xx_it.o
    0x0800d330   0x0800d330   0x00000228   Code   RO         6777    i.Menu_Del          menu.o
    0x0800d558   0x0800d558   0x000000c8   Code   RO         6778    i.Menu_Init         menu.o
    0x0800d620   0x0800d620   0x00000070   Code   RO         7123    i.NES_Play          nes_main.o
    0x0800d690   0x0800d690   0x00000070   Code   RO         7124    i.NES_SetPlay_SamplesPerSec  nes_main.o
    0x0800d700   0x0800d700   0x00000090   Code   RO         7125    i.NES_get_gamepadval  nes_main.o
    0x0800d790   0x0800d790   0x00000024   Code   RO         7126    i.NES_set_window    nes_main.o
    0x0800d7b4   0x0800d7b4   0x00000002   Code   RO          556    i.NMI_Handler       stm32f4xx_it.o
    0x0800d7b6   0x0800d7b6   0x00000002   PAD
    0x0800d7b8   0x0800d7b8   0x00000010   Code   RO         8565    i.NMI_enabled       nes_ppu.o
    0x0800d7c8   0x0800d7c8   0x0000000c   Code   RO          557    i.OTG_FS_IRQHandler  stm32f4xx_it.o
    0x0800d7d4   0x0800d7d4   0x000000cc   Code   RO         1147    i.PCD_EP_OutXfrComplete_int  stm32f4xx_hal_pcd.o
    0x0800d8a0   0x0800d8a0   0x000000a2   Code   RO         1148    i.PCD_WriteEmptyTxFifo  stm32f4xx_hal_pcd.o
    0x0800d942   0x0800d942   0x00000002   PAD
    0x0800d944   0x0800d944   0x0000002c   Code   RO         8567    i.PPU_ReadFromPort  nes_ppu.o
    0x0800d970   0x0800d970   0x000000d0   Code   RO         8568    i.PPU_WriteToPort   nes_ppu.o
    0x0800da40   0x0800da40   0x000000c4   Code   RO         8569    i.PPU_reset         nes_ppu.o
    0x0800db04   0x0800db04   0x00000024   Code   RO         8570    i.PPU_start_frame   nes_ppu.o
    0x0800db28   0x0800db28   0x00000002   Code   RO          558    i.PendSV_Handler    stm32f4xx_it.o
    0x0800db2a   0x0800db2a   0x00000002   PAD
    0x0800db2c   0x0800db2c   0x0000000c   Code   RO          559    i.RTC_Alarm_IRQHandler  stm32f4xx_it.o
    0x0800db38   0x0800db38   0x00000012   Code   RO         3369    i.RTC_Bcd2ToByte    stm32f4xx_hal_rtc.o
    0x0800db4a   0x0800db4a   0x00000018   Code   RO         3370    i.RTC_ByteToBcd2    stm32f4xx_hal_rtc.o
    0x0800db62   0x0800db62   0x00000002   PAD
    0x0800db64   0x0800db64   0x00000048   Code   RO         3371    i.RTC_EnterInitMode  stm32f4xx_hal_rtc.o
    0x0800dbac   0x0800dbac   0x0000002a   Code   RO         3372    i.RTC_ExitInitMode  stm32f4xx_hal_rtc.o
    0x0800dbd6   0x0800dbd6   0x00000002   PAD
    0x0800dbd8   0x0800dbd8   0x0000000c   Code   RO          560    i.RTC_WKUP_IRQHandler  stm32f4xx_it.o
    0x0800dbe4   0x0800dbe4   0x0000002e   Code   RO         5913    i.SCSI_CheckAddressRange  usbd_msc_scsi.o
    0x0800dc12   0x0800dc12   0x00000002   PAD
    0x0800dc14   0x0800dc14   0x0000007c   Code   RO         5914    i.SCSI_Inquiry      usbd_msc_scsi.o
    0x0800dc90   0x0800dc90   0x0000015c   Code   RO         5915    i.SCSI_ProcessCmd   usbd_msc_scsi.o
    0x0800ddec   0x0800ddec   0x000000a8   Code   RO         5916    i.SCSI_ProcessRead  usbd_msc_scsi.o
    0x0800de94   0x0800de94   0x000000b4   Code   RO         5917    i.SCSI_ProcessWrite  usbd_msc_scsi.o
    0x0800df48   0x0800df48   0x000000ac   Code   RO         5918    i.SCSI_Read10       usbd_msc_scsi.o
    0x0800dff4   0x0800dff4   0x000000b2   Code   RO         5919    i.SCSI_Read12       usbd_msc_scsi.o
    0x0800e0a6   0x0800e0a6   0x00000076   Code   RO         5920    i.SCSI_ReadCapacity10  usbd_msc_scsi.o
    0x0800e11c   0x0800e11c   0x000000a6   Code   RO         5921    i.SCSI_ReadCapacity16  usbd_msc_scsi.o
    0x0800e1c2   0x0800e1c2   0x00000086   Code   RO         5922    i.SCSI_ReadFormatCapacity  usbd_msc_scsi.o
    0x0800e248   0x0800e248   0x00000088   Code   RO         5923    i.SCSI_RequestSense  usbd_msc_scsi.o
    0x0800e2d0   0x0800e2d0   0x0000004c   Code   RO         5924    i.SCSI_SenseCode    usbd_msc_scsi.o
    0x0800e31c   0x0800e31c   0x00000060   Code   RO         5925    i.SCSI_TestUnitReady  usbd_msc_scsi.o
    0x0800e37c   0x0800e37c   0x00000020   Code   RO         5926    i.SCSI_UpdateBotData  usbd_msc_scsi.o
    0x0800e39c   0x0800e39c   0x000000e0   Code   RO         5927    i.SCSI_Write10      usbd_msc_scsi.o
    0x0800e47c   0x0800e47c   0x000000ec   Code   RO         5928    i.SCSI_Write12      usbd_msc_scsi.o
    0x0800e568   0x0800e568   0x0000000c   Code   RO          561    i.SPI1_IRQHandler   stm32f4xx_it.o
    0x0800e574   0x0800e574   0x00000010   Code   RO         3786    i.SPI_DMAAbortOnError  stm32f4xx_hal_spi.o
    0x0800e584   0x0800e584   0x00000022   Code   RO         3787    i.SPI_DMAError      stm32f4xx_hal_spi.o
    0x0800e5a6   0x0800e5a6   0x0000000a   Code   RO         3789    i.SPI_DMAHalfTransmitCplt  stm32f4xx_hal_spi.o
    0x0800e5b0   0x0800e5b0   0x00000064   Code   RO         3793    i.SPI_DMATransmitCplt  stm32f4xx_hal_spi.o
    0x0800e614   0x0800e614   0x00000058   Code   RO         3797    i.SPI_EndRxTxTransaction  stm32f4xx_hal_spi.o
    0x0800e66c   0x0800e66c   0x000000b8   Code   RO         3802    i.SPI_WaitFlagStateUntilTimeout  stm32f4xx_hal_spi.o
    0x0800e724   0x0800e724   0x000001fc   Code   RO         6289    i.ST7789_Init       st7789.o
    0x0800e920   0x0800e920   0x00000020   Code   RO         6290    i.ST7789_ReadWriteByte  st7789.o
    0x0800e940   0x0800e940   0x0000000e   Code   RO          837    i.STORAGE_GetCapacity_FS  usbd_storage_if.o
    0x0800e94e   0x0800e94e   0x00000004   Code   RO          838    i.STORAGE_GetMaxLun_FS  usbd_storage_if.o
    0x0800e952   0x0800e952   0x00000004   Code   RO          839    i.STORAGE_Init_FS   usbd_storage_if.o
    0x0800e956   0x0800e956   0x00000004   Code   RO          840    i.STORAGE_IsReady_FS  usbd_storage_if.o
    0x0800e95a   0x0800e95a   0x00000004   Code   RO          841    i.STORAGE_IsWriteProtected_FS  usbd_storage_if.o
    0x0800e95e   0x0800e95e   0x00000012   Code   RO          842    i.STORAGE_Read_FS   usbd_storage_if.o
    0x0800e970   0x0800e970   0x00000012   Code   RO          843    i.STORAGE_Write_FS  usbd_storage_if.o
    0x0800e982   0x0800e982   0x00000002   Code   RO          562    i.SVC_Handler       stm32f4xx_it.o
    0x0800e984   0x0800e984   0x0000000a   Code   RO         5597    i.SWAPBYTE          usbd_ctlreq.o
    0x0800e98e   0x0800e98e   0x00000004   Code   RO          563    i.SysTick_Handler   stm32f4xx_it.o
    0x0800e992   0x0800e992   0x00000002   PAD
    0x0800e994   0x0800e994   0x0000009c   Code   RO           14    i.SystemClock_Config  main.o
    0x0800ea30   0x0800ea30   0x00000010   Code   RO         5401    i.SystemInit        system_stm32f4xx.o
    0x0800ea40   0x0800ea40   0x0000000c   Code   RO          564    i.TIM1_UP_TIM10_IRQHandler  stm32f4xx_it.o
    0x0800ea4c   0x0800ea4c   0x000000c8   Code   RO         4165    i.TIM_Base_SetConfig  stm32f4xx_hal_tim.o
    0x0800eb14   0x0800eb14   0x00000014   Code   RO         4176    i.TIM_ETR_SetConfig  stm32f4xx_hal_tim.o
    0x0800eb28   0x0800eb28   0x00000010   Code   RO         4177    i.TIM_ITRx_SetConfig  stm32f4xx_hal_tim.o
    0x0800eb38   0x0800eb38   0x00000060   Code   RO         4178    i.TIM_OC1_SetConfig  stm32f4xx_hal_tim.o
    0x0800eb98   0x0800eb98   0x0000006c   Code   RO         4179    i.TIM_OC2_SetConfig  stm32f4xx_hal_tim.o
    0x0800ec04   0x0800ec04   0x00000068   Code   RO         4180    i.TIM_OC3_SetConfig  stm32f4xx_hal_tim.o
    0x0800ec6c   0x0800ec6c   0x00000050   Code   RO         4181    i.TIM_OC4_SetConfig  stm32f4xx_hal_tim.o
    0x0800ecbc   0x0800ecbc   0x00000022   Code   RO         4183    i.TIM_TI1_ConfigInputStage  stm32f4xx_hal_tim.o
    0x0800ecde   0x0800ecde   0x00000024   Code   RO         4185    i.TIM_TI2_ConfigInputStage  stm32f4xx_hal_tim.o
    0x0800ed02   0x0800ed02   0x00000002   PAD
    0x0800ed04   0x0800ed04   0x0000000c   Code   RO         6458    i.Time_Init         timer.o
    0x0800ed10   0x0800ed10   0x0000010c   Code   RO         5098    i.UART_SetConfig    stm32f4xx_hal_uart.o
    0x0800ee1c   0x0800ee1c   0x00000078   Code   RO         5101    i.UART_WaitOnFlagUntilTimeout  stm32f4xx_hal_uart.o
    0x0800ee94   0x0800ee94   0x00000014   Code   RO         5438    i.USBD_ClrClassConfig  usbd_core.o
    0x0800eea8   0x0800eea8   0x00000004   Code   RO         5439    i.USBD_CoreFindEP   usbd_core.o
    0x0800eeac   0x0800eeac   0x00000004   Code   RO         5440    i.USBD_CoreFindIF   usbd_core.o
    0x0800eeb0   0x0800eeb0   0x00000010   Code   RO         5670    i.USBD_CtlContinueRx  usbd_ioreq.o
    0x0800eec0   0x0800eec0   0x00000010   Code   RO         5671    i.USBD_CtlContinueSendData  usbd_ioreq.o
    0x0800eed0   0x0800eed0   0x00000016   Code   RO         5598    i.USBD_CtlError     usbd_ctlreq.o
    0x0800eee6   0x0800eee6   0x00000016   Code   RO         5673    i.USBD_CtlReceiveStatus  usbd_ioreq.o
    0x0800eefc   0x0800eefc   0x0000001a   Code   RO         5674    i.USBD_CtlSendData  usbd_ioreq.o
    0x0800ef16   0x0800ef16   0x00000016   Code   RO         5675    i.USBD_CtlSendStatus  usbd_ioreq.o
    0x0800ef2c   0x0800ef2c   0x00000020   Code   RO          752    i.USBD_FS_ConfigStrDescriptor  usbd_desc.o
    0x0800ef4c   0x0800ef4c   0x0000000c   Code   RO          753    i.USBD_FS_DeviceDescriptor  usbd_desc.o
    0x0800ef58   0x0800ef58   0x00000024   Code   RO          754    i.USBD_FS_InterfaceStrDescriptor  usbd_desc.o
    0x0800ef7c   0x0800ef7c   0x0000000c   Code   RO          755    i.USBD_FS_LangIDStrDescriptor  usbd_desc.o
    0x0800ef88   0x0800ef88   0x00000028   Code   RO          756    i.USBD_FS_ManufacturerStrDescriptor  usbd_desc.o
    0x0800efb0   0x0800efb0   0x00000028   Code   RO          757    i.USBD_FS_ProductStrDescriptor  usbd_desc.o
    0x0800efd8   0x0800efd8   0x00000038   Code   RO          758    i.USBD_FS_SerialStrDescriptor  usbd_desc.o
    0x0800f010   0x0800f010   0x000000e6   Code   RO         5599    i.USBD_GetDescriptor  usbd_ctlreq.o
    0x0800f0f6   0x0800f0f6   0x0000003a   Code   RO         5442    i.USBD_GetEpDesc    usbd_core.o
    0x0800f130   0x0800f130   0x0000000e   Code   RO         5443    i.USBD_GetNextDesc  usbd_core.o
    0x0800f13e   0x0800f13e   0x00000048   Code   RO         5600    i.USBD_GetString    usbd_ctlreq.o
    0x0800f186   0x0800f186   0x00000018   Code   RO          918    i.USBD_Get_USB_Status  usbd_conf.o
    0x0800f19e   0x0800f19e   0x00000026   Code   RO         5444    i.USBD_Init         usbd_core.o
    0x0800f1c4   0x0800f1c4   0x00000012   Code   RO          919    i.USBD_LL_ClearStallEP  usbd_conf.o
    0x0800f1d6   0x0800f1d6   0x00000012   Code   RO          920    i.USBD_LL_CloseEP   usbd_conf.o
    0x0800f1e8   0x0800f1e8   0x000000b6   Code   RO         5445    i.USBD_LL_DataInStage  usbd_core.o
    0x0800f29e   0x0800f29e   0x0000008e   Code   RO         5446    i.USBD_LL_DataOutStage  usbd_core.o
    0x0800f32c   0x0800f32c   0x00000004   Code   RO         5447    i.USBD_LL_DevConnected  usbd_core.o
    0x0800f330   0x0800f330   0x0000001e   Code   RO         5448    i.USBD_LL_DevDisconnected  usbd_core.o
    0x0800f34e   0x0800f34e   0x00000012   Code   RO          923    i.USBD_LL_FlushEP   usbd_conf.o
    0x0800f360   0x0800f360   0x00000008   Code   RO          924    i.USBD_LL_GetRxDataSize  usbd_conf.o
    0x0800f368   0x0800f368   0x00000060   Code   RO          925    i.USBD_LL_Init      usbd_conf.o
    0x0800f3c8   0x0800f3c8   0x00000020   Code   RO          926    i.USBD_LL_IsStallEP  usbd_conf.o
    0x0800f3e8   0x0800f3e8   0x00000028   Code   RO         5449    i.USBD_LL_IsoINIncomplete  usbd_core.o
    0x0800f410   0x0800f410   0x00000028   Code   RO         5450    i.USBD_LL_IsoOUTIncomplete  usbd_core.o
    0x0800f438   0x0800f438   0x00000018   Code   RO          927    i.USBD_LL_OpenEP    usbd_conf.o
    0x0800f450   0x0800f450   0x00000012   Code   RO          928    i.USBD_LL_PrepareReceive  usbd_conf.o
    0x0800f462   0x0800f462   0x0000005c   Code   RO         5451    i.USBD_LL_Reset     usbd_core.o
    0x0800f4be   0x0800f4be   0x00000014   Code   RO         5452    i.USBD_LL_Resume    usbd_core.o
    0x0800f4d2   0x0800f4d2   0x0000001a   Code   RO         5453    i.USBD_LL_SOF       usbd_core.o
    0x0800f4ec   0x0800f4ec   0x00000006   Code   RO         5454    i.USBD_LL_SetSpeed  usbd_core.o
    0x0800f4f2   0x0800f4f2   0x00000012   Code   RO          929    i.USBD_LL_SetUSBAddress  usbd_conf.o
    0x0800f504   0x0800f504   0x00000060   Code   RO         5455    i.USBD_LL_SetupStage  usbd_core.o
    0x0800f564   0x0800f564   0x00000012   Code   RO          930    i.USBD_LL_StallEP   usbd_conf.o
    0x0800f576   0x0800f576   0x00000012   Code   RO          931    i.USBD_LL_Start     usbd_conf.o
    0x0800f588   0x0800f588   0x00000012   Code   RO         5456    i.USBD_LL_Suspend   usbd_core.o
    0x0800f59a   0x0800f59a   0x00000012   Code   RO          933    i.USBD_LL_Transmit  usbd_conf.o
    0x0800f5ac   0x0800f5ac   0x0000000a   Code   RO         5730    i.USBD_MSC_DataIn   usbd_msc.o
    0x0800f5b6   0x0800f5b6   0x0000000a   Code   RO         5731    i.USBD_MSC_DataOut  usbd_msc.o
    0x0800f5c0   0x0800f5c0   0x00000074   Code   RO         5732    i.USBD_MSC_DeInit   usbd_msc.o
    0x0800f634   0x0800f634   0x0000000c   Code   RO         5733    i.USBD_MSC_GetDeviceQualifierDescriptor  usbd_msc.o
    0x0800f640   0x0800f640   0x0000002c   Code   RO         5734    i.USBD_MSC_GetFSCfgDesc  usbd_msc.o
    0x0800f66c   0x0800f66c   0x00000030   Code   RO         5735    i.USBD_MSC_GetHSCfgDesc  usbd_msc.o
    0x0800f69c   0x0800f69c   0x0000002c   Code   RO         5736    i.USBD_MSC_GetOtherSpeedCfgDesc  usbd_msc.o
    0x0800f6c8   0x0800f6c8   0x000000ac   Code   RO         5737    i.USBD_MSC_Init     usbd_msc.o
    0x0800f774   0x0800f774   0x00000016   Code   RO         5738    i.USBD_MSC_RegisterStorage  usbd_msc.o
    0x0800f78a   0x0800f78a   0x000000dc   Code   RO         5739    i.USBD_MSC_Setup    usbd_msc.o
    0x0800f866   0x0800f866   0x0000002c   Code   RO         5601    i.USBD_ParseSetupRequest  usbd_ctlreq.o
    0x0800f892   0x0800f892   0x0000003a   Code   RO         5457    i.USBD_RegisterClass  usbd_core.o
    0x0800f8cc   0x0800f8cc   0x00000014   Code   RO         5459    i.USBD_SetClassConfig  usbd_core.o
    0x0800f8e0   0x0800f8e0   0x000000b8   Code   RO         5602    i.USBD_SetConfig    usbd_ctlreq.o
    0x0800f998   0x0800f998   0x00000004   Code   RO         5460    i.USBD_Start        usbd_core.o
    0x0800f99c   0x0800f99c   0x0000012c   Code   RO         5603    i.USBD_StdDevReq    usbd_ctlreq.o
    0x0800fac8   0x0800fac8   0x00000160   Code   RO         5604    i.USBD_StdEPReq     usbd_ctlreq.o
    0x0800fc28   0x0800fc28   0x00000072   Code   RO         5605    i.USBD_StdItfReq    usbd_ctlreq.o
    0x0800fc9a   0x0800fc9a   0x00000002   Code   RO          934    i.USBD_static_free  usbd_conf.o
    0x0800fc9c   0x0800fc9c   0x00000008   Code   RO          935    i.USBD_static_malloc  usbd_conf.o
    0x0800fca4   0x0800fca4   0x00000080   Code   RO         1393    i.USB_ActivateEndpoint  stm32f4xx_ll_usb.o
    0x0800fd24   0x0800fd24   0x0000001c   Code   RO         1395    i.USB_ActivateSetup  stm32f4xx_ll_usb.o
    0x0800fd40   0x0800fd40   0x00000074   Code   RO         1397    i.USB_CoreInit      stm32f4xx_ll_usb.o
    0x0800fdb4   0x0800fdb4   0x00000040   Code   RO         1398    i.USB_CoreReset     stm32f4xx_ll_usb.o
    0x0800fdf4   0x0800fdf4   0x000000cc   Code   RO         1401    i.USB_DeactivateEndpoint  stm32f4xx_ll_usb.o
    0x0800fec0   0x0800fec0   0x0000001c   Code   RO         1402    i.USB_DevConnect    stm32f4xx_ll_usb.o
    0x0800fedc   0x0800fedc   0x0000001c   Code   RO         1403    i.USB_DevDisconnect  stm32f4xx_ll_usb.o
    0x0800fef8   0x0800fef8   0x00000174   Code   RO         1404    i.USB_DevInit       stm32f4xx_ll_usb.o
    0x0801006c   0x0801006c   0x0000000c   Code   RO         1405    i.USB_DisableGlobalInt  stm32f4xx_ll_usb.o
    0x08010078   0x08010078   0x0000011c   Code   RO         1408    i.USB_EP0StartXfer  stm32f4xx_ll_usb.o
    0x08010194   0x08010194   0x00000058   Code   RO         1409    i.USB_EP0_OutStart  stm32f4xx_ll_usb.o
    0x080101ec   0x080101ec   0x00000058   Code   RO         1410    i.USB_EPClearStall  stm32f4xx_ll_usb.o
    0x08010244   0x08010244   0x00000058   Code   RO         1411    i.USB_EPSetStall    stm32f4xx_ll_usb.o
    0x0801029c   0x0801029c   0x000001e4   Code   RO         1412    i.USB_EPStartXfer   stm32f4xx_ll_usb.o
    0x08010480   0x08010480   0x0000009e   Code   RO         1413    i.USB_EPStopXfer    stm32f4xx_ll_usb.o
    0x0801051e   0x0801051e   0x0000000c   Code   RO         1414    i.USB_EnableGlobalInt  stm32f4xx_ll_usb.o
    0x0801052a   0x0801052a   0x00000002   PAD
    0x0801052c   0x0801052c   0x0000003c   Code   RO         1415    i.USB_FlushRxFifo   stm32f4xx_ll_usb.o
    0x08010568   0x08010568   0x00000040   Code   RO         1416    i.USB_FlushTxFifo   stm32f4xx_ll_usb.o
    0x080105a8   0x080105a8   0x0000001a   Code   RO         1418    i.USB_GetDevSpeed   stm32f4xx_ll_usb.o
    0x080105c2   0x080105c2   0x00000008   Code   RO         1420    i.USB_GetMode       stm32f4xx_ll_usb.o
    0x080105ca   0x080105ca   0x0000000e   Code   RO         1427    i.USB_ReadDevAllInEpInterrupt  stm32f4xx_ll_usb.o
    0x080105d8   0x080105d8   0x0000000e   Code   RO         1428    i.USB_ReadDevAllOutEpInterrupt  stm32f4xx_ll_usb.o
    0x080105e6   0x080105e6   0x00000024   Code   RO         1429    i.USB_ReadDevInEPInterrupt  stm32f4xx_ll_usb.o
    0x0801060a   0x0801060a   0x00000010   Code   RO         1430    i.USB_ReadDevOutEPInterrupt  stm32f4xx_ll_usb.o
    0x0801061a   0x0801061a   0x00000008   Code   RO         1431    i.USB_ReadInterrupts  stm32f4xx_ll_usb.o
    0x08010622   0x08010622   0x0000003e   Code   RO         1432    i.USB_ReadPacket    stm32f4xx_ll_usb.o
    0x08010660   0x08010660   0x0000005c   Code   RO         1434    i.USB_SetCurrentMode  stm32f4xx_ll_usb.o
    0x080106bc   0x080106bc   0x00000022   Code   RO         1435    i.USB_SetDevAddress  stm32f4xx_ll_usb.o
    0x080106de   0x080106de   0x00000002   PAD
    0x080106e0   0x080106e0   0x000000e8   Code   RO         1437    i.USB_SetTurnaroundTime  stm32f4xx_ll_usb.o
    0x080107c8   0x080107c8   0x00000028   Code   RO         1440    i.USB_WritePacket   stm32f4xx_ll_usb.o
    0x080107f0   0x080107f0   0x00000002   Code   RO          565    i.UsageFault_Handler  stm32f4xx_it.o
    0x080107f2   0x080107f2   0x00000002   PAD
    0x080107f4   0x080107f4   0x00000044   Code   RO         6552    i.W25QXX_Erase_Sector  w25qxx.o
    0x08010838   0x08010838   0x0000000a   Code   RO         6553    i.W25QXX_FatFs_Init  w25qxx.o
    0x08010842   0x08010842   0x00000020   Code   RO         6554    i.W25QXX_FatFs_Ioctl  w25qxx.o
    0x08010862   0x08010862   0x00000028   Code   RO         6555    i.W25QXX_FatFs_Read  w25qxx.o
    0x0801088a   0x0801088a   0x00000004   Code   RO         6556    i.W25QXX_FatFs_Status  w25qxx.o
    0x0801088e   0x0801088e   0x00000028   Code   RO         6557    i.W25QXX_FatFs_Write  w25qxx.o
    0x080108b6   0x080108b6   0x00000002   PAD
    0x080108b8   0x080108b8   0x00000020   Code   RO         6558    i.W25QXX_Init       w25qxx.o
    0x080108d8   0x080108d8   0x0000004c   Code   RO         6560    i.W25QXX_Read       w25qxx.o
    0x08010924   0x08010924   0x00000044   Code   RO         6561    i.W25QXX_ReadID     w25qxx.o
    0x08010968   0x08010968   0x00000024   Code   RO         6562    i.W25QXX_ReadSR     w25qxx.o
    0x0801098c   0x0801098c   0x00000020   Code   RO         6563    i.W25QXX_ReadWriteByte  w25qxx.o
    0x080109ac   0x080109ac   0x0000000e   Code   RO         6565    i.W25QXX_Wait_Busy  w25qxx.o
    0x080109ba   0x080109ba   0x00000002   PAD
    0x080109bc   0x080109bc   0x0000009c   Code   RO         6566    i.W25QXX_Write      w25qxx.o
    0x08010a58   0x08010a58   0x0000001c   Code   RO         6568    i.W25QXX_Write_Enable  w25qxx.o
    0x08010a74   0x08010a74   0x0000003e   Code   RO         6569    i.W25QXX_Write_NoCheck  w25qxx.o
    0x08010ab2   0x08010ab2   0x00000002   PAD
    0x08010ab4   0x08010ab4   0x00000054   Code   RO         6570    i.W25QXX_Write_Page  w25qxx.o
    0x08010b08   0x08010b08   0x00000140   Code   RO         6697    i.WAV_Init          wav.o
    0x08010c48   0x08010c48   0x00000210   Code   RO         6698    i.WAV_ListView      wav.o
    0x08010e58   0x08010e58   0x00000080   Code   RO         6699    i.WAV_Play          wav.o
    0x08010ed8   0x08010ed8   0x00000514   Code   RO         6700    i.WAV_Run           wav.o
    0x080113ec   0x080113ec   0x00000070   Code   RO         6701    i.WAV_SetPlay_SamplesPerSec  wav.o
    0x0801145c   0x0801145c   0x00000034   Code   RO         6702    i.WAV_SetVolume     wav.o
    0x08011490   0x08011490   0x00000020   Code   RO         9378    i.__0printf$1       mc_w.l(printf1.o)
    0x080114b0   0x080114b0   0x00000020   Code   RO         2454    i.__NVIC_SetPriority  stm32f4xx_hal_cortex.o
    0x080114d0   0x080114d0   0x0000000e   Code   RO         9646    i.__scatterload_copy  mc_w.l(handlers.o)
    0x080114de   0x080114de   0x00000002   Code   RO         9647    i.__scatterload_null  mc_w.l(handlers.o)
    0x080114e0   0x080114e0   0x0000000e   Code   RO         9648    i.__scatterload_zeroinit  mc_w.l(handlers.o)
    0x080114ee   0x080114ee   0x00000002   PAD
    0x080114f0   0x080114f0   0x00000154   Code   RO         9385    i._printf_core      mc_w.l(printf1.o)
    0x08011644   0x08011644   0x0000001c   Code   RO         9252    i.alloc_pool        tjpgd.o
    0x08011660   0x08011660   0x00000074   Code   RO         6976    i.apu_build_luts    nes_apu.o
    0x080116d4   0x080116d4   0x00000020   Code   RO         6977    i.apu_dequeue       nes_apu.o
    0x080116f4   0x080116f4   0x000000cc   Code   RO         6978    i.apu_dmc           nes_apu.o
    0x080117c0   0x080117c0   0x00000010   Code   RO         6979    i.apu_dmcreload     nes_apu.o
    0x080117d0   0x080117d0   0x00000034   Code   RO         6980    i.apu_enqueue       nes_apu.o
    0x08011804   0x08011804   0x00000050   Code   RO         6982    i.apu_init          nes_apu.o
    0x08011854   0x08011854   0x000000a4   Code   RO         6983    i.apu_noise         nes_apu.o
    0x080118f8   0x080118f8   0x00000170   Code   RO         6984    i.apu_process       nes_apu.o
    0x08011a68   0x08011a68   0x00000104   Code   RO         6985    i.apu_rectangle     nes_apu.o
    0x08011b6c   0x08011b6c   0x000002cc   Code   RO         6986    i.apu_regwrite      nes_apu.o
    0x08011e38   0x08011e38   0x00000050   Code   RO         6987    i.apu_reset         nes_apu.o
    0x08011e88   0x08011e88   0x00000010   Code   RO         6988    i.apu_setchan       nes_apu.o
    0x08011e98   0x08011e98   0x00000068   Code   RO         6989    i.apu_setparams     nes_apu.o
    0x08011f00   0x08011f00   0x00000060   Code   RO         6990    i.apu_soundoutput   nes_apu.o
    0x08011f60   0x08011f60   0x00000090   Code   RO         6991    i.apu_triangle      nes_apu.o
    0x08011ff0   0x08011ff0   0x0000000c   Code   RO         7390    i.asm_Mapper_ReadLow  nes_mapper.o
    0x08011ffc   0x08011ffc   0x00000014   Code   RO         7391    i.asm_Mapper_Write  nes_mapper.o
    0x08012010   0x08012010   0x00000014   Code   RO         7392    i.asm_Mapper_WriteLow  nes_mapper.o
    0x08012024   0x08012024   0x00000010   Code   RO         8573    i.bg_enabled        nes_ppu.o
    0x08012034   0x08012034   0x00000088   Code   RO         9253    i.bitext            tjpgd.o
    0x080120bc   0x080120bc   0x000001bc   Code   RO         9254    i.block_idct        tjpgd.o
    0x08012278   0x08012278   0x000000d0   Code   RO         8872    i.check_fs          ff.o
    0x08012348   0x08012348   0x00000018   Code   RO         8873    i.clst2sect         ff.o
    0x08012360   0x08012360   0x00000080   Code   RO         8874    i.cmp_lfn           ff.o
    0x080123e0   0x080123e0   0x000000e0   Code   RO         8574    i.compile           nes_ppu.o
    0x080124c0   0x080124c0   0x000000da   Code   RO         8875    i.create_chain      ff.o
    0x0801259a   0x0801259a   0x00000002   PAD
    0x0801259c   0x0801259c   0x000000ca   Code   RO         9255    i.create_huffman_tbl  tjpgd.o
    0x08012666   0x08012666   0x00000002   PAD
    0x08012668   0x08012668   0x00000258   Code   RO         8876    i.create_name       ff.o
    0x080128c0   0x080128c0   0x00000016   Code   RO         8878    i.dbc_1st           ff.o
    0x080128d6   0x080128d6   0x00000002   Code   RO         7127    i.debug_6502        nes_main.o
    0x080128d8   0x080128d8   0x00000058   Code   RO         8879    i.dir_clear         ff.o
    0x08012930   0x08012930   0x000000be   Code   RO         8880    i.dir_find          ff.o
    0x080129ee   0x080129ee   0x000000ae   Code   RO         8881    i.dir_next          ff.o
    0x08012a9c   0x08012a9c   0x000000b6   Code   RO         8882    i.dir_read          ff.o
    0x08012b52   0x08012b52   0x00000002   PAD
    0x08012b54   0x08012b54   0x000001ec   Code   RO         8883    i.dir_register      ff.o
    0x08012d40   0x08012d40   0x00000082   Code   RO         8885    i.dir_sdi           ff.o
    0x08012dc2   0x08012dc2   0x0000000e   Code   RO         8803    i.disk_initialize   diskio.o
    0x08012dd0   0x08012dd0   0x00000014   Code   RO         8804    i.disk_ioctl        diskio.o
    0x08012de4   0x08012de4   0x0000001e   Code   RO         8805    i.disk_read         diskio.o
    0x08012e02   0x08012e02   0x0000000e   Code   RO         8806    i.disk_status       diskio.o
    0x08012e10   0x08012e10   0x0000001e   Code   RO         8807    i.disk_write        diskio.o
    0x08012e2e   0x08012e2e   0x00000002   PAD
    0x08012e30   0x08012e30   0x000000a8   Code   RO         8576    i.do_scanline_and_dont_draw  nes_ppu.o
    0x08012ed8   0x08012ed8   0x000000ac   Code   RO         8577    i.do_scanline_and_draw  nes_ppu.o
    0x08012f84   0x08012f84   0x00000018   Code   RO         8578    i.end_vblank        nes_ppu.o
    0x08012f9c   0x08012f9c   0x0000001e   Code   RO         8886    i.f_close           ff.o
    0x08012fba   0x08012fba   0x00000014   Code   RO         8887    i.f_closedir        ff.o
    0x08012fce   0x08012fce   0x00000134   Code   RO         8889    i.f_lseek           ff.o
    0x08013102   0x08013102   0x00000002   PAD
    0x08013104   0x08013104   0x0000004c   Code   RO         8892    i.f_mount           ff.o
    0x08013150   0x08013150   0x000001b2   Code   RO         8893    i.f_open            ff.o
    0x08013302   0x08013302   0x00000062   Code   RO         8894    i.f_opendir         ff.o
    0x08013364   0x08013364   0x00000144   Code   RO         8895    i.f_read            ff.o
    0x080134a8   0x080134a8   0x00000040   Code   RO         8896    i.f_readdir         ff.o
    0x080134e8   0x080134e8   0x0000008e   Code   RO         8899    i.f_sync            ff.o
    0x08013576   0x08013576   0x00000002   PAD
    0x08013578   0x08013578   0x0000004c   Code   RO         9161    i.ff_oem2uni        ffunicode.o
    0x080135c4   0x080135c4   0x00000050   Code   RO         9162    i.ff_uni2oem        ffunicode.o
    0x08013614   0x08013614   0x00000088   Code   RO         9163    i.ff_wtoupper       ffunicode.o
    0x0801369c   0x0801369c   0x00000076   Code   RO         8903    i.follow_path       ff.o
    0x08013712   0x08013712   0x00000002   PAD
    0x08013714   0x08013714   0x00000018   Code   RO         6511    i.fputc             uart.o
    0x0801372c   0x0801372c   0x0000009c   Code   RO         8904    i.gen_numname       ff.o
    0x080137c8   0x080137c8   0x000000be   Code   RO         8905    i.get_fat           ff.o
    0x08013886   0x08013886   0x00000002   PAD
    0x08013888   0x08013888   0x00000008   Code   RO         8808    i.get_fattime       diskio.o
    0x08013890   0x08013890   0x00000152   Code   RO         8906    i.get_fileinfo      ff.o
    0x080139e2   0x080139e2   0x00000002   PAD
    0x080139e4   0x080139e4   0x00000038   Code   RO         8907    i.get_ldnumber      ff.o
    0x08013a1c   0x08013a1c   0x000000be   Code   RO         9256    i.huffext           tjpgd.o
    0x08013ada   0x08013ada   0x00000002   PAD
    0x08013adc   0x08013adc   0x00000054   Code   RO         9193    i.in_func           jpeg.o
    0x08013b30   0x08013b30   0x00000082   Code   RO         9257    i.jd_decomp         tjpgd.o
    0x08013bb2   0x08013bb2   0x00000002   PAD
    0x08013bb4   0x08013bb4   0x000002b4   Code   RO         9258    i.jd_prepare        tjpgd.o
    0x08013e68   0x08013e68   0x00000026   Code   RO         8908    i.ld_clust          ff.o
    0x08013e8e   0x08013e8e   0x00000016   Code   RO         8909    i.ld_dword          ff.o
    0x08013ea4   0x08013ea4   0x0000000a   Code   RO         8910    i.ld_word           ff.o
    0x08013eae   0x08013eae   0x0000003a   Code   RO           15    i.main              main.o
    0x08013ee8   0x08013ee8   0x00000170   Code   RO         9259    i.mcu_load          tjpgd.o
    0x08014058   0x08014058   0x0000031c   Code   RO         9260    i.mcu_output        tjpgd.o
    0x08014374   0x08014374   0x00000254   Code   RO         8911    i.mount_volume      ff.o
    0x080145c8   0x080145c8   0x00000032   Code   RO         8912    i.move_window       ff.o
    0x080145fa   0x080145fa   0x00000002   PAD
    0x080145fc   0x080145fc   0x000001fc   Code   RO         6018    i.my_main           my_main.o
    0x080147f8   0x080147f8   0x00000010   Code   RO         6291    i.mypow             st7789.o
    0x08014808   0x08014808   0x00000058   Code   RO         7128    i.nes_apu_fill_buffer  nes_main.o
    0x08014860   0x08014860   0x000000c8   Code   RO         7129    i.nes_emulate_frame  nes_main.o
    0x08014928   0x08014928   0x000001ac   Code   RO         7130    i.nes_load          nes_main.o
    0x08014ad4   0x08014ad4   0x000000ec   Code   RO         7131    i.nes_load_rom      nes_main.o
    0x08014bc0   0x08014bc0   0x0000001e   Code   RO         9194    i.out_func          jpeg.o
    0x08014bde   0x08014bde   0x00000002   PAD
    0x08014be0   0x08014be0   0x00000074   Code   RO         8913    i.pick_lfn          ff.o
    0x08014c54   0x08014c54   0x000000ea   Code   RO         8914    i.put_fat           ff.o
    0x08014d3e   0x08014d3e   0x00000002   PAD
    0x08014d40   0x08014d40   0x00000050   Code   RO         8581    i.read_2007         nes_ppu.o
    0x08014d90   0x08014d90   0x00000074   Code   RO         8915    i.remove_chain      ff.o
    0x08014e04   0x08014e04   0x000002d8   Code   RO         8582    i.render_bg         nes_ppu.o
    0x080150dc   0x080150dc   0x000001cc   Code   RO         8583    i.render_spr        nes_ppu.o
    0x080152a8   0x080152a8   0x00000080   Code   RO         9261    i.restart           tjpgd.o
    0x08015328   0x08015328   0x000000a8   Code   RO         8585    i.scanline_draw     nes_ppu.o
    0x080153d0   0x080153d0   0x00000024   Code   RO         7400    i.set_CPU_banks     nes_mapper.o
    0x080153f4   0x080153f4   0x00000044   Code   RO         7401    i.set_PPU_bank0     nes_mapper.o
    0x08015438   0x08015438   0x00000044   Code   RO         7402    i.set_PPU_bank1     nes_mapper.o
    0x0801547c   0x0801547c   0x00000034   Code   RO         7403    i.set_PPU_bank10    nes_mapper.o
    0x080154b0   0x080154b0   0x00000034   Code   RO         7404    i.set_PPU_bank11    nes_mapper.o
    0x080154e4   0x080154e4   0x00000044   Code   RO         7405    i.set_PPU_bank2     nes_mapper.o
    0x08015528   0x08015528   0x00000044   Code   RO         7406    i.set_PPU_bank3     nes_mapper.o
    0x0801556c   0x0801556c   0x00000044   Code   RO         7407    i.set_PPU_bank4     nes_mapper.o
    0x080155b0   0x080155b0   0x00000044   Code   RO         7408    i.set_PPU_bank5     nes_mapper.o
    0x080155f4   0x080155f4   0x00000044   Code   RO         7409    i.set_PPU_bank6     nes_mapper.o
    0x08015638   0x08015638   0x00000044   Code   RO         7410    i.set_PPU_bank7     nes_mapper.o
    0x0801567c   0x0801567c   0x00000034   Code   RO         7411    i.set_PPU_bank8     nes_mapper.o
    0x080156b0   0x080156b0   0x00000034   Code   RO         7412    i.set_PPU_bank9     nes_mapper.o
    0x080156e4   0x080156e4   0x000000dc   Code   RO         7413    i.set_PPU_banks     nes_mapper.o
    0x080157c0   0x080157c0   0x00000030   Code   RO         7414    i.set_VRAM_bank     nes_mapper.o
    0x080157f0   0x080157f0   0x00000030   Code   RO         8586    i.set_mirroring     nes_ppu.o
    0x08015820   0x08015820   0x00000020   Code   RO         8587    i.set_name_table    nes_ppu.o
    0x08015840   0x08015840   0x00000014   Code   RO         8588    i.set_tile_bank     nes_ppu.o
    0x08015854   0x08015854   0x00000020   Code   RO         8589    i.set_tile_banks    nes_ppu.o
    0x08015874   0x08015874   0x0000002c   Code   RO         6992    i.shift_register15  nes_apu.o
    0x080158a0   0x080158a0   0x00000014   Code   RO         8590    i.spr_clip_left8    nes_ppu.o
    0x080158b4   0x080158b4   0x00000010   Code   RO         8591    i.spr_enabled       nes_ppu.o
    0x080158c4   0x080158c4   0x00000010   Code   RO         8592    i.sprite0_hit       nes_ppu.o
    0x080158d4   0x080158d4   0x00000010   Code   RO         8593    i.sprites_8x16      nes_ppu.o
    0x080158e4   0x080158e4   0x00000028   Code   RO         8916    i.st_clust          ff.o
    0x0801590c   0x0801590c   0x00000010   Code   RO         8917    i.st_dword          ff.o
    0x0801591c   0x0801591c   0x00000008   Code   RO         8918    i.st_word           ff.o
    0x08015924   0x08015924   0x00000018   Code   RO         8594    i.start_vblank      nes_ppu.o
    0x0801593c   0x0801593c   0x0000001a   Code   RO         8919    i.sum_sfn           ff.o
    0x08015956   0x08015956   0x00000002   PAD
    0x08015958   0x08015958   0x00000084   Code   RO         8920    i.sync_fs           ff.o
    0x080159dc   0x080159dc   0x00000046   Code   RO         8921    i.sync_window       ff.o
    0x08015a22   0x08015a22   0x00000002   PAD
    0x08015a24   0x08015a24   0x000000c0   Code   RO         8595    i.update_tile       nes_ppu.o
    0x08015ae4   0x08015ae4   0x00000034   Code   RO         8922    i.validate          ff.o
    0x08015b18   0x08015b18   0x00000068   Code   RO         8596    i.write_2007        nes_ppu.o
    0x08015b80   0x08015b80   0x000001d4   Code   RO         8781    io_code             6502.o
    0x08015d54   0x08015d54   0x000001cc   Code   RO         8778    rom_code            6502.o
    0x08015f20   0x08015f20   0x000000a4   Code   RO         8780    rwram_code          6502.o
    0x08015fc4   0x08015fc4   0x00000024   Data   RO          844    .constdata          usbd_storage_if.o
    0x08015fe8   0x08015fe8   0x00000008   Data   RO         2171    .constdata          stm32f4xx_hal_dma.o
    0x08015ff0   0x08015ff0   0x00000010   Data   RO         5402    .constdata          system_stm32f4xx.o
    0x08016000   0x08016000   0x00000008   Data   RO         5403    .constdata          system_stm32f4xx.o
    0x08016008   0x08016008   0x00002102   Data   RO         6292    .constdata          st7789.o
    0x0801810a   0x0801810a   0x00001c00   Data   RO         6704    .constdata          wav.o
    0x08019d0a   0x08019d0a   0x00007080   Data   RO         6779    .constdata          menu.o
    0x08020d8a   0x08020d8a   0x00000002   PAD
    0x08020d8c   0x08020d8c   0x000000d0   Data   RO         6993    .constdata          nes_apu.o
    0x08020e5c   0x08020e5c   0x000000bc   Data   RO         7416    .constdata          nes_mapper.o
    0x08020f18   0x08020f18   0x00000100   Data   RO         8598    .constdata          nes_ppu.o
    0x08021018   0x08021018   0x0000003c   Data   RO         8924    .constdata          ff.o
    0x08021054   0x08021054   0x0000e99e   Data   RO         9164    .constdata          ffunicode.o
    0x0802f9f2   0x0802f9f2   0x000004c0   Data   RO         9262    .constdata          tjpgd.o
    0x0802feb2   0x0802feb2   0x00000002   PAD
    0x0802feb4   0x0802feb4   0x00000030   Data   RO         9644    Region$$Table       anon$$obj.o


    Execution Region RW_IRAM2 (Exec base: 0x10000000, Load base: 0x0802fff8, Size: 0x0000c800, Max: 0x00010000, ABSOLUTE, COMPRESSED[0x00000194])

    Exec Addr    Load Addr    Size         Type   Attr      Idx    E Section Name        Object

    0x10000000   COMPRESSED   0x0000c800   Data   RW         7136    ccmram              nes_main.o


    Execution Region RW_IRAM1 (Exec base: 0x20000000, Load base: 0x0802fee4, Size: 0x00019888, Max: 0x00020000, ABSOLUTE, COMPRESSED[0x00000114])

    Exec Addr    Load Addr    Size         Type   Attr      Idx    E Section Name        Object

    0x20000000   COMPRESSED   0x0000001c   Data   RW          760    .data               usbd_desc.o
    0x2000001c   COMPRESSED   0x00000032   Data   RW          761    .data               usbd_desc.o
    0x2000004e   COMPRESSED   0x00000002   PAD
    0x20000050   COMPRESSED   0x00000020   Data   RW          845    .data               usbd_storage_if.o
    0x20000070   COMPRESSED   0x0000000c   Data   RW         2598    .data               stm32f4xx_hal.o
    0x2000007c   COMPRESSED   0x00000004   Data   RW         5404    .data               system_stm32f4xx.o
    0x20000080   COMPRESSED   0x00000001   Data   RW         5606    .data               usbd_ctlreq.o
    0x20000081   COMPRESSED   0x00000003   PAD
    0x20000084   COMPRESSED   0x00000038   Data   RW         5740    .data               usbd_msc.o
    0x200000bc   COMPRESSED   0x0000002e   Data   RW         5741    .data               usbd_msc.o
    0x200000ea   COMPRESSED   0x00000006   Data   RW         5886    .data               usbd_msc_data.o
    0x200000f0   COMPRESSED   0x00000008   Data   RW         5887    .data               usbd_msc_data.o
    0x200000f8   COMPRESSED   0x00000017   Data   RW         5888    .data               usbd_msc_data.o
    0x2000010f   COMPRESSED   0x0000001b   Data   RW         5889    .data               usbd_msc_data.o
    0x2000012a   COMPRESSED   0x00000002   PAD
    0x2000012c   COMPRESSED   0x0000000c   Data   RW         6020    .data               my_main.o
    0x20000138   COMPRESSED   0x00000002   Data   RW         6230    .data               key.o
    0x2000013a   COMPRESSED   0x00000002   PAD
    0x2000013c   COMPRESSED   0x00000008   Data   RW         6459    .data               timer.o
    0x20000144   COMPRESSED   0x00000002   Data   RW         6573    .data               w25qxx.o
    0x20000146   COMPRESSED   0x00000002   PAD
    0x20000148   COMPRESSED   0x00000020   Data   RW         6705    .data               wav.o
    0x20000168   COMPRESSED   0x00000003   Data   RW         6780    .data               menu.o
    0x2000016b   COMPRESSED   0x0000000d   Data   RW         6829    .data               calendar.o
    0x20000178   COMPRESSED   0x000003e8   Data   RW         6830    .data               calendar.o
    0x20000560   COMPRESSED   0x00000002   Data   RW         6937    .data               game.o
    0x20000562   COMPRESSED   0x00000002   PAD
    0x20000564   COMPRESSED   0x00000008   Data   RW         6994    .data               nes_apu.o
    0x2000056c   COMPRESSED   0x0000005c   Data   RW         7134    .data               nes_main.o
    0x200005c8   COMPRESSED   0x00000001   Data   RW         7135    .data               nes_main.o
    0x200005c9   COMPRESSED   0x00000003   PAD
    0x200005cc   COMPRESSED   0x00000014   Data   RW         7417    .data               nes_mapper.o
    0x200005e0   COMPRESSED   0x0000000c   Data   RW         8599    .data               nes_ppu.o
    0x200005ec   COMPRESSED   0x00000002   Data   RW         8926    .data               ff.o
    0x200005ee   COMPRESSED   0x0000000e   Data   RW         9196    .data               jpeg.o
    0x200005fc   COMPRESSED   0x00000004   Data   RW         9622    .data               mc_w.l(stdout.o)
    0x20000600   COMPRESSED   0x000000ac   Data   RW         8783    wram_globals0       6502.o
    0x200006ac        -       0x00000048   Zero   RW          258    .bss                adc.o
    0x200006f4        -       0x00000074   Zero   RW          300    .bss                dac.o
    0x20000768        -       0x00000020   Zero   RW          366    .bss                rtc.o
    0x20000788        -       0x00000044   Zero   RW          510    .bss                usart.o
    0x200007cc        -       0x00000020   Zero   RW         1870    .bss                stm32f4xx_hal_flash.o
    0x200007ec   COMPRESSED   0x00000014   PAD
    0x20000800        -       0x00000800   Zero   RW         7132    .ARM.__AT_0x20000800  nes_main.o
    0x20001000        -       0x00000170   Zero   RW          409    .bss                spi.o
    0x20001170        -       0x00000090   Zero   RW          458    .bss                tim.o
    0x20001200        -       0x000002dc   Zero   RW          698    .bss                usb_device.o
    0x200014dc        -       0x00000200   Zero   RW          759    .bss                usbd_desc.o
    0x200016dc        -       0x00000784   Zero   RW          936    .bss                usbd_conf.o
    0x20001e60        -       0x00000248   Zero   RW         6019    .bss                my_main.o
    0x200020a8        -       0x00001000   Zero   RW         6572    .bss                w25qxx.o
    0x200030a8        -       0x00003618   Zero   RW         6703    .bss                wav.o
    0x200066c0        -       0x00000098   Zero   RW         6828    .bss                calendar.o
    0x20006758        -       0x00002334   Zero   RW         6936    .bss                game.o
    0x20008a8c        -       0x0000553e   Zero   RW         7133    .bss                nes_main.o
    0x2000dfca   COMPRESSED   0x00000002   PAD
    0x2000dfcc        -       0x00000034   Zero   RW         7415    .bss                nes_mapper.o
    0x2000e000        -       0x00008000   Zero   RW         8597    .bss                nes_ppu.o
    0x20016000        -       0x0000020c   Zero   RW         8923    .bss                ff.o
    0x2001620c        -       0x00002e7c   Zero   RW         9195    .bss                jpeg.o
    0x20019088        -       0x00000800   Zero   RW            1    STACK               startup_stm32f407xx.o


==============================================================================

Image component sizes


      Code (inc. data)   RO Data    RW Data    ZI Data      Debug   Object Name

     13054       1196          0        172          0       2980   6502.o
       196         24          0          0         72       1665   adc.o
      3360        128          0       1013        152       7487   calendar.o
       220         32          0          0        116       1717   dac.o
       116          4          0          0          0       4900   diskio.o
        92          4          0          0          0        810   dma.o
       144          0          0          0          0       1674   fatfs.o
      6336         84         60          2        524      54855   ff.o
       292         28      59806          0          0       3364   ffunicode.o
       780         32          0          2       9012       2881   game.o
       240         18          0          0          0       1023   gpio.o
       290         46          0          0          0       2646   in_flash.o
      1346        212          0         14      11900       6074   jpeg.o
       316         12          0          2          0        931   key.o
       218         10          0          0          0     765004   main.o
       752         66      28800          3          0       2357   menu.o
       508         88          0         12        584     575748   my_main.o
      2666        170        208          8          0      19433   nes_apu.o
      1358        118          0      51293      23870      15053   nes_main.o
     17322       1790        188         20         52     133506   nes_mapper.o
      3060        158        256         12      32768      21139   nes_ppu.o
       296         16          0          0         32       1703   rtc.o
       480         46          0          0        368       2584   spi.o
      2770         58       8450          0          0      19026   st7789.o
        36          8        392          0       2048        828   startup_stm32f407xx.o
       180         28          0         12          0       9337   stm32f4xx_hal.o
      1144         52          0          0          0       5781   stm32f4xx_hal_adc.o
       198         14          0          0          0      33887   stm32f4xx_hal_cortex.o
       254          0          0          0          0       4045   stm32f4xx_hal_dac.o
       944         16          8          0          0       6965   stm32f4xx_hal_dma.o
       520         66          0          0         32       6494   stm32f4xx_hal_flash.o
       356         24          0          0          0       3950   stm32f4xx_hal_flash_ex.o
       506         46          0          0          0       2168   stm32f4xx_hal_gpio.o
        48          6          0          0          0        838   stm32f4xx_hal_msp.o
      2690         12          0          0          0      14303   stm32f4xx_hal_pcd.o
        78          0          0          0          0       2361   stm32f4xx_hal_pcd_ex.o
      1356         78          0          0          0       5656   stm32f4xx_hal_rcc.o
       316         20          0          0          0       1368   stm32f4xx_hal_rcc_ex.o
      1354         44          0          0          0      10019   stm32f4xx_hal_rtc.o
       298         14          0          0          0       2616   stm32f4xx_hal_rtc_ex.o
      1094         32          0          0          0       9129   stm32f4xx_hal_spi.o
      1794        108          0          0          0      15234   stm32f4xx_hal_tim.o
       148         28          0          0          0       2417   stm32f4xx_hal_tim_ex.o
       664         10          0          0          0       4156   stm32f4xx_hal_uart.o
       116         48          0          0          0       7802   stm32f4xx_it.o
      2888        134          0          0          0      23715   stm32f4xx_ll_usb.o
        16          4         24          4          0       1103   system_stm32f4xx.o
       424         34          0          0        144       3069   tim.o
       132         32          0          8          0       1771   timer.o
      3114         42       1216          0          0      13369   tjpgd.o
        24          4          0          0          0        500   uart.o
       164         22          0          0         68       1678   usart.o
        84         18          0          0        732       5495   usb_device.o
       686         24          0          0       1924      17234   usbd_conf.o
       916          0          0          0          0      15259   usbd_core.o
      1328         28          0          1          0      14796   usbd_ctlreq.o
       284        100          0         78        512       6085   usbd_desc.o
       102          0          0          0          0       3764   usbd_ioreq.o
       698         26          0        102          0       9789   usbd_msc.o
       842         58          0          0          0       7650   usbd_msc_bot.o
         0          0          0         64          0        913   usbd_msc_data.o
      2434         36          0          0          0      17184   usbd_msc_scsi.o
        66          0         36         32          0       4595   usbd_storage_if.o
       782         52          0          2       4096      10550   w25qxx.o
      2440        542       7168         32      13848       9372   wav.o

    ----------------------------------------------------------------------
     87840       6150     106664      52904     102876    1965805   Object Totals
         0          0         48          0          0          0   (incl. Generated)
       110          0          4         16         22          0   (incl. Padding)

    ----------------------------------------------------------------------

      Code (inc. data)   RO Data    RW Data    ZI Data      Debug   Library Member Name

        86          0          0          0          0          0   __dczerorl2.o
         0          0          0          0          0          0   entry.o
         0          0          0          0          0          0   entry10a.o
         0          0          0          0          0          0   entry11a.o
         8          4          0          0          0          0   entry2.o
         4          0          0          0          0          0   entry5.o
         0          0          0          0          0          0   entry7b.o
         0          0          0          0          0          0   entry8b.o
         8          4          0          0          0          0   entry9a.o
        30          0          0          0          0          0   handlers.o
        36          8          0          0          0         68   init.o
         0          0          0          0          0          0   iusefp.o
        30          0          0          0          0         68   llshl.o
        32          0          0          0          0         68   llushr.o
        26          0          0          0          0         80   memcmp.o
        36          0          0          0          0         68   memcpya.o
        36          0          0          0          0        108   memseta.o
       372         14          0          0          0        184   printf1.o
         0          0          0          4          0          0   stdout.o
        42          0          0          0          0         84   strcasecmp.o
        20          0          0          0          0         68   strchr.o
        18          0          0          0          0         68   strcpy.o
        32          0          0          0          0         68   strrchr.o
        12          0          0          0          0         68   tolower.o
        44          0          0          0          0         80   uidiv.o
        98          0          0          0          0         92   uldiv.o
       222          0          0          0          0        100   ddiv.o
       186          0          0          0          0        176   depilogue.o
        62          0          0          0          0         80   dfixi.o
        50          0          0          0          0         76   dfixui.o
        34          0          0          0          0         76   dflti.o
        26          0          0          0          0         76   dfltui.o
       228          0          0          0          0         96   dmul.o
        38          0          0          0          0         68   f2d.o

    ----------------------------------------------------------------------
      1820         30          0          4          0       1920   Library Totals
         4          0          0          0          0          0   (incl. Padding)

    ----------------------------------------------------------------------

      Code (inc. data)   RO Data    RW Data    ZI Data      Debug   Library Name

       970         30          0          4          0       1172   mc_w.l
       846          0          0          0          0        748   mf_w.l

    ----------------------------------------------------------------------
      1820         30          0          4          0       1920   Library Totals

    ----------------------------------------------------------------------

==============================================================================


      Code (inc. data)   RO Data    RW Data    ZI Data      Debug   

     89660       6180     106664      52908     102876    1900321   Grand Totals
     89660       6180     106664        680     102876    1900321   ELF Image Totals (compressed)
     89660       6180     106664        680          0          0   ROM Totals

==============================================================================

    Total RO  Size (Code + RO Data)               196324 ( 191.72kB)
    Total RW  Size (RW Data + ZI Data)            155784 ( 152.13kB)
    Total ROM Size (Code + RO Data + RW Data)     197004 ( 192.39kB)

==============================================================================

